Microchip MPLAB XC8 Compiler V1.45 ()

Linker command line:

-W-3 --edf=C:\Program Files (x86)\Microchip\xc8\v1.45\dat\en_msgs.txt -cs \
  -h+dist/default/production\EthernetDevBoard.X.production.sym \
  --cmf=dist/default/production\EthernetDevBoard.X.production.cmf -z \
  -Q18F25K50 -oC:\Users\stefa\AppData\Local\Temp\sif0.2 \
  -Mdist/default/production/EthernetDevBoard.X.production.map -E1 -ver=XC8 \
  -ASTACK=04BDh-07ffh -pstack=STACK -ACODE=00h-07FFFh -ACONST=00h-07FFFh \
  -ASMALLCONST=0800h-08FFhx120 -AMEDIUMCONST=0800h-07FFFh -ACOMRAM=01h-05Fh \
  -AABS1=00h-07FFh -ABIGRAM=01h-07FFh -ARAM=060h-0FFh,0100h-01FFhx7 \
  -ABANK0=060h-0FFh -ABANK1=0100h-01FFh -ABANK2=0200h-02FFh \
  -ABANK3=0300h-03FFh -ABANK4=0400h-04FFh -ABANK5=0500h-05FFh \
  -ABANK6=0600h-06FFh -ABANK7=0700h-07FFh -ASFR=0F53h-0F5Fh,0F60h-0FFFh \
  -preset_vec=00h,intcode=08h,intcodelo,powerup,init -pramtop=0800h \
  -psmallconst=SMALLCONST -pmediumconst=MEDIUMCONST -pconst=CONST \
  -AFARRAM=00h-00h -ACONFIG=0300000h-030000Dh -pconfig=CONFIG \
  -AIDLOC=0200000h-0200007h -pidloc=IDLOC -AEEDATA=0F00000h-0F000FFh \
  -peeprom_data=EEDATA \
  -prdata=COMRAM,nvrram=COMRAM,nvbit=COMRAM,rbss=COMRAM,rbit=COMRAM \
  -pfarbss=FARRAM,fardata=FARRAM,nvFARRAM=FARRAM \
  -pintsave_regs=BIGRAM,bigbss=BIGRAM,bigdata=BIGRAM -pbss=RAM \
  -pidata=CODE,irdata=CODE,ibigdata=CODE,ifardata=CODE -prparam=COMRAM \
  C:\Users\stefa\AppData\Local\Temp\sif0.obj \
  dist/default/production\EthernetDevBoard.X.production.obj 

Object code version is 3.11

Machine type is 18F25K50

Call graph: (short form)




                Name                               Link     Load   Length Selector   Space Scale
C:\Users\stefa\AppData\Local\Temp\sif0.obj
                init                                 E8       E8        4        4       0
                reset_vec                             0        0        4        0       0
                idloc                            200000   200000        8   200000       0
                config                           300000   300000        E   300000       0
dist/default/production\EthernetDevBoard.X.production.obj
                intcode                               8        8       E0        4       0
                temp                                 51       51        1        1       1
                mediumconst                        78D2     78D2      72E     3C69       0
                text123                            4C68     4C68       AC        4       0
                text122                            5982     5982       52        4       0
                text121                            521E     521E       7E        4       0
                text120                            4998     4998       BE        4       0
                text119                            6250     6250        E        4       0
                text117                            6224     6224       10        4       0
                text116                            613C     613C       1C        4       0
                text115                            563C     563C       6A        4       0
                text114                            570E     570E       64        4       0
                text113                            5DB8     5DB8       36        4       0
                text112                            6172     6172       1A        4       0
                text111                            6290     6290        6        4       0
                text110                            6098     6098       24        4       0
                text109                            5884     5884       56        4       0
                text108                            6202     6202       12        4       0
                text107                            5C1C     5C1C       42        4       0
                text106                            4B08     4B08       B2        4       0
                text105                            5CD6     5CD6       3C        4       0
                text104                            55CC     55CC       70        4       0
                text103                            5D82     5D82       36        4       0
                text102                            5F60     5F60       2A        4       0
                text101                            5F36     5F36       2A        4       0
                text100                            618C     618C       18        4       0
                text99                             6074     6074       24        4       0
                text98                             5FDA     5FDA       28        4       0
                text97                             5C9A     5C9A       3C        4       0
                text96                             5316     5316       78        4       0
                text95                             519E     519E       80        4       0
                text94                             5A72     5A72       4E        4       0
                text93                             5FB2     5FB2       28        4       0
                text92                             4A56     4A56       B2        4       0
                text91                             4482     4482      11E        4       0
                text90                             5D4A     5D4A       38        4       0
                text89                             5D12     5D12       38        4       0
                text88                              5F6      5F6      4DC        4       0
                text87                             48B0     48B0       E8        4       0
                text86                             604E     604E       26        4       0
                text85                             23DE     23DE      278        4       0
                text84                             5476     5476       74        4       0
                text83                             6028     6028       26        4       0
                text82                             4E56     4E56       9E        4       0
                text81                             592E     592E       54        4       0
                text80                             5B96     5B96       44        4       0
                text79                             2D2C     2D2C      1EE        4       0
                text78                             2AF2     2AF2      23A        4       0
                text77                             6002     6002       26        4       0
                text76                             582C     582C       58        4       0
                text75                             57D0     57D0       5C        4       0
                text74                             1E96     1E96      2CE        4       0
                text73                             61B8     61B8       14        4       0
                text72                             61F0     61F0       12        4       0
                text71                             38E8     38E8      178        4       0
                text70                             5E84     5E84       30        4       0
                text69                             46AA     46AA      108        4       0
                text68                             5E54     5E54       30        4       0
                text67                             3446     3446      198        4       0
                text66                             5402     5402       74        4       0
                text65                             500C     500C       8A        4       0
                text64                             6242     6242        E        4       0
                text63                             6296     6296        2        4       0
                text62                             625E     625E        C        4       0
                text61                             5F8A     5F8A       28        4       0
                text60                             6288     6288        8        4       0
                text59                             627E     627E        A        4       0
                text58                             5F0C     5F0C       2A        4       0
                text57                             5EE2     5EE2       2A        4       0
                text56                             5A24     5A24       4E        4       0
                text55                             45A0     45A0      10A        4       0
                text54                             4DB6     4DB6       A0        4       0
                text53                             61DE     61DE       12        4       0
                text52                             5AC0     5AC0       4C        4       0
                text51                             3D26     3D26      158        4       0
                text50                             4EF4     4EF4       8E        4       0
                text49                             4360     4360      122        4       0
                text48                             4F82     4F82       8A        4       0
                text47                             511A     511A       84        4       0
                text46                             56A6     56A6       68        4       0
                text45                             47B2     47B2       FE        4       0
                text44                             58DA     58DA       54        4       0
                text43                             5E22     5E22       32        4       0
                text42                             60BC     60BC       22        4       0
                text41                             5772     5772       5E        4       0
                text40                             5BDA     5BDA       42        4       0
                text39                             13A8     13A8      3FA        4       0
                text38                             61CC     61CC       12        4       0
                text37                             35DE     35DE      188        4       0
                text36                             6274     6274        A        4       0
                text35                             6234     6234        E        4       0
                text34                             5C5E     5C5E       3C        4       0
                text33                             2F1A     2F1A      1E2        4       0
                text32                             5B52     5B52       44        4       0
                text31                             555C     555C       70        4       0
                text30                             1B7A     1B7A      31C        4       0
                text29                             538E     538E       74        4       0
                text28                             529C     529C       7A        4       0
                text27                             3BCE     3BCE      158        4       0
                text26                             30FC     30FC      1B0        4       0
                text25                             40FE     40FE      134        4       0
                text24                             4BBA     4BBA       AE        4       0
                text23                              F4C      F4C      45C        4       0
                text22                             60FE     60FE       20        4       0
                text21                             3FC8     3FC8      136        4       0
                text20                             3A60     3A60      16E        4       0
                text19                             2164     2164      27A        4       0
                text18                             32AC     32AC      19A        4       0
                text17                             59D4     59D4       50        4       0
                text16                             28A8     28A8      24A        4       0
                text15                             2656     2656      252        4       0
                text14                              AD2      AD2      47A        4       0
                text13                             3E7E     3E7E      14A        4       0
                text12                             54EA     54EA       72        4       0
                text11                             5B0C     5B0C       46        4       0
                text10                             5EB4     5EB4       2E        4       0
                text9                              3766     3766      182        4       0
                text8                              61A4     61A4       14        4       0
                text7                                EC       EC      50A        4       0
                text6                              4232     4232      12E        4       0
                text5                              4D14     4D14       A2        4       0
                text4                              6158     6158       1A        4       0
                text3                              6214     6214       10        4       0
                text2                              60DE     60DE       20        4       0
                text1                              626A     626A        A        4       0
                text0                              17A2     17A2      3D8        4       0
                cstackCOMRAM                          1        1       28        1       1
                cstackBANK0                          60       60       A0       60       1
                cstackBANK1                         100      100       FE      100       1
                cstackBANK2                         2BF      2BF       19      200       1
                cstackBANK4                         470      470       2F      400       1
                dataBANK4                           49F      49F       1E      400       1
                bssBANK4                            400      400       70      400       1
                bssBANK3                            300      300       EF      300       1
                dataBANK2                           28B      28B       34      200       1
                bssBANK2                            200      200       8B      200       1
                bssBANK1                            1FE      1FE        1      100       1
                bssCOMRAM                            29       29       27        1       1
                bitbssCOMRAM                        280       50        4        1       1     8
                cinit                              5096     5096       84        4       0
                idataBANK4                         611E     611E       1E        4       0
                idataBANK2                         5DEE     5DEE       34        4       0

TOTAL           Name                               Link     Load   Length     Space
        CLASS   STACK          

        CLASS   CODE           
                intcode                               8        8       E0         0
                init                                 E8       E8        4         0
                reset_vec                             0        0        4         0
                text123                            4C68     4C68       AC         0
                text122                            5982     5982       52         0
                text121                            521E     521E       7E         0
                text120                            4998     4998       BE         0
                text119                            6250     6250        E         0
                text117                            6224     6224       10         0
                text116                            613C     613C       1C         0
                text115                            563C     563C       6A         0
                text114                            570E     570E       64         0
                text113                            5DB8     5DB8       36         0
                text112                            6172     6172       1A         0
                text111                            6290     6290        6         0
                text110                            6098     6098       24         0
                text109                            5884     5884       56         0
                text108                            6202     6202       12         0
                text107                            5C1C     5C1C       42         0
                text106                            4B08     4B08       B2         0
                text105                            5CD6     5CD6       3C         0
                text104                            55CC     55CC       70         0
                text103                            5D82     5D82       36         0
                text102                            5F60     5F60       2A         0
                text101                            5F36     5F36       2A         0
                text100                            618C     618C       18         0
                text99                             6074     6074       24         0
                text98                             5FDA     5FDA       28         0
                text97                             5C9A     5C9A       3C         0
                text96                             5316     5316       78         0
                text95                             519E     519E       80         0
                text94                             5A72     5A72       4E         0
                text93                             5FB2     5FB2       28         0
                text92                             4A56     4A56       B2         0
                text91                             4482     4482      11E         0
                text90                             5D4A     5D4A       38         0
                text89                             5D12     5D12       38         0
                text88                              5F6      5F6      4DC         0
                text87                             48B0     48B0       E8         0
                text86                             604E     604E       26         0
                text85                             23DE     23DE      278         0
                text84                             5476     5476       74         0
                text83                             6028     6028       26         0
                text82                             4E56     4E56       9E         0
                text81                             592E     592E       54         0
                text80                             5B96     5B96       44         0
                text79                             2D2C     2D2C      1EE         0
                text78                             2AF2     2AF2      23A         0
                text77                             6002     6002       26         0
                text76                             582C     582C       58         0
                text75                             57D0     57D0       5C         0
                text74                             1E96     1E96      2CE         0
                text73                             61B8     61B8       14         0
                text72                             61F0     61F0       12         0
                text71                             38E8     38E8      178         0
                text70                             5E84     5E84       30         0
                text69                             46AA     46AA      108         0
                text68                             5E54     5E54       30         0
                text67                             3446     3446      198         0
                text66                             5402     5402       74         0
                text65                             500C     500C       8A         0
                text64                             6242     6242        E         0
                text63                             6296     6296        2         0
                text62                             625E     625E        C         0
                text61                             5F8A     5F8A       28         0
                text60                             6288     6288        8         0
                text59                             627E     627E        A         0
                text58                             5F0C     5F0C       2A         0
                text57                             5EE2     5EE2       2A         0
                text56                             5A24     5A24       4E         0
                text55                             45A0     45A0      10A         0
                text54                             4DB6     4DB6       A0         0
                text53                             61DE     61DE       12         0
                text52                             5AC0     5AC0       4C         0
                text51                             3D26     3D26      158         0
                text50                             4EF4     4EF4       8E         0
                text49                             4360     4360      122         0
                text48                             4F82     4F82       8A         0
                text47                             511A     511A       84         0
                text46                             56A6     56A6       68         0
                text45                             47B2     47B2       FE         0
                text44                             58DA     58DA       54         0
                text43                             5E22     5E22       32         0
                text42                             60BC     60BC       22         0
                text41                             5772     5772       5E         0
                text40                             5BDA     5BDA       42         0
                text39                             13A8     13A8      3FA         0
                text38                             61CC     61CC       12         0
                text37                             35DE     35DE      188         0
                text36                             6274     6274        A         0
                text35                             6234     6234        E         0
                text34                             5C5E     5C5E       3C         0
                text33                             2F1A     2F1A      1E2         0
                text32                             5B52     5B52       44         0
                text31                             555C     555C       70         0
                text30                             1B7A     1B7A      31C         0
                text29                             538E     538E       74         0
                text28                             529C     529C       7A         0
                text27                             3BCE     3BCE      158         0
                text26                             30FC     30FC      1B0         0
                text25                             40FE     40FE      134         0
                text24                             4BBA     4BBA       AE         0
                text23                              F4C      F4C      45C         0
                text22                             60FE     60FE       20         0
                text21                             3FC8     3FC8      136         0
                text20                             3A60     3A60      16E         0
                text19                             2164     2164      27A         0
                text18                             32AC     32AC      19A         0
                text17                             59D4     59D4       50         0
                text16                             28A8     28A8      24A         0
                text15                             2656     2656      252         0
                text14                              AD2      AD2      47A         0
                text13                             3E7E     3E7E      14A         0
                text12                             54EA     54EA       72         0
                text11                             5B0C     5B0C       46         0
                text10                             5EB4     5EB4       2E         0
                text9                              3766     3766      182         0
                text8                              61A4     61A4       14         0
                text7                                EC       EC      50A         0
                text6                              4232     4232      12E         0
                text5                              4D14     4D14       A2         0
                text4                              6158     6158       1A         0
                text3                              6214     6214       10         0
                text2                              60DE     60DE       20         0
                text1                              626A     626A        A         0
                text0                              17A2     17A2      3D8         0
                cinit                              5096     5096       84         0
                idataBANK4                         611E     611E       1E         0
                idataBANK2                         5DEE     5DEE       34         0

        CLASS   CONST          

        CLASS   SMALLCONST     

        CLASS   MEDIUMCONST    
                mediumconst                        78D2     78D2      72E         0

        CLASS   COMRAM         
                temp                                 51       51        1         1
                cstackCOMRAM                          1        1       28         1
                bssCOMRAM                            29       29       27         1
                bitbssCOMRAM                        280       50        4         1

        CLASS   ABS1           

        CLASS   BIGRAM         

        CLASS   RAM            

        CLASS   BANK0          
                cstackBANK0                          60       60       A0         1

        CLASS   BANK1          
                cstackBANK1                         100      100       FE         1
                bssBANK1                            1FE      1FE        1         1

        CLASS   BANK2          
                cstackBANK2                         2BF      2BF       19         1
                dataBANK2                           28B      28B       34         1
                bssBANK2                            200      200       8B         1

        CLASS   BANK3          
                bssBANK3                            300      300       EF         1

        CLASS   BANK4          
                cstackBANK4                         470      470       2F         1
                dataBANK4                           49F      49F       1E         1
                bssBANK4                            400      400       70         1

        CLASS   BANK5          

        CLASS   BANK6          

        CLASS   BANK7          

        CLASS   SFR            

        CLASS   FARRAM         

        CLASS   CONFIG         
                config                           300000   300000        E         0

        CLASS   IDLOC          
                idloc                            200000   200000        8         0

        CLASS   EEDATA         



SEGMENTS        Name                           Load    Length   Top    Selector   Space  Class

                reset_vec                      000000  000004  000004         0       0  CODE    
                cstackCOMRAM                   000001  000051  000052         1       1  COMRAM  
                intcode                        000008  006290  006298         4       0  CODE    
                cstackBANK0                    000060  0000A0  000100        60       1  BANK0   
                cstackBANK1                    000100  0000FF  0001FF       100       1  BANK1   
                bssBANK2                       000200  0000D8  0002D8       200       1  BANK2   
                bssBANK3                       000300  0000EF  0003EF       300       1  BANK3   
                bssBANK4                       000400  0000BD  0004BD       400       1  BANK4   
                mediumconst                    0078D2  00072E  008000      3C69       0  MEDIUMCO
                idloc                          200000  000008  200008    200000       0  IDLOC   
                config                         300000  00000E  30000E    300000       0  CONFIG  


UNUSED ADDRESS RANGES

        Name                Unused          Largest block    Delta
        BANK1            0001FF-0001FF                1
        BANK2            0002D8-0002FF               28
        BANK3            0003EF-0003FF               11
        BANK4            0004BD-0004FF               43
        BANK5            000500-0005FF              100
        BANK6            000600-0006FF              100
        BANK7            000700-0007FF              100
        BIGRAM           000052-00005F                E
                         0001FF-0001FF                1
                         0002D8-0002FF               28
                         0003EF-0003FF               11
                         0004BD-0007FF              343
        CODE             000004-000007                4
                         006298-0078D1             163A
        COMRAM           000052-00005F                E
        CONST            000004-000007                4
                         006298-0078D1             163A
        EEDATA           F00000-F000FF              100
        MEDIUMCONST      006298-0078D1             163A
        RAM              0001FF-0001FF                1
                         0002D8-0002FF               28
                         0003EF-0003FF               11
                         0004BD-0007FF              100
        SFR              000F53-000FFF                D
        SMALLCONST       006298-0078D1              100
        STACK            0004BD-0007FF              343

                                  Symbol Table

?___awmod                                                 cstackBANK0  00006E
?___lldiv                                                 cstackBANK0  000060
?___llmod                                                 cstackBANK0  000060
?___lmul                                                  cstackBANK0  000060
?___lwdiv                                                 cstackBANK0  000060
?___lwmod                                                 cstackBANK0  00006E
?___wmul                                                  cstackBANK0  000060
?_arp_background                                          cstackBANK1  000151
?_arp_getEntryFromTable                                   cstackBANK0  000060
?_arp_gratuitous                                          cstackBANK1  000134
?_arp_parseFromRXBuffer                                   cstackBANK0  000074
?_arp_probe                                               cstackBANK1  000134
?_enc424j600_getInterruptFlags                            cstackBANK0  00006E
?_enc424j600_getNextPacketPointer                         cstackBANK0  000060
?_enc424j600_updateReceiveStatusVector                    cstackBANK0  000060
?_etherTypeToString                                       cstackBANK0  000060
?_ethernetController_checkDeviceId                        cstackBANK0  00006E
?_ethernetController_dropPacket                           cstackBANK0  000072
?_ethernetController_getDeviceName                        cstackBANK0  000060
?_ethernetController_getEtherTypeField                    cstackBANK0  00006F
?_ethernetController_getMTU                               cstackBANK0  000060
?_ethernetController_getMacAddress                        cstackBANK0  00006E
?_ethernetController_getNextPacketPointer                 cstackBANK0  000062
?_ethernetController_getRSV                               cstackBANK0  000071
?_ethernetController_getSourceMACAddress                  cstackBANK0  00006F
?_ethernetController_init                                 cstackBANK0  00007A
?_ethernetController_pollInterruptFlags                   cstackBANK0  000078
?_ethernetController_softReset                            cstackBANK0  00006E
?_getMillis                                               cstackBANK0  000060
?_icmp_calculateChecksum                                  cstackBANK0  000074
?_icmp_calculateChecksumBuf                               cstackBANK0  000060
?_intToString                                             cstackBANK0  000084
?_ipAdressToString                                        cstackBANK0  000073
?_ipv4_background                                         cstackBANK0  000060
?_ipv4_generateAutoIP                                     cstackBANK0  000074
?_ipv4_getIPSourceAddress                                 cstackBANK0  000060
?_ipv4_getPreliminaryIPSourceAddress                      cstackBANK0  000060
?_ipv4_parseHeader                                        cstackBANK0  000074
?_ipv4_sendFrame                                          cstackBANK1  000134
?_macToString                                             cstackBANK0  00007A
?_memory_txFrameRequest                                   cstackBANK0  000084
?_rand                                                    cstackBANK0  00006C
?i2___lwdiv                                               cstackCOMRAM 000001
UARTTransmitInt@val                                       cstackBANK0  00009A
UARTTransmitText@str                                      cstackBANK0  000098
_ANSELA                                                   (abs)        000F5B
_ANSELB                                                   (abs)        000F5C
_ANSELBbits                                               (abs)        000F5C
_ANSELC                                                   (abs)        000F5D
_CCP1CONbits                                              (abs)        000FBD
_CCPR1                                                    (abs)        000FBE
_INTCON3bits                                              (abs)        000FF0
_INTCONbits                                               (abs)        000FF2
_ISR                                                      intcode      000008
_OSCCON2bits                                              (abs)        000FD2
_OSCCONbits                                               (abs)        000FD3
_PIE1bits                                                 (abs)        000F9D
_PIR1bits                                                 (abs)        000F9E
_PORTA                                                    (abs)        000F80
_PORTB                                                    (abs)        000F81
_PORTBbits                                                (abs)        000F81
_PORTC                                                    (abs)        000F82
_RCIE                                                     (abs)        007CED
_RCIF                                                     (abs)        007CF5
_RCIP                                                     (abs)        007CFD
_RCONbits                                                 (abs)        000FD0
_RCSTA1bits                                               (abs)        000FAB
_SPBRG                                                    (abs)        000FAF
_SSP1BUF                                                  (abs)        000FC9
_SSP1CON1bits                                             (abs)        000FC6
_SSP1STATbits                                             (abs)        000FC7
_T0CONbits                                                (abs)        000FD5
_T1CONbits                                                (abs)        000FCD
_TRISA                                                    (abs)        000F92
_TRISB                                                    (abs)        000F93
_TRISBbits                                                (abs)        000F93
_TRISC                                                    (abs)        000F94
_TRMT                                                     (abs)        007D61
_TXIF                                                     (abs)        007CF4
_TXREG1                                                   (abs)        000FAD
_TXSTA1bits                                               (abs)        000FAC
_UARTInit                                                 text117      006224
_UARTTransmitInt                                          text42       0060BC
_UARTTransmitText                                         text109      005884
__CFG_BOREN$SBORDIS                                       (abs)        000000
__CFG_BORV$190                                            (abs)        000000
__CFG_CCP2MX$RC1                                          (abs)        000000
__CFG_CFGPLLEN$ON                                         (abs)        000000
__CFG_CP0$OFF                                             (abs)        000000
__CFG_CP1$OFF                                             (abs)        000000
__CFG_CP2$OFF                                             (abs)        000000
__CFG_CP3$OFF                                             (abs)        000000
__CFG_CPB$OFF                                             (abs)        000000
__CFG_CPD$OFF                                             (abs)        000000
__CFG_CPUDIV$NOCLKDIV                                     (abs)        000000
__CFG_EBTR0$OFF                                           (abs)        000000
__CFG_EBTR1$OFF                                           (abs)        000000
__CFG_EBTR2$OFF                                           (abs)        000000
__CFG_EBTR3$OFF                                           (abs)        000000
__CFG_EBTRB$OFF                                           (abs)        000000
__CFG_FCMEN$OFF                                           (abs)        000000
__CFG_FOSC$INTOSCIO                                       (abs)        000000
__CFG_ICPRT$OFF                                           (abs)        000000
__CFG_IESO$OFF                                            (abs)        000000
__CFG_LS48MHZ$SYS24X4                                     (abs)        000000
__CFG_LVP$ON                                              (abs)        000000
__CFG_MCLRE$ON                                            (abs)        000000
__CFG_PBADEN$ON                                           (abs)        000000
__CFG_PCLKEN$ON                                           (abs)        000000
__CFG_PLLSEL$PLL4X                                        (abs)        000000
__CFG_SDOMX$RB3                                           (abs)        000000
__CFG_STVREN$ON                                           (abs)        000000
__CFG_T3CMX$RC0                                           (abs)        000000
__CFG_WDTEN$ON                                            (abs)        000000
__CFG_WDTPS$1024                                          (abs)        000000
__CFG_WRT0$OFF                                            (abs)        000000
__CFG_WRT1$OFF                                            (abs)        000000
__CFG_WRT2$OFF                                            (abs)        000000
__CFG_WRT3$OFF                                            (abs)        000000
__CFG_WRTB$OFF                                            (abs)        000000
__CFG_WRTC$OFF                                            (abs)        000000
__CFG_WRTD$OFF                                            (abs)        000000
__CFG_XINST$OFF                                           (abs)        000000
__CFG_nLPBOR$OFF                                          (abs)        000000
__CFG_nPWRTEN$OFF                                         (abs)        000000
__HRAM                                                    (abs)        000000
__Habs1                                                   abs1         000000
__Hbank0                                                  bank0        000000
__Hbank1                                                  bank1        000000
__Hbank2                                                  bank2        000000
__Hbank3                                                  bank3        000000
__Hbank4                                                  bank4        000000
__Hbank5                                                  bank5        000000
__Hbank6                                                  bank6        000000
__Hbank7                                                  bank7        000000
__Hbigbss                                                 bigbss       000000
__Hbigdata                                                bigdata      000000
__Hbigram                                                 bigram       000000
__HbitbssCOMRAM                                           bitbssCOMRAM 000000
__Hbss                                                    bss          000000
__HbssBANK1                                               bssBANK1     000000
__HbssBANK2                                               bssBANK2     000000
__HbssBANK3                                               bssBANK3     000000
__HbssBANK4                                               bssBANK4     000000
__HbssCOMRAM                                              bssCOMRAM    000000
__Hcinit                                                  cinit        000000
__Hclrtext                                                clrtext      000000
__Hcomram                                                 comram       000000
__Hconfig                                                 config       30000E
__Hconst                                                  const        000000
__HcstackBANK0                                            cstackBANK0  000000
__HcstackBANK1                                            cstackBANK1  000000
__HcstackBANK2                                            cstackBANK2  000000
__HcstackBANK4                                            cstackBANK4  000000
__HcstackCOMRAM                                           cstackCOMRAM 000000
__Hdata                                                   data         000000
__HdataBANK2                                              dataBANK2    000000
__HdataBANK4                                              dataBANK4    000000
__Heeprom_data                                            eeprom_data  000000
__Hfarbss                                                 farbss       000000
__Hfardata                                                fardata      000000
__Hibigdata                                               ibigdata     000000
__Hidata                                                  idata        000000
__HidataBANK2                                             idataBANK2   000000
__HidataBANK4                                             idataBANK4   000000
__Hidloc                                                  idloc        200008
__Hifardata                                               ifardata     000000
__Hinit                                                   init         0000EC
__Hintcode                                                intcode      0000E8
__Hintcode_body                                           intcode_body 000000
__Hintcodelo                                              intcodelo    0000E8
__Hintentry                                               intentry     000000
__Hintret                                                 intret       000000
__Hintsave_regs                                           intsave_regs 000000
__Hirdata                                                 irdata       000000
__Hmediumconst                                            mediumconst  008000
__HnvFARRAM                                               nvFARRAM     000000
__Hnvbit                                                  nvbit        000000
__Hnvrram                                                 nvrram       000000
__Hparam                                                  rparam       000000
__Hpowerup                                                powerup      0000E8
__Hram                                                    ram          000000
__Hramtop                                                 ramtop       000800
__Hrbit                                                   rbit         000000
__Hrbss                                                   rbss         000000
__Hrdata                                                  rdata        000000
__Hreset_vec                                              reset_vec    000004
__Hrparam                                                 rparam       000000
__Hsfr                                                    sfr          000000
__Hsmallconst                                             smallconst   000000
__Hspace_0                                                (abs)        30000E
__Hspace_1                                                (abs)        0004BD
__Hspace_2                                                (abs)        000000
__Hstack                                                  stack        000000
__Hstruct                                                 struct       000000
__Htemp                                                   temp         000052
__Htext                                                   text         000000
__Htext0                                                  text0        000000
__Htext1                                                  text1        000000
__Htext10                                                 text10       000000
__Htext100                                                text100      000000
__Htext101                                                text101      000000
__Htext102                                                text102      000000
__Htext103                                                text103      000000
__Htext104                                                text104      000000
__Htext105                                                text105      000000
__Htext106                                                text106      000000
__Htext107                                                text107      000000
__Htext108                                                text108      000000
__Htext109                                                text109      000000
__Htext11                                                 text11       000000
__Htext110                                                text110      000000
__Htext111                                                text111      000000
__Htext112                                                text112      000000
__Htext113                                                text113      000000
__Htext114                                                text114      000000
__Htext115                                                text115      000000
__Htext116                                                text116      000000
__Htext117                                                text117      000000
__Htext119                                                text119      000000
__Htext12                                                 text12       000000
__Htext120                                                text120      000000
__Htext121                                                text121      000000
__Htext122                                                text122      000000
__Htext123                                                text123      000000
__Htext13                                                 text13       000000
__Htext14                                                 text14       000000
__Htext15                                                 text15       000000
__Htext16                                                 text16       000000
__Htext17                                                 text17       000000
__Htext18                                                 text18       000000
__Htext19                                                 text19       000000
__Htext2                                                  text2        000000
__Htext20                                                 text20       000000
__Htext21                                                 text21       000000
__Htext22                                                 text22       000000
__Htext23                                                 text23       000000
__Htext24                                                 text24       000000
__Htext25                                                 text25       000000
__Htext26                                                 text26       000000
__Htext27                                                 text27       000000
__Htext28                                                 text28       000000
__Htext29                                                 text29       000000
__Htext3                                                  text3        000000
__Htext30                                                 text30       000000
__Htext31                                                 text31       000000
__Htext32                                                 text32       000000
__Htext33                                                 text33       000000
__Htext34                                                 text34       000000
__Htext35                                                 text35       000000
__Htext36                                                 text36       000000
__Htext37                                                 text37       000000
__Htext38                                                 text38       000000
__Htext39                                                 text39       000000
__Htext4                                                  text4        000000
__Htext40                                                 text40       000000
__Htext41                                                 text41       000000
__Htext42                                                 text42       000000
__Htext43                                                 text43       000000
__Htext44                                                 text44       000000
__Htext45                                                 text45       000000
__Htext46                                                 text46       000000
__Htext47                                                 text47       000000
__Htext48                                                 text48       000000
__Htext49                                                 text49       000000
__Htext5                                                  text5        000000
__Htext50                                                 text50       000000
__Htext51                                                 text51       000000
__Htext52                                                 text52       000000
__Htext53                                                 text53       000000
__Htext54                                                 text54       000000
__Htext55                                                 text55       000000
__Htext56                                                 text56       000000
__Htext57                                                 text57       000000
__Htext58                                                 text58       000000
__Htext59                                                 text59       000000
__Htext6                                                  text6        000000
__Htext60                                                 text60       000000
__Htext61                                                 text61       000000
__Htext62                                                 text62       000000
__Htext63                                                 text63       000000
__Htext64                                                 text64       000000
__Htext65                                                 text65       000000
__Htext66                                                 text66       000000
__Htext67                                                 text67       000000
__Htext68                                                 text68       000000
__Htext69                                                 text69       000000
__Htext7                                                  text7        000000
__Htext70                                                 text70       000000
__Htext71                                                 text71       000000
__Htext72                                                 text72       000000
__Htext73                                                 text73       000000
__Htext74                                                 text74       000000
__Htext75                                                 text75       000000
__Htext76                                                 text76       000000
__Htext77                                                 text77       000000
__Htext78                                                 text78       000000
__Htext79                                                 text79       000000
__Htext8                                                  text8        000000
__Htext80                                                 text80       000000
__Htext81                                                 text81       000000
__Htext82                                                 text82       000000
__Htext83                                                 text83       000000
__Htext84                                                 text84       000000
__Htext85                                                 text85       000000
__Htext86                                                 text86       000000
__Htext87                                                 text87       000000
__Htext88                                                 text88       000000
__Htext89                                                 text89       000000
__Htext9                                                  text9        000000
__Htext90                                                 text90       000000
__Htext91                                                 text91       000000
__Htext92                                                 text92       000000
__Htext93                                                 text93       000000
__Htext94                                                 text94       000000
__Htext95                                                 text95       000000
__Htext96                                                 text96       000000
__Htext97                                                 text97       000000
__Htext98                                                 text98       000000
__Htext99                                                 text99       000000
__LRAM                                                    (abs)        000001
__Labs1                                                   abs1         000000
__Lbank0                                                  bank0        000000
__Lbank1                                                  bank1        000000
__Lbank2                                                  bank2        000000
__Lbank3                                                  bank3        000000
__Lbank4                                                  bank4        000000
__Lbank5                                                  bank5        000000
__Lbank6                                                  bank6        000000
__Lbank7                                                  bank7        000000
__Lbigbss                                                 bigbss       000000
__Lbigdata                                                bigdata      000000
__Lbigram                                                 bigram       000000
__LbitbssCOMRAM                                           bitbssCOMRAM 000000
__Lbss                                                    bss          000000
__LbssBANK1                                               bssBANK1     000000
__LbssBANK2                                               bssBANK2     000000
__LbssBANK3                                               bssBANK3     000000
__LbssBANK4                                               bssBANK4     000000
__LbssCOMRAM                                              bssCOMRAM    000000
__Lcinit                                                  cinit        000000
__Lclrtext                                                clrtext      000000
__Lcomram                                                 comram       000000
__Lconfig                                                 config       300000
__Lconst                                                  const        000000
__LcstackBANK0                                            cstackBANK0  000000
__LcstackBANK1                                            cstackBANK1  000000
__LcstackBANK2                                            cstackBANK2  000000
__LcstackBANK4                                            cstackBANK4  000000
__LcstackCOMRAM                                           cstackCOMRAM 000000
__Ldata                                                   data         000000
__LdataBANK2                                              dataBANK2    000000
__LdataBANK4                                              dataBANK4    000000
__Leeprom_data                                            eeprom_data  000000
__Lfarbss                                                 farbss       000000
__Lfardata                                                fardata      000000
__Libigdata                                               ibigdata     000000
__Lidata                                                  idata        000000
__LidataBANK2                                             idataBANK2   000000
__LidataBANK4                                             idataBANK4   000000
__Lidloc                                                  idloc        200000
__Lifardata                                               ifardata     000000
__Linit                                                   init         0000E8
__Lintcode                                                intcode      000008
__Lintcode_body                                           intcode_body 000000
__Lintcodelo                                              intcodelo    0000E8
__Lintentry                                               intentry     000000
__Lintret                                                 intret       000000
__Lintsave_regs                                           intsave_regs 000000
__Lirdata                                                 irdata       000000
__Lmediumconst                                            mediumconst  0078D2
__LnvFARRAM                                               nvFARRAM     000000
__Lnvbit                                                  nvbit        000000
__Lnvrram                                                 nvrram       000000
__Lparam                                                  rparam       000000
__Lpowerup                                                powerup      0000E8
__Lram                                                    ram          000000
__Lramtop                                                 ramtop       000800
__Lrbit                                                   rbit         000000
__Lrbss                                                   rbss         000000
__Lrdata                                                  rdata        000000
__Lreset_vec                                              reset_vec    000000
__Lrparam                                                 rparam       000000
__Lsfr                                                    sfr          000000
__Lsmallconst                                             smallconst   000000
__Lspace_0                                                (abs)        000000
__Lspace_1                                                (abs)        000000
__Lspace_2                                                (abs)        000000
__Lstack                                                  stack        000000
__Lstruct                                                 struct       000000
__Ltemp                                                   temp         000051
__Ltext                                                   text         000000
__Ltext0                                                  text0        000000
__Ltext1                                                  text1        000000
__Ltext10                                                 text10       000000
__Ltext100                                                text100      000000
__Ltext101                                                text101      000000
__Ltext102                                                text102      000000
__Ltext103                                                text103      000000
__Ltext104                                                text104      000000
__Ltext105                                                text105      000000
__Ltext106                                                text106      000000
__Ltext107                                                text107      000000
__Ltext108                                                text108      000000
__Ltext109                                                text109      000000
__Ltext11                                                 text11       000000
__Ltext110                                                text110      000000
__Ltext111                                                text111      000000
__Ltext112                                                text112      000000
__Ltext113                                                text113      000000
__Ltext114                                                text114      000000
__Ltext115                                                text115      000000
__Ltext116                                                text116      000000
__Ltext117                                                text117      000000
__Ltext119                                                text119      000000
__Ltext12                                                 text12       000000
__Ltext120                                                text120      000000
__Ltext121                                                text121      000000
__Ltext122                                                text122      000000
__Ltext123                                                text123      000000
__Ltext13                                                 text13       000000
__Ltext14                                                 text14       000000
__Ltext15                                                 text15       000000
__Ltext16                                                 text16       000000
__Ltext17                                                 text17       000000
__Ltext18                                                 text18       000000
__Ltext19                                                 text19       000000
__Ltext2                                                  text2        000000
__Ltext20                                                 text20       000000
__Ltext21                                                 text21       000000
__Ltext22                                                 text22       000000
__Ltext23                                                 text23       000000
__Ltext24                                                 text24       000000
__Ltext25                                                 text25       000000
__Ltext26                                                 text26       000000
__Ltext27                                                 text27       000000
__Ltext28                                                 text28       000000
__Ltext29                                                 text29       000000
__Ltext3                                                  text3        000000
__Ltext30                                                 text30       000000
__Ltext31                                                 text31       000000
__Ltext32                                                 text32       000000
__Ltext33                                                 text33       000000
__Ltext34                                                 text34       000000
__Ltext35                                                 text35       000000
__Ltext36                                                 text36       000000
__Ltext37                                                 text37       000000
__Ltext38                                                 text38       000000
__Ltext39                                                 text39       000000
__Ltext4                                                  text4        000000
__Ltext40                                                 text40       000000
__Ltext41                                                 text41       000000
__Ltext42                                                 text42       000000
__Ltext43                                                 text43       000000
__Ltext44                                                 text44       000000
__Ltext45                                                 text45       000000
__Ltext46                                                 text46       000000
__Ltext47                                                 text47       000000
__Ltext48                                                 text48       000000
__Ltext49                                                 text49       000000
__Ltext5                                                  text5        000000
__Ltext50                                                 text50       000000
__Ltext51                                                 text51       000000
__Ltext52                                                 text52       000000
__Ltext53                                                 text53       000000
__Ltext54                                                 text54       000000
__Ltext55                                                 text55       000000
__Ltext56                                                 text56       000000
__Ltext57                                                 text57       000000
__Ltext58                                                 text58       000000
__Ltext59                                                 text59       000000
__Ltext6                                                  text6        000000
__Ltext60                                                 text60       000000
__Ltext61                                                 text61       000000
__Ltext62                                                 text62       000000
__Ltext63                                                 text63       000000
__Ltext64                                                 text64       000000
__Ltext65                                                 text65       000000
__Ltext66                                                 text66       000000
__Ltext67                                                 text67       000000
__Ltext68                                                 text68       000000
__Ltext69                                                 text69       000000
__Ltext7                                                  text7        000000
__Ltext70                                                 text70       000000
__Ltext71                                                 text71       000000
__Ltext72                                                 text72       000000
__Ltext73                                                 text73       000000
__Ltext74                                                 text74       000000
__Ltext75                                                 text75       000000
__Ltext76                                                 text76       000000
__Ltext77                                                 text77       000000
__Ltext78                                                 text78       000000
__Ltext79                                                 text79       000000
__Ltext8                                                  text8        000000
__Ltext80                                                 text80       000000
__Ltext81                                                 text81       000000
__Ltext82                                                 text82       000000
__Ltext83                                                 text83       000000
__Ltext84                                                 text84       000000
__Ltext85                                                 text85       000000
__Ltext86                                                 text86       000000
__Ltext87                                                 text87       000000
__Ltext88                                                 text88       000000
__Ltext89                                                 text89       000000
__Ltext9                                                  text9        000000
__Ltext90                                                 text90       000000
__Ltext91                                                 text91       000000
__Ltext92                                                 text92       000000
__Ltext93                                                 text93       000000
__Ltext94                                                 text94       000000
__Ltext95                                                 text95       000000
__Ltext96                                                 text96       000000
__Ltext97                                                 text97       000000
__Ltext98                                                 text98       000000
__Ltext99                                                 text99       000000
__S0                                                      (abs)        30000E
__S1                                                      (abs)        0004BD
__S2                                                      (abs)        000000
___awmod                                                  text12       0054EA
___awmod@counter                                          cstackBANK0  000072
___awmod@dividend                                         cstackBANK0  00006E
___awmod@divisor                                          cstackBANK0  000070
___awmod@sign                                             cstackBANK0  000073
___inthi_sp                                               stack        000000
___intlo_sp                                               stack        000000
___lldiv                                                  text47       00511A
___lldiv@counter                                          cstackBANK0  00006C
___lldiv@dividend                                         cstackBANK0  000060
___lldiv@divisor                                          cstackBANK0  000064
___lldiv@quotient                                         cstackBANK0  000068
___llmod                                                  text46       0056A6
___llmod@counter                                          cstackBANK0  000068
___llmod@dividend                                         cstackBANK0  000060
___llmod@divisor                                          cstackBANK0  000064
___lmul                                                   text76       00582C
___lmul@multiplicand                                      cstackBANK0  000064
___lmul@multiplier                                        cstackBANK0  000060
___lmul@product                                           cstackBANK0  000068
___lwdiv                                                  text81       00592E
___lwdiv@counter                                          cstackBANK0  000064
___lwdiv@dividend                                         cstackBANK0  000060
___lwdiv@divisor                                          cstackBANK0  000062
___lwdiv@quotient                                         cstackBANK0  000065
___lwmod                                                  text80       005B96
___lwmod@counter                                          cstackBANK0  000072
___lwmod@dividend                                         cstackBANK0  00006E
___lwmod@divisor                                          cstackBANK0  000070
___param_bank                                             (abs)        000000
___rparam_used                                            (abs)        000001
___sp                                                     stack        000000
___wmul                                                   text93       005FB2
___wmul@multiplicand                                      cstackBANK0  000062
___wmul@multiplier                                        cstackBANK0  000060
___wmul@product                                           cstackBANK0  000064
__accesstop                                               (abs)        000060
__activetblptr                                            (abs)        000002
__end_of_ISR                                              intcode      0000E8
__end_of_UARTInit                                         text117      006234
__end_of_UARTTransmitInt                                  text42       0060DE
__end_of_UARTTransmitText                                 text109      0058DA
__end_of___awmod                                          text12       00555C
__end_of___lldiv                                          text47       00519E
__end_of___llmod                                          text46       00570E
__end_of___lmul                                           text76       005884
__end_of___lwdiv                                          text81       005982
__end_of___lwmod                                          text80       005BDA
__end_of___wmul                                           text93       005FDA
__end_of__initialization                                  cinit        00510C
__end_of_arp_background                                   text71       003A60
__end_of_arp_checkForEntry                                text106      004BBA
__end_of_arp_getEntryFromTable                            text10       005EE2
__end_of_arp_gratuitous                                   text78       002D2C
__end_of_arp_handleNewPacket                              text33       0030FC
__end_of_arp_init                                         text66       005476
__end_of_arp_parseFromRXBuffer                            text39       0017A2
__end_of_arp_probe                                        text74       002164
__end_of_arp_send                                         text85       002656
__end_of_arp_sendReply                                    text37       003766
__end_of_arp_sendRequest                                  text82       004EF4
__end_of_arp_setNewEntry                                  text67       0035DE
__end_of_buttonHandler                                    text123      004D14
__end_of_checkForOverlap                                  text91       0045A0
__end_of_checkForOverlapSwitched                          text92       004B08
__end_of_enc424j600_clearInterruptFlag                    text65       005096
__end_of_enc424j600_enableAutoMACInsertion                text61       005FB2
__end_of_enc424j600_enableReception                       text60       006290
__end_of_enc424j600_getInterruptFlags                     text52       005B0C
__end_of_enc424j600_getNextPacketPointer                  text36       00627E
__end_of_enc424j600_getPacketCount                        text112      00618C
__end_of_enc424j600_initSPI                               text116      006158
__end_of_enc424j600_readControlRegisterUnbanked           text113      005DEE
__end_of_enc424j600_readPHYRegister                       text49       004482
__end_of_enc424j600_readSPI                               text115      0056A6
__end_of_enc424j600_setERXDATAReadPointer                 text105      005D12
__end_of_enc424j600_setGPDATAWritePointer                 text97       005CD6
__end_of_enc424j600_setNextPacketPointer                  text59       006288
__end_of_enc424j600_setRXBufferStartAddress               text58       005F36
__end_of_enc424j600_setRXTailPointer                      text57       005F0C
__end_of_enc424j600_setTXLength                           text102      005F8A
__end_of_enc424j600_setTXStartAddress                     text101      005F60
__end_of_enc424j600_updateReceiveStatusVector             text30       001E96
__end_of_enc424j600_writeControlRegisterUnbanked          text103      005DB8
__end_of_enc424j600_writeSPI                              text114      005772
__end_of_enc424j600_writeSingleByte                       text100      0061A4
__end_of_entireMemoryEmpty                                text90       005D82
__end_of_entireMemoryFull                                 text89       005D4A
__end_of_etherTypeToString                                text32       005B96
__end_of_ethernetController_checkDeviceId                 text56       005A72
__end_of_ethernetController_clearInterruptFlag            text64       006250
__end_of_ethernetController_disableEthernet               text63       006298
__end_of_ethernetController_dropPacket                    text34       005C9A
__end_of_ethernetController_getCurrentPacketCount         text111      006296
__end_of_ethernetController_getDeviceName                 text110      0060BC
__end_of_ethernetController_getEtherTypeField             text31       0055CC
__end_of_ethernetController_getMTU                        text62       00626A
__end_of_ethernetController_getMacAddress                 text84       0054EA
__end_of_ethernetController_getNextPacketPointer          text35       006242
__end_of_ethernetController_getRSV                        text29       005402
__end_of_ethernetController_getSourceMACAddress           text104      00563C
__end_of_ethernetController_init                          text54       004E56
__end_of_ethernetController_newPacketAvailable            text53       0061F0
__end_of_ethernetController_pollInterruptFlags            text51       003E7E
__end_of_ethernetController_sendPacket                    text98       006002
__end_of_ethernetController_setLEDConfig                  text50       004F82
__end_of_ethernetController_softReset                     text55       0046AA
__end_of_ethernetController_streamFromRXBuffer            text41       0057D0
__end_of_ethernetController_streamToTransmitBuffer        text96       00538E
__end_of_ethernetController_updateLinkStatus              text48       00500C
__end_of_ethernetController_updateNextPacketPointer       text28       005316
[...]
 Return value:  Size  Location     Type
                  1    wreg      void 
 Registers used:
		wreg, fsr2l, fsr2h, status,2, status,0, cstack
 Tracked objects:
		On entry : 
		On exit  : 
		Unchanged: 
 Data sizes:     COMRAM   BANK0   BANK1   BANK2   BANK3   BANK4   BANK5   BANK6   BANK7
      Params:         0       2       0       0       0       0       0       0       0
      Locals:         0       4       0       0       0       0       0       0       0
      Temps:          0       4       0       0       0       0       0       0       0
      Totals:         0      10       0       0       0       0       0       0       0
Total ram usage:       10 bytes
 Hardware stack levels used:    1
 Hardware stack levels required when called:    5
 This function calls:
		_enc424j600_initSPI
 This function is called by:
		_ethernetController_getSourceMACAddress
		_ethernetController_getEtherTypeField
		_ethernetController_getRSV
		_ethernetController_updateNextPacketPointer
		_ethernetController_streamFromRXBuffer
		_enc424j600_readControlRegisterUnbanked
		_ethernetController_getDestinationMACAddress
 This function uses a non-reentrant model


 *************** function _enc424j600_initSPI *****************
 Defined at:
		line 469 in file "src/enc424j600/ENC424J600.c"
 Parameters:    Size  Location     Type
		None
 Auto vars:     Size  Location     Type
		None
 Return value:  Size  Location     Type
                  1    wreg      void 
 Registers used:
		None
 Tracked objects:
		On entry : 
		On exit  : 
		Unchanged: 
 Data sizes:     COMRAM   BANK0   BANK1   BANK2   BANK3   BANK4   BANK5   BANK6   BANK7
      Params:         0       0       0       0       0       0       0       0       0
      Locals:         0       0       0       0       0       0       0       0       0
      Temps:          0       0       0       0       0       0       0       0       0
      Totals:         0       0       0       0       0       0       0       0       0
Total ram usage:        0 bytes
 Hardware stack levels used:    1
 Hardware stack levels required when called:    4
 This function calls:
		Nothing
 This function is called by:
		_ethernetController_init
		_enc424j600_writeSPI
		_enc424j600_readSPI
 This function uses a non-reentrant model


 *************** function _UARTInit *****************
 Defined at:
		line 26 in file "src/system/uart.c"
 Parameters:    Size  Location     Type
		None
 Auto vars:     Size  Location     Type
		None
 Return value:  Size  Location     Type
                  1    wreg      void 
 Registers used:
		wreg, status,2
 Tracked objects:
		On entry : 
		On exit  : 
		Unchanged: 
 Data sizes:     COMRAM   BANK0   BANK1   BANK2   BANK3   BANK4   BANK5   BANK6   BANK7
      Params:         0       0       0       0       0       0       0       0       0
      Locals:         0       0       0       0       0       0       0       0       0
      Temps:          0       0       0       0       0       0       0       0       0
      Totals:         0       0       0       0       0       0       0       0       0
Total ram usage:        0 bytes
 Hardware stack levels used:    1
 Hardware stack levels required when called:    4
 This function calls:
		Nothing
 This function is called by:
		_main
 This function uses a non-reentrant model


 *************** function _ISR *****************
 Defined at:
		line 287 in file "src/system/main.c"
 Parameters:    Size  Location     Type
		None
 Auto vars:     Size  Location     Type
		None
 Return value:  Size  Location     Type
                  1    wreg      void 
 Registers used:
		wreg, fsr2l, fsr2h, status,2, status,0, prodl, prodh, cstack
 Tracked objects:
		On entry : 
		On exit  : 
		Unchanged: 
 Data sizes:     COMRAM   BANK0   BANK1   BANK2   BANK3   BANK4   BANK5   BANK6   BANK7
      Params:         0       0       0       0       0       0       0       0       0
      Locals:         0       0       0       0       0       0       0       0       0
      Temps:         19       0       0       0       0       0       0       0       0
      Totals:        19       0       0       0       0       0       0       0       0
Total ram usage:       19 bytes
 Hardware stack levels used:    1
 Hardware stack levels required when called:    3
 This function calls:
		_buttonHandler
		_sevenSegmentUpdate
		_updateTime
 This function is called by:
		Interrupt level 2
 This function uses a non-reentrant model


 *************** function _updateTime *****************
 Defined at:
		line 30 in file "src/stack/time.c"
 Parameters:    Size  Location     Type
		None
 Auto vars:     Size  Location     Type
		None
 Return value:  Size  Location     Type
                  1    wreg      void 
 Registers used:
		wreg, status,2, status,0
 Tracked objects:
		On entry : 
		On exit  : 
		Unchanged: 
 Data sizes:     COMRAM   BANK0   BANK1   BANK2   BANK3   BANK4   BANK5   BANK6   BANK7
      Params:         0       0       0       0       0       0       0       0       0
      Locals:         0       0       0       0       0       0       0       0       0
      Temps:          0       0       0       0       0       0       0       0       0
      Totals:         0       0       0       0       0       0       0       0       0
Total ram usage:        0 bytes
 Hardware stack levels used:    1
 This function calls:
		Nothing
 This function is called by:
		_ISR
 This function uses a non-reentrant model


 *************** function _sevenSegmentUpdate *****************
 Defined at:
		line 41 in file "src/system/sevenseg.c"
 Parameters:    Size  Location     Type
  numberToDisp    2   14[COMRAM] unsigned int 
 Auto vars:     Size  Location     Type
  i               1   20[COMRAM] unsigned char 
 Return value:  Size  Location     Type
                  1    wreg      void 
 Registers used:
		wreg, fsr2l, fsr2h, status,2, status,0, prodl, prodh, cstack
 Tracked objects:
		On entry : 
		On exit  : 
		Unchanged: 
 Data sizes:     COMRAM   BANK0   BANK1   BANK2   BANK3   BANK4   BANK5   BANK6   BANK7
      Params:         2       0       0       0       0       0       0       0       0
      Locals:         3       0       0       0       0       0       0       0       0
      Temps:          2       0       0       0       0       0       0       0       0
      Totals:         7       0       0       0       0       0       0       0       0
Total ram usage:        7 bytes
 Hardware stack levels used:    1
 Hardware stack levels required when called:    2
 This function calls:
		_parseNumber
 This function is called by:
		_ISR
 This function uses a non-reentrant model


 *************** function _parseNumber *****************
 Defined at:
		line 59 in file "src/system/sevenseg.c"
 Parameters:    Size  Location     Type
  numberToDisp    2    7[COMRAM] unsigned int 
  digit           1    9[COMRAM] unsigned char 
 Auto vars:     Size  Location     Type
  hundreds        1   13[COMRAM] unsigned char 
  tens            1   12[COMRAM] unsigned char 
  ones            1   11[COMRAM] unsigned char 
 Return value:  Size  Location     Type
                  1    wreg      unsigned char 
 Registers used:
		wreg, status,2, status,0, prodl, prodh, cstack
 Tracked objects:
		On entry : 
		On exit  : 
		Unchanged: 
 Data sizes:     COMRAM   BANK0   BANK1   BANK2   BANK3   BANK4   BANK5   BANK6   BANK7
      Params:         3       0       0       0       0       0       0       0       0
      Locals:         3       0       0       0       0       0       0       0       0
      Temps:          1       0       0       0       0       0       0       0       0
      Totals:         7       0       0       0       0       0       0       0       0
Total ram usage:        7 bytes
 Hardware stack levels used:    1
 Hardware stack levels required when called:    1
 This function calls:
		i2___lwdiv
 This function is called by:
		_sevenSegmentUpdate
 This function uses a non-reentrant model


 *************** function i2___lwdiv *****************
 Defined at:
		line 8 in file "C:\Program Files (x86)\Microchip\xc8\v1.45\sources\common\lwdiv.c"
 Parameters:    Size  Location     Type
  dividend        2    0[COMRAM] unsigned int 
  divisor         2    2[COMRAM] unsigned int 
 Auto vars:     Size  Location     Type
  __lwdiv         2    4[COMRAM] unsigned int 
  __lwdiv         1    6[COMRAM] unsigned char 
 Return value:  Size  Location     Type
                  2    0[COMRAM] unsigned int 
 Registers used:
		wreg, status,2, status,0
 Tracked objects:
		On entry : 
		On exit  : 
		Unchanged: 
 Data sizes:     COMRAM   BANK0   BANK1   BANK2   BANK3   BANK4   BANK5   BANK6   BANK7
      Params:         4       0       0       0       0       0       0       0       0
      Locals:         3       0       0       0       0       0       0       0       0
      Temps:          0       0       0       0       0       0       0       0       0
      Totals:         7       0       0       0       0       0       0       0       0
Total ram usage:        7 bytes
 Hardware stack levels used:    1
 This function calls:
		Nothing
 This function is called by:
		_parseNumber
 This function uses a non-reentrant model


 *************** function _buttonHandler *****************
 Defined at:
		line 263 in file "src/system/main.c"
 Parameters:    Size  Location     Type
  state           2    0[COMRAM] PTR volatile unsigned ch
		 -> buttonState(1), 
 Auto vars:     Size  Location     Type
  debounceValu    4    6[COMRAM] const unsigned long 
  resetValue      4    2[COMRAM] const unsigned long 
 Return value:  Size  Location     Type
                  1    wreg      void 
 Registers used:
		wreg, fsr2l, fsr2h, status,2, status,0
 Tracked objects:
		On entry : 
		On exit  : 
		Unchanged: 
 Data sizes:     COMRAM   BANK0   BANK1   BANK2   BANK3   BANK4   BANK5   BANK6   BANK7
      Params:         2       0       0       0       0       0       0       0       0
      Locals:         8       0       0       0       0       0       0       0       0
      Temps:          0       0       0       0       0       0       0       0       0
      Totals:        10       0       0       0       0       0       0       0       0
Total ram usage:       10 bytes
 Hardware stack levels used:    1
 This function calls:
		Nothing
 This function is called by:
		_ISR
 This function uses a non-reentrant model



MODULE INFORMATION

Module		Function		Class		Link	Load	Size
src/stack/protocols/ipv4.c
		_ipv4_isAllZero		CODE           	5E84	0000	49
		_ipv4_getPreliminaryIPSourceAddress		CODE           	61F0	0000	19
		_ipv4_SrcAddrChanged		CODE           	61B8	0000	21
		_ipv4_init     		CODE           	60DE	0000	33
		_ipv4_streamToTransmissionBuffer		CODE           	60FE	0000	33
		_ipv4_writeHeaderIntoBuffer		CODE           	3A60	0000	367
		_ipv4_calculateHeaderChecksum		CODE           	0F4C	0000	1117
		_ipv4_background		CODE           	3E7E	0000	331
		_ipv4_checkHeaderChecksum		CODE           	59D4	0000	81
		_ipv4_getIPSourceAddress		CODE           	61CC	0000	19
		_ipv4_cmp      		CODE           	5C1C	0000	67
		_ipv4_setIPSourceAddress		CODE           	61A4	0000	21
		_ipv4_txFrameRequest		CODE           	3FC8	0000	311
		_ipv4_handleNewPacket		CODE           	2656	0000	595
		_ipv4_generateAutoIP		CODE           	5B0C	0000	71
		_ipv4_sendFrame		CODE           	3766	0000	387
		_ipv4_setToAllZero		CODE           	6002	0000	39
		_ipv4_parseHeader		CODE           	28A8	0000	587

src/stack/protocols/ipv4.c estimated size: 4148

src/eth/ethernet.c
		_ethernet_rxGetNewFrame		CODE           	0AD2	0000	1147
		_ethernet_txFrameRequest		CODE           	48B0	0000	233

src/eth/ethernet.c estimated size: 1380

C:\Program Files (x86)\Microchip\xc8\v1.45\sources\common\Umul16.c
		___wmul        		CODE           	5FB2	0000	41

C:\Program Files (x86)\Microchip\xc8\v1.45\sources\common\Umul16.c estimated size: 41

src/system/main.c
		_printErrorMessage		CODE           	4232	0000	303
		_ISR           		CODE           	0008	0000	225
		_buttonHandler 		CODE           	4C68	0000	173
		_main          		CODE           	17A2	0000	985
		_printEthernetState		CODE           	4D14	0000	163

src/system/main.c estimated size: 1849

src/stack/time.c
		_getMillis     		CODE           	6202	0000	19
		_updateTime    		CODE           	6250	0000	15

src/stack/time.c estimated size: 34

src/mem/memoryController.c
		_entireMemoryFull		CODE           	5D12	0000	57
		_memory_txFrameRequest		CODE           	05F6	0000	1245
		_memory_txFrameClear		CODE           	6074	0000	37
		_entireMemoryEmpty		CODE           	5D4A	0000	57
		_checkForOverlapSwitched		CODE           	4A56	0000	179
		_checkForOverlap		CODE           	4482	0000	287

src/mem/memoryController.c estimated size: 1862

C:\Program Files (x86)\Microchip\xc8\v1.45\sources\common\lwmod.c
		___lwmod       		CODE           	5B96	0000	69

C:\Program Files (x86)\Microchip\xc8\v1.45\sources\common\lwmod.c estimated size: 69

C:\Program Files (x86)\Microchip\xc8\v1.45\sources\common\awmod.c
		___awmod       		CODE           	54EA	0000	115

C:\Program Files (x86)\Microchip\xc8\v1.45\sources\common\awmod.c estimated size: 115

C:\Program Files (x86)\Microchip\xc8\v1.45\sources\common\llmod.c
		___llmod       		CODE           	56A6	0000	105

C:\Program Files (x86)\Microchip\xc8\v1.45\sources\common\llmod.c estimated size: 105

src/system/uart.c
		_UARTTransmitInt		CODE           	60BC	0000	35
		_intToString   		CODE           	5E22	0000	51
		_macToString   		CODE           	46AA	0000	265
		_ipAdressToString		CODE           	2D2C	0000	495
		_UARTTransmitText		CODE           	5884	0000	87
		_UARTInit      		CODE           	6224	0000	17
		_etherTypeToString		CODE           	5B52	0000	69

src/system/uart.c estimated size: 1019

src/stack/stack.c
		_stack_init    		CODE           	626A	0000	11

src/stack/stack.c estimated size: 11

C:\Program Files (x86)\Microchip\xc8\v1.45\sources\common\Umul32.c
		___lmul        		CODE           	582C	0000	89

C:\Program Files (x86)\Microchip\xc8\v1.45\sources\common\Umul32.c estimated size: 89

C:\Program Files (x86)\Microchip\xc8\v1.45\sources\common\rand.c
		_srand         		CODE           	6214	0000	17
		_rand          		CODE           	57D0	0000	93

C:\Program Files (x86)\Microchip\xc8\v1.45\sources\common\rand.c estimated size: 110

shared
		i2___lwdiv     		CODE           	5982	0000	83
		__initialization		CODE           	5096	0000	119
		ethernetController_getDeviceName@F6000		MEDIUMCONST    	78D3	0000	12

shared estimated size: 214

src/system/sevenseg.c
		_sevenSegmentInit		CODE           	6158	0000	27
		_sevenSegmentUpdate		CODE           	4998	0000	191
		_parseNumber   		CODE           	521E	0000	127

src/system/sevenseg.c estimated size: 345

src/stack/protocols/arp.c
		_arp_background		CODE           	38E8	0000	377
		_arp_checkForEntry		CODE           	4B08	0000	179
		_arp_sendRequest		CODE           	4E56	0000	159
		_arp_probe     		CODE           	1E96	0000	719
		_arp_setNewEntry		CODE           	3446	0000	409
		_arp_gratuitous		CODE           	2AF2	0000	571
		_arp_parseFromRXBuffer		CODE           	13A8	0000	1019
		_arp_init      		CODE           	5402	0000	117
		_arp_send      		CODE           	23DE	0000	633
		_arp_handleNewPacket		CODE           	2F1A	0000	483
		_arp_getEntryFromTable		CODE           	5EB4	0000	47
		_arp_sendReply 		CODE           	35DE	0000	393

src/stack/protocols/arp.c estimated size: 5106

C:\Program Files (x86)\Microchip\xc8\v1.45\sources\common\ltoa.c
		_ltoa          		CODE           	58DA	0000	85
		_ultoa         		CODE           	47B2	0000	255

C:\Program Files (x86)\Microchip\xc8\v1.45\sources\common\ltoa.c estimated size: 340

C:\Program Files (x86)\Microchip\xc8\v1.45\sources\common\lwdiv.c
		___lwdiv       		CODE           	592E	0000	85

C:\Program Files (x86)\Microchip\xc8\v1.45\sources\common\lwdiv.c estimated size: 85

src/eth/mac.c
		_mac_isAllZero 		CODE           	5E54	0000	49
		_mac_cmp       		CODE           	5BDA	0000	67
		_mac_setAllZero		CODE           	6028	0000	39
		_mac_setToBroadcast		CODE           	604E	0000	39

src/eth/mac.c estimated size: 194

src/stack/backgroundTasks.c
		_handleStackBackgroundTasks		CODE           	00EC	0000	1291

src/stack/backgroundTasks.c estimated size: 1291

C:\Program Files (x86)\Microchip\xc8\v1.45\sources\common\lldiv.c
		___lldiv       		CODE           	511A	0000	133

C:\Program Files (x86)\Microchip\xc8\v1.45\sources\common\lldiv.c estimated size: 133

src/enc424j600/ENC424J600.c
		_ethernetController_streamFromRXBuffer		CODE           	5772	0000	95
		_enc424j600_setERXDATAReadPointer		CODE           	5CD6	0000	61
		_enc424j600_readSPI		CODE           	563C	0000	107
		_enc424j600_clearInterruptFlag		CODE           	500C	0000	139
		_ethernetController_getRSV		CODE           	538E	0000	117
		_ethernetController_dropPacket		CODE           	5C5E	0000	61
		_enc424j600_initSPI		CODE           	613C	0000	29
		_ethernetController_updateNextPacketPointer		CODE           	529C	0000	123
		_enc424j600_getNextPacketPointer		CODE           	6274	0000	11
		_enc424j600_setNextPacketPointer		CODE           	627E	0000	11
		_enc424j600_setTXStartAddress		CODE           	5F36	0000	43
		_enc424j600_enableReception		CODE           	6288	0000	9
		_ethernetController_disableEthernet		CODE           	6296	0000	3
		_enc424j600_writeSingleByte		CODE           	618C	0000	25
		_ethernetController_writeEtherTypeFieldToBuffer		CODE           	5A72	0000	79
		_enc424j600_getInterruptFlags		CODE           	5AC0	0000	77
		_ethernetController_init		CODE           	4DB6	0000	161
		_enc424j600_updateReceiveStatusVector		CODE           	1B7A	0000	797
		_ethernetController_writeDestinationMACAddress		CODE           	519E	0000	129
		_ethernetController_softReset		CODE           	45A0	0000	267
		_enc424j600_readPHYRegister		CODE           	4360	0000	291
		_enc424j600_setGPDATAWritePointer		CODE           	5C9A	0000	61
		_enc424j600_readControlRegisterUnbanked		CODE           	5DB8	0000	55
		_ethernetController_getDeviceName		CODE           	6098	0000	37
		_enc424j600_setRXBufferStartAddress		CODE           	5F0C	0000	43
		_ethernetController_setLEDConfig		CODE           	4EF4	0000	143
		_enc424j600_writeSPI		CODE           	570E	0000	101
		_ethernetController_newPacketAvailable		CODE           	61DE	0000	19
		_enc424j600_getPacketCount		CODE           	6172	0000	27
		_ethernetController_sendPacket		CODE           	5FDA	0000	41
		_enc424j600_writeControlRegisterUnbanked		CODE           	5D82	0000	55
		_ethernetController_getEtherTypeField		CODE           	555C	0000	113
		_ethernetController_getMTU		CODE           	625E	0000	13
		_enc424j600_setRXTailPointer		CODE           	5EE2	0000	43
		_ethernetController_getSourceMACAddress		CODE           	55CC	0000	113
		_ethernetController_streamToTransmitBuffer		CODE           	5316	0000	121
		_ethernetController_clearInterruptFlag		CODE           	6242	0000	15
		_ethernetController_updateLinkStatus		CODE           	4F82	0000	139
		_ethernetController_checkDeviceId		CODE           	5A24	0000	79
		_ethernetController_pollInterruptFlags		CODE           	3D26	0000	345
		_ethernetController_getMacAddress		CODE           	5476	0000	117
		_ethernetController_getNextPacketPointer		CODE           	6234	0000	15
		_ethernetController_getCurrentPacketCount		CODE           	6290	0000	7
		_enc424j600_enableAutoMACInsertion		CODE           	5F8A	0000	41
		_enc424j600_setTXLength		CODE           	5F60	0000	43

src/enc424j600/ENC424J600.c estimated size: 4421

src/stack/protocols/icmp.c
		_icmp_calculateChecksum		CODE           	3BCE	0000	345
		_icmp_handleNewPacket		CODE           	32AC	0000	411
		_icmp_parseHeader		CODE           	30FC	0000	433
		_icmp_calculateChecksumBuf		CODE           	40FE	0000	309
		_icmp_sendEchoReply		CODE           	2164	0000	635
		_icmp_writeHeaderIntoBuffer		CODE           	4BBA	0000	175

src/stack/protocols/icmp.c estimated size: 2308

