Microchip MPLAB XC8 Compiler V1.45 ()

Linker command line:

-W-3 --edf=C:\Program Files (x86)\Microchip\xc8\v1.45\dat\en_msgs.txt -cs \
  -h+dist/default/production\EthernetDevBoard.X.production.sym \
  --cmf=dist/default/production\EthernetDevBoard.X.production.cmf -z \
  -Q18F25K50 -oC:\Users\stefa\AppData\Local\Temp\shr0.2 \
  -Mdist/default/production/EthernetDevBoard.X.production.map -E1 -ver=XC8 \
  -ASTACK=0379h-07ffh -pstack=STACK -ACODE=00h-07FFFh -ACONST=00h-07FFFh \
  -ASMALLCONST=0800h-08FFhx120 -AMEDIUMCONST=0800h-07FFFh -ACOMRAM=01h-05Fh \
  -AABS1=00h-07FFh -ABIGRAM=01h-07FFh -ARAM=060h-0FFh,0100h-01FFhx7 \
  -ABANK0=060h-0FFh -ABANK1=0100h-01FFh -ABANK2=0200h-02FFh \
  -ABANK3=0300h-03FFh -ABANK4=0400h-04FFh -ABANK5=0500h-05FFh \
  -ABANK6=0600h-06FFh -ABANK7=0700h-07FFh -ASFR=0F53h-0F5Fh,0F60h-0FFFh \
  -preset_vec=00h,intcode=08h,intcodelo,powerup,init -pramtop=0800h \
  -psmallconst=SMALLCONST -pmediumconst=MEDIUMCONST -pconst=CONST \
  -AFARRAM=00h-00h -ACONFIG=0300000h-030000Dh -pconfig=CONFIG \
  -AIDLOC=0200000h-0200007h -pidloc=IDLOC -AEEDATA=0F00000h-0F000FFh \
  -peeprom_data=EEDATA \
  -prdata=COMRAM,nvrram=COMRAM,nvbit=COMRAM,rbss=COMRAM,rbit=COMRAM \
  -pfarbss=FARRAM,fardata=FARRAM,nvFARRAM=FARRAM \
  -pintsave_regs=BIGRAM,bigbss=BIGRAM,bigdata=BIGRAM -pbss=RAM \
  -pidata=CODE,irdata=CODE,ibigdata=CODE,ifardata=CODE -prparam=COMRAM \
  C:\Users\stefa\AppData\Local\Temp\shr0.obj \
  dist/default/production\EthernetDevBoard.X.production.obj 

Object code version is 3.11

Machine type is 18F25K50

Call graph: (short form)




                Name                               Link     Load   Length Selector   Space Scale
C:\Users\stefa\AppData\Local\Temp\shr0.obj
                init                                 E8       E8        4        4       0
                reset_vec                             0        0        4        0       0
                idloc                            200000   200000        8   200000       0
                config                           300000   300000        E   300000       0
dist/default/production\EthernetDevBoard.X.production.obj
                intcode                               8        8       E0        4       0
                temp                                 50       50        1        1       1
                mediumconst                        7A10     7A10      5F0     3D08       0
                text110                            382E     382E       AC        4       0
                text109                            43F2     43F2       52        4       0
                text108                            3CA2     3CA2       7E        4       0
                text107                            349E     349E       BE        4       0
                text106                            4C34     4C34        E        4       0
                text104                            4BFA     4BFA       10        4       0
                text103                            4B36     4B36       1C        4       0
                text102                            404C     404C       6A        4       0
                text101                            4184     4184       64        4       0
                text100                            482A     482A       36        4       0
                text99                             4B6C     4B6C       1A        4       0
                text98                             4C6E     4C6E        6        4       0
                text97                             4AB0     4AB0       24        4       0
                text96                             47F4     47F4       36        4       0
                text95                             4A18     4A18       28        4       0
                text94                             4B86     4B86       18        4       0
                text93                             4C60     4C60        8        4       0
                text92                             4C56     4C56        A        4       0
                text91                             499E     499E       2A        4       0
                text90                             4974     4974       2A        4       0
                text89                             44E2     44E2       4E        4       0
                text88                             2D28     2D28      10A        4       0
                text87                             3EFA     3EFA       72        4       0
                text86                             42F4     42F4       56        4       0
                text85                             4BE8     4BE8       12        4       0
                text84                             468E     468E       42        4       0
                text83                             377C     377C       B2        4       0
                text82                             4748     4748       3C        4       0
                text81                             3FDC     3FDC       70        4       0
                text80                             494A     494A       2A        4       0
                text79                             4920     4920       2A        4       0
                text78                             4A8C     4A8C       24        4       0
                text77                             49F0     49F0       28        4       0
                text76                             470C     470C       3C        4       0
                text75                             3D9A     3D9A       78        4       0
                text74                             3C22     3C22       80        4       0
                text73                             4494     4494       4E        4       0
                text72                             49C8     49C8       28        4       0
                text71                             36CA     36CA       B2        4       0
                text70                             2C0A     2C0A      11E        4       0
                text69                             47BC     47BC       38        4       0
                text68                             4784     4784       38        4       0
                text67                              612      612      4DC        4       0
                text66                             3214     3214       E8        4       0
                text65                             4A66     4A66       26        4       0
                text64                             1B58     1B58      278        4       0
                text63                             3E86     3E86       74        4       0
                text62                             4BD6     4BD6       12        4       0
                text61                             4A40     4A40       26        4       0
                text60                             3618     3618       B2        4       0
                text59                             3B1E     3B1E       84        4       0
                text58                             40B6     40B6       68        4       0
                text57                             2F3A     2F3A       FE        4       0
                text56                             439E     439E       54        4       0
                text55                             4860     4860       32        4       0
                text54                             434A     434A       54        4       0
                text53                             4608     4608       44        4       0
                text52                             201A     201A      1EE        4       0
                text51                             4BC4     4BC4       12        4       0
                text50                             4B18     4B18       1E        4       0
                text49                             4246     4246       58        4       0
                text48                             429E     429E       56        4       0
                text47                              EE8      EE8      388        4       0
                text46                             4B9E     4B9E       14        4       0
                text45                             355C     355C       BC        4       0
                text44                             3A94     3A94       8A        4       0
                text43                             4C26     4C26        E        4       0
                text42                             4BB2     4BB2       12        4       0
                text41                             4530     4530       4C        4       0
                text40                             2862     2862      158        4       0
                text39                             397C     397C       8E        4       0
                text38                             2AE8     2AE8      122        4       0
                text37                             3A0A     3A0A       8A        4       0
                text36                             4AF6     4AF6       22        4       0
                text35                             41E8     41E8       5E        4       0
                text34                             48C2     48C2       30        4       0
                text33                             464C     464C       42        4       0
                text32                             4892     4892       30        4       0
                text31                              AEE      AEE      3FA        4       0
                text30                             2E32     2E32      108        4       0
                text29                             26F6     26F6      16C        4       0
                text28                             3126     3126       EE        4       0
                text27                             4C4C     4C4C        A        4       0
                text26                             4C18     4C18        E        4       0
                text25                             46D0     46D0       3C        4       0
                text24                             2208     2208      1AE        4       0
                text23                             45C4     45C4       44        4       0
                text22                             3F6C     3F6C       70        4       0
                text21                             1270     1270      31C        4       0
                text20                             3E12     3E12       74        4       0
                text19                             3D20     3D20       7A        4       0
                text18                             457C     457C       48        4       0
                text17                             4AD4     4AD4       22        4       0
                text16                             3038     3038       EE        4       0
                text15                             158C     158C      30C        4       0
                text14                             33D6     33D6       C8        4       0
                text13                             1DD0     1DD0      24A        4       0
                text12                             23B6     23B6      1AC        4       0
                text11                               EC       EC      526        4       0
                text10                             2562     2562      194        4       0
                text9                              32FC     32FC       DA        4       0
                text8                              4444     4444       50        4       0
                text7                              29BA     29BA      12E        4       0
                text6                              38DA     38DA       A2        4       0
                text5                              4B52     4B52       1A        4       0
                text4                              4C0A     4C0A        E        4       0
                text3                              411E     411E       66        4       0
                text2                              4C74     4C74        4        4       0
                text1                              4C42     4C42        A        4       0
                text0                              1898     1898      2C0        4       0
                cstackCOMRAM                          1        1       28        1       1
                cstackBANK0                          60       60       A0       60       1
                cstackBANK1                         100      100       8B      100       1
                cstackBANK2                         2E9      2E9       11      200       1
                bssBANK3                            300      300       79      300       1
                dataBANK2                           2BB      2BB       2E      200       1
                bssBANK2                            200      200       BB      200       1
                bssBANK1                            18B      18B       6A      100       1
                dataCOMRAM                           49       49        6        1       1
                bssCOMRAM                            29       29       20        1       1
                bitbssCOMRAM                        278       4F        1        1       1     8
                cinit                              3BA2     3BA2       80        4       0
                idataBANK2                         48F2     48F2       2E        4       0
                idataCOMRAM                        4C68     4C68        6        4       0

TOTAL           Name                               Link     Load   Length     Space
        CLASS   STACK          

        CLASS   CODE           
                intcode                               8        8       E0         0
                init                                 E8       E8        4         0
                reset_vec                             0        0        4         0
                text110                            382E     382E       AC         0
                text109                            43F2     43F2       52         0
                text108                            3CA2     3CA2       7E         0
                text107                            349E     349E       BE         0
                text106                            4C34     4C34        E         0
                text104                            4BFA     4BFA       10         0
                text103                            4B36     4B36       1C         0
                text102                            404C     404C       6A         0
                text101                            4184     4184       64         0
                text100                            482A     482A       36         0
                text99                             4B6C     4B6C       1A         0
                text98                             4C6E     4C6E        6         0
                text97                             4AB0     4AB0       24         0
                text96                             47F4     47F4       36         0
                text95                             4A18     4A18       28         0
                text94                             4B86     4B86       18         0
                text93                             4C60     4C60        8         0
                text92                             4C56     4C56        A         0
                text91                             499E     499E       2A         0
                text90                             4974     4974       2A         0
                text89                             44E2     44E2       4E         0
                text88                             2D28     2D28      10A         0
                text87                             3EFA     3EFA       72         0
                text86                             42F4     42F4       56         0
                text85                             4BE8     4BE8       12         0
                text84                             468E     468E       42         0
                text83                             377C     377C       B2         0
                text82                             4748     4748       3C         0
                text81                             3FDC     3FDC       70         0
                text80                             494A     494A       2A         0
                text79                             4920     4920       2A         0
                text78                             4A8C     4A8C       24         0
                text77                             49F0     49F0       28         0
                text76                             470C     470C       3C         0
                text75                             3D9A     3D9A       78         0
                text74                             3C22     3C22       80         0
                text73                             4494     4494       4E         0
                text72                             49C8     49C8       28         0
                text71                             36CA     36CA       B2         0
                text70                             2C0A     2C0A      11E         0
                text69                             47BC     47BC       38         0
                text68                             4784     4784       38         0
                text67                              612      612      4DC         0
                text66                             3214     3214       E8         0
                text65                             4A66     4A66       26         0
                text64                             1B58     1B58      278         0
                text63                             3E86     3E86       74         0
                text62                             4BD6     4BD6       12         0
                text61                             4A40     4A40       26         0
                text60                             3618     3618       B2         0
                text59                             3B1E     3B1E       84         0
                text58                             40B6     40B6       68         0
                text57                             2F3A     2F3A       FE         0
                text56                             439E     439E       54         0
                text55                             4860     4860       32         0
                text54                             434A     434A       54         0
                text53                             4608     4608       44         0
                text52                             201A     201A      1EE         0
                text51                             4BC4     4BC4       12         0
                text50                             4B18     4B18       1E         0
                text49                             4246     4246       58         0
                text48                             429E     429E       56         0
                text47                              EE8      EE8      388         0
                text46                             4B9E     4B9E       14         0
                text45                             355C     355C       BC         0
                text44                             3A94     3A94       8A         0
                text43                             4C26     4C26        E         0
                text42                             4BB2     4BB2       12         0
                text41                             4530     4530       4C         0
                text40                             2862     2862      158         0
                text39                             397C     397C       8E         0
                text38                             2AE8     2AE8      122         0
                text37                             3A0A     3A0A       8A         0
                text36                             4AF6     4AF6       22         0
                text35                             41E8     41E8       5E         0
                text34                             48C2     48C2       30         0
                text33                             464C     464C       42         0
                text32                             4892     4892       30         0
                text31                              AEE      AEE      3FA         0
                text30                             2E32     2E32      108         0
                text29                             26F6     26F6      16C         0
                text28                             3126     3126       EE         0
                text27                             4C4C     4C4C        A         0
                text26                             4C18     4C18        E         0
                text25                             46D0     46D0       3C         0
                text24                             2208     2208      1AE         0
                text23                             45C4     45C4       44         0
                text22                             3F6C     3F6C       70         0
                text21                             1270     1270      31C         0
                text20                             3E12     3E12       74         0
                text19                             3D20     3D20       7A         0
                text18                             457C     457C       48         0
                text17                             4AD4     4AD4       22         0
                text16                             3038     3038       EE         0
                text15                             158C     158C      30C         0
                text14                             33D6     33D6       C8         0
                text13                             1DD0     1DD0      24A         0
                text12                             23B6     23B6      1AC         0
                text11                               EC       EC      526         0
                text10                             2562     2562      194         0
                text9                              32FC     32FC       DA         0
                text8                              4444     4444       50         0
                text7                              29BA     29BA      12E         0
                text6                              38DA     38DA       A2         0
                text5                              4B52     4B52       1A         0
                text4                              4C0A     4C0A        E         0
                text3                              411E     411E       66         0
                text2                              4C74     4C74        4         0
                text1                              4C42     4C42        A         0
                text0                              1898     1898      2C0         0
                cinit                              3BA2     3BA2       80         0
                idataBANK2                         48F2     48F2       2E         0
                idataCOMRAM                        4C68     4C68        6         0

        CLASS   CONST          

        CLASS   SMALLCONST     

        CLASS   MEDIUMCONST    
                mediumconst                        7A10     7A10      5F0         0

        CLASS   COMRAM         
                temp                                 50       50        1         1
                cstackCOMRAM                          1        1       28         1
                dataCOMRAM                           49       49        6         1
                bssCOMRAM                            29       29       20         1
                bitbssCOMRAM                        278       4F        1         1

        CLASS   ABS1           

        CLASS   BIGRAM         

        CLASS   RAM            

        CLASS   BANK0          
                cstackBANK0                          60       60       A0         1

        CLASS   BANK1          
                cstackBANK1                         100      100       8B         1
                bssBANK1                            18B      18B       6A         1

        CLASS   BANK2          
                cstackBANK2                         2E9      2E9       11         1
                dataBANK2                           2BB      2BB       2E         1
                bssBANK2                            200      200       BB         1

        CLASS   BANK3          
                bssBANK3                            300      300       79         1

        CLASS   BANK4          

        CLASS   BANK5          

        CLASS   BANK6          

        CLASS   BANK7          

        CLASS   SFR            

        CLASS   FARRAM         

        CLASS   CONFIG         
                config                           300000   300000        E         0

        CLASS   IDLOC          
                idloc                            200000   200000        8         0

        CLASS   EEDATA         



SEGMENTS        Name                           Load    Length   Top    Selector   Space  Class

                reset_vec                      000000  000004  000004         0       0  CODE    
                cstackCOMRAM                   000001  000050  000051         1       1  COMRAM  
                intcode                        000008  004C70  004C78         4       0  CODE    
                cstackBANK0                    000060  0000A0  000100        60       1  BANK0   
                cstackBANK1                    000100  0000F5  0001F5       100       1  BANK1   
                bssBANK2                       000200  0000FA  0002FA       200       1  BANK2   
                bssBANK3                       000300  000079  000379       300       1  BANK3   
                mediumconst                    007A10  0005F0  008000      3D08       0  MEDIUMCO
                idloc                          200000  000008  200008    200000       0  IDLOC   
                config                         300000  00000E  30000E    300000       0  CONFIG  


UNUSED ADDRESS RANGES

        Name                Unused          Largest block    Delta
        BANK1            0001F5-0001FF                B
        BANK2            0002FA-0002FF                6
        BANK3            000379-0003FF               87
        BANK4            000400-0004FF              100
        BANK5            000500-0005FF              100
        BANK6            000600-0006FF              100
        BANK7            000700-0007FF              100
        BIGRAM           000051-00005F                F
                         0001F5-0001FF                B
                         0002FA-0002FF                6
                         000379-0007FF              487
        CODE             000004-000007                4
                         004C78-007A0F             2D98
        COMRAM           000051-00005F                F
        CONST            000004-000007                4
                         004C78-007A0F             2D98
        EEDATA           F00000-F000FF              100
        MEDIUMCONST      004C78-007A0F             2D98
        RAM              0001F5-0001FF                B
                         0002FA-0002FF                6
                         000379-0007FF              100
        SFR              000F53-000FFF                D
        SMALLCONST       004C78-007A0F              100
        STACK            000379-0007FF              487

                                  Symbol Table

?___lldiv                                                 cstackBANK0  000060
?___llmod                                                 cstackBANK0  000060
?___lmul                                                  cstackBANK0  000060
?___lwdiv                                                 cstackBANK0  000060
?___lwmod                                                 cstackBANK0  00006E
?___wmul                                                  cstackBANK0  000060
?_arp_parseFromRXBuffer                                   cstackBANK0  000074
?_arp_probe                                               cstackBANK0  0000FC
?_enc424j600_getInterruptFlags                            cstackBANK0  00006E
?_enc424j600_getNextPacketPointer                         cstackBANK0  000060
?_enc424j600_updateReceiveStatusVector                    cstackBANK0  000060
?_etherTypeToString                                       cstackBANK0  000060
?_ethernetController_checkDeviceId                        cstackBANK0  00006E
?_ethernetController_getDeviceName                        cstackBANK0  000060
?_ethernetController_getEtherTypeField                    cstackBANK0  00006F
?_ethernetController_getMacAddress                        cstackBANK0  00006E
?_ethernetController_getNextPacketPointer                 cstackBANK0  000062
?_ethernetController_getRSV                               cstackBANK0  000071
?_ethernetController_getSourceMACAddress                  cstackBANK0  00006F
?_ethernetController_init                                 cstackBANK0  00007A
?_ethernetController_pollInterruptFlags                   cstackBANK0  000078
?_ethernetController_softReset                            cstackBANK0  00006E
?_ethernet_rxGetNewFrame                                  cstackBANK1  000178
?_getMillis                                               cstackBANK0  000060
?_hexToString                                             cstackBANK0  000061
?_intToString                                             cstackBANK0  000084
?_ipAdressToString                                        cstackBANK0  000073
?_ipProtocolToString                                      cstackBANK0  000060
?_ipv4_getIPSourceAddress                                 cstackBANK0  000060
?_ipv4_getPreliminaryIPSourceAddress                      cstackBANK0  000060
?_ipv4_parseHeader                                        cstackBANK0  000074
?_macToString                                             cstackBANK0  00007A
?_memory_txFrameRequest                                   cstackBANK0  000084
?_rand                                                    cstackBANK0  00006C
?i2___lwdiv                                               cstackCOMRAM 000001
UARTTransmitInt@val                                       cstackBANK0  00009A
UARTTransmitText@str                                      cstackBANK0  000098
_ANSELA                                                   (abs)        000F5B
_ANSELB                                                   (abs)        000F5C
_ANSELBbits                                               (abs)        000F5C
_ANSELC                                                   (abs)        000F5D
_CCP1CONbits                                              (abs)        000FBD
_CCPR1                                                    (abs)        000FBE
_INTCON3bits                                              (abs)        000FF0
_INTCONbits                                               (abs)        000FF2
_ISR                                                      intcode      000008
_OSCCON2bits                                              (abs)        000FD2
_OSCCONbits                                               (abs)        000FD3
_PIE1bits                                                 (abs)        000F9D
_PIR1bits                                                 (abs)        000F9E
_PORTA                                                    (abs)        000F80
_PORTB                                                    (abs)        000F81
_PORTBbits                                                (abs)        000F81
_PORTC                                                    (abs)        000F82
_RCIE                                                     (abs)        007CED
_RCIF                                                     (abs)        007CF5
_RCIP                                                     (abs)        007CFD
_RCONbits                                                 (abs)        000FD0
_RCSTA1bits                                               (abs)        000FAB
_SPBRG                                                    (abs)        000FAF
_SSP1BUF                                                  (abs)        000FC9
_SSP1CON1bits                                             (abs)        000FC6
_SSP1STATbits                                             (abs)        000FC7
_T0CONbits                                                (abs)        000FD5
_T1CONbits                                                (abs)        000FCD
_TRISA                                                    (abs)        000F92
_TRISB                                                    (abs)        000F93
_TRISBbits                                                (abs)        000F93
_TRISC                                                    (abs)        000F94
_TRMT                                                     (abs)        007D61
_TXIF                                                     (abs)        007CF4
_TXREG1                                                   (abs)        000FAD
_TXSTA1bits                                               (abs)        000FAC
_UARTInit                                                 text104      004BFA
_UARTTransmitInt                                          text36       004AF6
_UARTTransmitText                                         text86       0042F4
__CFG_BOREN$SBORDIS                                       (abs)        000000
__CFG_BORV$190                                            (abs)        000000
__CFG_CCP2MX$RC1                                          (abs)        000000
__CFG_CFGPLLEN$ON                                         (abs)        000000
__CFG_CP0$OFF                                             (abs)        000000
__CFG_CP1$OFF                                             (abs)        000000
__CFG_CP2$OFF                                             (abs)        000000
__CFG_CP3$OFF                                             (abs)        000000
__CFG_CPB$OFF                                             (abs)        000000
__CFG_CPD$OFF                                             (abs)        000000
__CFG_CPUDIV$NOCLKDIV                                     (abs)        000000
__CFG_EBTR0$OFF                                           (abs)        000000
__CFG_EBTR1$OFF                                           (abs)        000000
__CFG_EBTR2$OFF                                           (abs)        000000
__CFG_EBTR3$OFF                                           (abs)        000000
__CFG_EBTRB$OFF                                           (abs)        000000
__CFG_FCMEN$OFF                                           (abs)        000000
__CFG_FOSC$INTOSCIO                                       (abs)        000000
__CFG_ICPRT$OFF                                           (abs)        000000
__CFG_IESO$OFF                                            (abs)        000000
__CFG_LS48MHZ$SYS24X4                                     (abs)        000000
__CFG_LVP$ON                                              (abs)        000000
__CFG_MCLRE$ON                                            (abs)        000000
__CFG_PBADEN$ON                                           (abs)        000000
__CFG_PCLKEN$ON                                           (abs)        000000
__CFG_PLLSEL$PLL4X                                        (abs)        000000
__CFG_SDOMX$RB3                                           (abs)        000000
__CFG_STVREN$ON                                           (abs)        000000
__CFG_T3CMX$RC0                                           (abs)        000000
__CFG_WDTEN$ON                                            (abs)        000000
__CFG_WDTPS$1024                                          (abs)        000000
__CFG_WRT0$OFF                                            (abs)        000000
__CFG_WRT1$OFF                                            (abs)        000000
__CFG_WRT2$OFF                                            (abs)        000000
__CFG_WRT3$OFF                                            (abs)        000000
__CFG_WRTB$OFF                                            (abs)        000000
__CFG_WRTC$OFF                                            (abs)        000000
__CFG_WRTD$OFF                                            (abs)        000000
__CFG_XINST$OFF                                           (abs)        000000
__CFG_nLPBOR$OFF                                          (abs)        000000
__CFG_nPWRTEN$OFF                                         (abs)        000000
__HRAM                                                    (abs)        000000
__Habs1                                                   abs1         000000
__Hbank0                                                  bank0        000000
__Hbank1                                                  bank1        000000
__Hbank2                                                  bank2        000000
__Hbank3                                                  bank3        000000
__Hbank4                                                  bank4        000000
__Hbank5                                                  bank5        000000
__Hbank6                                                  bank6        000000
__Hbank7                                                  bank7        000000
__Hbigbss                                                 bigbss       000000
__Hbigdata                                                bigdata      000000
__Hbigram                                                 bigram       000000
__HbitbssCOMRAM                                           bitbssCOMRAM 000000
__Hbss                                                    bss          000000
__HbssBANK1                                               bssBANK1     000000
__HbssBANK2                                               bssBANK2     000000
__HbssBANK3                                               bssBANK3     000000
__HbssCOMRAM                                              bssCOMRAM    000000
__Hcinit                                                  cinit        000000
__Hclrtext                                                clrtext      000000
__Hcomram                                                 comram       000000
__Hconfig                                                 config       30000E
__Hconst                                                  const        000000
__HcstackBANK0                                            cstackBANK0  000000
__HcstackBANK1                                            cstackBANK1  000000
__HcstackBANK2                                            cstackBANK2  000000
__HcstackCOMRAM                                           cstackCOMRAM 000000
__Hdata                                                   data         000000
__HdataBANK2                                              dataBANK2    000000
__HdataCOMRAM                                             dataCOMRAM   000000
__Heeprom_data                                            eeprom_data  000000
__Hfarbss                                                 farbss       000000
__Hfardata                                                fardata      000000
__Hibigdata                                               ibigdata     000000
__Hidata                                                  idata        000000
__HidataBANK2                                             idataBANK2   000000
__HidataCOMRAM                                            idataCOMRAM  000000
__Hidloc                                                  idloc        200008
__Hifardata                                               ifardata     000000
__Hinit                                                   init         0000EC
__Hintcode                                                intcode      0000E8
__Hintcode_body                                           intcode_body 000000
__Hintcodelo                                              intcodelo    0000E8
__Hintentry                                               intentry     000000
__Hintret                                                 intret       000000
__Hintsave_regs                                           intsave_regs 000000
__Hirdata                                                 irdata       000000
__Hmediumconst                                            mediumconst  008000
__HnvFARRAM                                               nvFARRAM     000000
__Hnvbit                                                  nvbit        000000
__Hnvrram                                                 nvrram       000000
__Hparam                                                  rparam       000000
__Hpowerup                                                powerup      0000E8
__Hram                                                    ram          000000
__Hramtop                                                 ramtop       000800
__Hrbit                                                   rbit         000000
__Hrbss                                                   rbss         000000
__Hrdata                                                  rdata        000000
__Hreset_vec                                              reset_vec    000004
__Hrparam                                                 rparam       000000
__Hsfr                                                    sfr          000000
__Hsmallconst                                             smallconst   000000
__Hspace_0                                                (abs)        30000E
__Hspace_1                                                (abs)        000379
__Hspace_2                                                (abs)        000000
__Hstack                                                  stack        000000
__Hstruct                                                 struct       000000
__Htemp                                                   temp         000051
__Htext                                                   text         000000
__Htext0                                                  text0        000000
__Htext1                                                  text1        000000
__Htext10                                                 text10       000000
__Htext100                                                text100      000000
__Htext101                                                text101      000000
__Htext102                                                text102      000000
__Htext103                                                text103      000000
__Htext104                                                text104      000000
__Htext106                                                text106      000000
__Htext107                                                text107      000000
__Htext108                                                text108      000000
__Htext109                                                text109      000000
__Htext11                                                 text11       000000
__Htext110                                                text110      000000
__Htext12                                                 text12       000000
__Htext13                                                 text13       000000
__Htext14                                                 text14       000000
__Htext15                                                 text15       000000
__Htext16                                                 text16       000000
__Htext17                                                 text17       000000
__Htext18                                                 text18       000000
__Htext19                                                 text19       000000
__Htext2                                                  text2        000000
__Htext20                                                 text20       000000
__Htext21                                                 text21       000000
__Htext22                                                 text22       000000
__Htext23                                                 text23       000000
__Htext24                                                 text24       000000
__Htext25                                                 text25       000000
__Htext26                                                 text26       000000
__Htext27                                                 text27       000000
__Htext28                                                 text28       000000
__Htext29                                                 text29       000000
__Htext3                                                  text3        000000
__Htext30                                                 text30       000000
__Htext31                                                 text31       000000
__Htext32                                                 text32       000000
__Htext33                                                 text33       000000
__Htext34                                                 text34       000000
__Htext35                                                 text35       000000
__Htext36                                                 text36       000000
__Htext37                                                 text37       000000
__Htext38                                                 text38       000000
__Htext39                                                 text39       000000
__Htext4                                                  text4        000000
__Htext40                                                 text40       000000
__Htext41                                                 text41       000000
__Htext42                                                 text42       000000
__Htext43                                                 text43       000000
__Htext44                                                 text44       000000
__Htext45                                                 text45       000000
__Htext46                                                 text46       000000
__Htext47                                                 text47       000000
__Htext48                                                 text48       000000
__Htext49                                                 text49       000000
__Htext5                                                  text5        000000
__Htext50                                                 text50       000000
__Htext51                                                 text51       000000
__Htext52                                                 text52       000000
__Htext53                                                 text53       000000
__Htext54                                                 text54       000000
__Htext55                                                 text55       000000
__Htext56                                                 text56       000000
__Htext57                                                 text57       000000
__Htext58                                                 text58       000000
__Htext59                                                 text59       000000
__Htext6                                                  text6        000000
__Htext60                                                 text60       000000
__Htext61                                                 text61       000000
__Htext62                                                 text62       000000
__Htext63                                                 text63       000000
__Htext64                                                 text64       000000
__Htext65                                                 text65       000000
__Htext66                                                 text66       000000
__Htext67                                                 text67       000000
__Htext68                                                 text68       000000
__Htext69                                                 text69       000000
__Htext7                                                  text7        000000
__Htext70                                                 text70       000000
__Htext71                                                 text71       000000
__Htext72                                                 text72       000000
__Htext73                                                 text73       000000
__Htext74                                                 text74       000000
__Htext75                                                 text75       000000
__Htext76                                                 text76       000000
__Htext77                                                 text77       000000
__Htext78                                                 text78       000000
__Htext79                                                 text79       000000
__Htext8                                                  text8        000000
__Htext80                                                 text80       000000
__Htext81                                                 text81       000000
__Htext82                                                 text82       000000
__Htext83                                                 text83       000000
__Htext84                                                 text84       000000
__Htext85                                                 text85       000000
__Htext86                                                 text86       000000
__Htext87                                                 text87       000000
__Htext88                                                 text88       000000
__Htext89                                                 text89       000000
__Htext9                                                  text9        000000
__Htext90                                                 text90       000000
__Htext91                                                 text91       000000
__Htext92                                                 text92       000000
__Htext93                                                 text93       000000
__Htext94                                                 text94       000000
__Htext95                                                 text95       000000
__Htext96                                                 text96       000000
__Htext97                                                 text97       000000
__Htext98                                                 text98       000000
__Htext99                                                 text99       000000
__LRAM                                                    (abs)        000001
__Labs1                                                   abs1         000000
__Lbank0                                                  bank0        000000
__Lbank1                                                  bank1        000000
__Lbank2                                                  bank2        000000
__Lbank3                                                  bank3        000000
__Lbank4                                                  bank4        000000
__Lbank5                                                  bank5        000000
__Lbank6                                                  bank6        000000
__Lbank7                                                  bank7        000000
__Lbigbss                                                 bigbss       000000
__Lbigdata                                                bigdata      000000
__Lbigram                                                 bigram       000000
__LbitbssCOMRAM                                           bitbssCOMRAM 000000
__Lbss                                                    bss          000000
__LbssBANK1                                               bssBANK1     000000
__LbssBANK2                                               bssBANK2     000000
__LbssBANK3                                               bssBANK3     000000
__LbssCOMRAM                                              bssCOMRAM    000000
__Lcinit                                                  cinit        000000
__Lclrtext                                                clrtext      000000
__Lcomram                                                 comram       000000
__Lconfig                                                 config       300000
__Lconst                                                  const        000000
__LcstackBANK0                                            cstackBANK0  000000
__LcstackBANK1                                            cstackBANK1  000000
__LcstackBANK2                                            cstackBANK2  000000
__LcstackCOMRAM                                           cstackCOMRAM 000000
__Ldata                                                   data         000000
__LdataBANK2                                              dataBANK2    000000
__LdataCOMRAM                                             dataCOMRAM   000000
__Leeprom_data                                            eeprom_data  000000
__Lfarbss                                                 farbss       000000
__Lfardata                                                fardata      000000
__Libigdata                                               ibigdata     000000
__Lidata                                                  idata        000000
__LidataBANK2                                             idataBANK2   000000
__LidataCOMRAM                                            idataCOMRAM  000000
__Lidloc                                                  idloc        200000
__Lifardata                                               ifardata     000000
__Linit                                                   init         0000E8
__Lintcode                                                intcode      000008
__Lintcode_body                                           intcode_body 000000
__Lintcodelo                                              intcodelo    0000E8
__Lintentry                                               intentry     000000
__Lintret                                                 intret       000000
__Lintsave_regs                                           intsave_regs 000000
__Lirdata                                                 irdata       000000
__Lmediumconst                                            mediumconst  007A10
__LnvFARRAM                                               nvFARRAM     000000
__Lnvbit                                                  nvbit        000000
__Lnvrram                                                 nvrram       000000
__Lparam                                                  rparam       000000
__Lpowerup                                                powerup      0000E8
__Lram                                                    ram          000000
__Lramtop                                                 ramtop       000800
__Lrbit                                                   rbit         000000
__Lrbss                                                   rbss         000000
__Lrdata                                                  rdata        000000
__Lreset_vec                                              reset_vec    000000
__Lrparam                                                 rparam       000000
__Lsfr                                                    sfr          000000
__Lsmallconst                                             smallconst   000000
__Lspace_0                                                (abs)        000000
__Lspace_1                                                (abs)        000000
__Lspace_2                                                (abs)        000000
__Lstack                                                  stack        000000
__Lstruct                                                 struct       000000
__Ltemp                                                   temp         000050
__Ltext                                                   text         000000
__Ltext0                                                  text0        000000
__Ltext1                                                  text1        000000
__Ltext10                                                 text10       000000
__Ltext100                                                text100      000000
__Ltext101                                                text101      000000
__Ltext102                                                text102      000000
__Ltext103                                                text103      000000
__Ltext104                                                text104      000000
__Ltext106                                                text106      000000
__Ltext107                                                text107      000000
__Ltext108                                                text108      000000
__Ltext109                                                text109      000000
__Ltext11                                                 text11       000000
__Ltext110                                                text110      000000
__Ltext12                                                 text12       000000
__Ltext13                                                 text13       000000
__Ltext14                                                 text14       000000
__Ltext15                                                 text15       000000
__Ltext16                                                 text16       000000
__Ltext17                                                 text17       000000
__Ltext18                                                 text18       000000
__Ltext19                                                 text19       000000
__Ltext2                                                  text2        000000
__Ltext20                                                 text20       000000
__Ltext21                                                 text21       000000
__Ltext22                                                 text22       000000
__Ltext23                                                 text23       000000
__Ltext24                                                 text24       000000
__Ltext25                                                 text25       000000
__Ltext26                                                 text26       000000
__Ltext27                                                 text27       000000
__Ltext28                                                 text28       000000
__Ltext29                                                 text29       000000
__Ltext3                                                  text3        000000
__Ltext30                                                 text30       000000
__Ltext31                                                 text31       000000
__Ltext32                                                 text32       000000
__Ltext33                                                 text33       000000
__Ltext34                                                 text34       000000
__Ltext35                                                 text35       000000
__Ltext36                                                 text36       000000
__Ltext37                                                 text37       000000
__Ltext38                                                 text38       000000
__Ltext39                                                 text39       000000
__Ltext4                                                  text4        000000
__Ltext40                                                 text40       000000
__Ltext41                                                 text41       000000
__Ltext42                                                 text42       000000
__Ltext43                                                 text43       000000
__Ltext44                                                 text44       000000
__Ltext45                                                 text45       000000
__Ltext46                                                 text46       000000
__Ltext47                                                 text47       000000
__Ltext48                                                 text48       000000
__Ltext49                                                 text49       000000
__Ltext5                                                  text5        000000
__Ltext50                                                 text50       000000
__Ltext51                                                 text51       000000
__Ltext52                                                 text52       000000
__Ltext53                                                 text53       000000
__Ltext54                                                 text54       000000
__Ltext55                                                 text55       000000
__Ltext56                                                 text56       000000
__Ltext57                                                 text57       000000
__Ltext58                                                 text58       000000
__Ltext59                                                 text59       000000
__Ltext6                                                  text6        000000
__Ltext60                                                 text60       000000
__Ltext61                                                 text61       000000
__Ltext62                                                 text62       000000
__Ltext63                                                 text63       000000
__Ltext64                                                 text64       000000
__Ltext65                                                 text65       000000
__Ltext66                                                 text66       000000
__Ltext67                                                 text67       000000
__Ltext68                                                 text68       000000
__Ltext69                                                 text69       000000
__Ltext7                                                  text7        000000
__Ltext70                                                 text70       000000
__Ltext71                                                 text71       000000
__Ltext72                                                 text72       000000
__Ltext73                                                 text73       000000
__Ltext74                                                 text74       000000
__Ltext75                                                 text75       000000
__Ltext76                                                 text76       000000
__Ltext77                                                 text77       000000
__Ltext78                                                 text78       000000
__Ltext79                                                 text79       000000
__Ltext8                                                  text8        000000
__Ltext80                                                 text80       000000
__Ltext81                                                 text81       000000
__Ltext82                                                 text82       000000
__Ltext83                                                 text83       000000
__Ltext84                                                 text84       000000
__Ltext85                                                 text85       000000
__Ltext86                                                 text86       000000
__Ltext87                                                 text87       000000
__Ltext88                                                 text88       000000
__Ltext89                                                 text89       000000
__Ltext9                                                  text9        000000
__Ltext90                                                 text90       000000
__Ltext91                                                 text91       000000
__Ltext92                                                 text92       000000
__Ltext93                                                 text93       000000
__Ltext94                                                 text94       000000
__Ltext95                                                 text95       000000
__Ltext96                                                 text96       000000
__Ltext97                                                 text97       000000
__Ltext98                                                 text98       000000
__Ltext99                                                 text99       000000
__S0                                                      (abs)        30000E
__S1                                                      (abs)        000379
__S2                                                      (abs)        000000
___inthi_sp                                               stack        000000
___intlo_sp                                               stack        000000
___lldiv                                                  text59       003B1E
___lldiv@counter                                          cstackBANK0  00006C
___lldiv@dividend                                         cstackBANK0  000060
___lldiv@divisor                                          cstackBANK0  000064
___lldiv@quotient                                         cstackBANK0  000068
___llmod                                                  text58       0040B6
___llmod@counter                                          cstackBANK0  000068
___llmod@dividend                                         cstackBANK0  000060
___llmod@divisor                                          cstackBANK0  000064
___lmul                                                   text49       004246
___lmul@multiplicand                                      cstackBANK0  000064
___lmul@multiplier                                        cstackBANK0  000060
___lmul@product                                           cstackBANK0  000068
___lwdiv                                                  text54       00434A
___lwdiv@counter                                          cstackBANK0  000064
___lwdiv@dividend                                         cstackBANK0  000060
___lwdiv@divisor                                          cstackBANK0  000062
___lwdiv@quotient                                         cstackBANK0  000065
___lwmod                                                  text53       004608
___lwmod@counter                                          cstackBANK0  000072
___lwmod@dividend                                         cstackBANK0  00006E
___lwmod@divisor                                          cstackBANK0  000070
___param_bank                                             (abs)        000000
___rparam_used                                            (abs)        000001
___sp                                                     stack        000000
___wmul                                                   text72       0049C8
___wmul@multiplicand                                      cstackBANK0  000062
___wmul@multiplier                                        cstackBANK0  000060
___wmul@product                                           cstackBANK0  000064
__accesstop                                               (abs)        000060
__activetblptr                                            (abs)        000002
__end_of_ISR                                              intcode      0000E8
__end_of_UARTInit                                         text104      004C0A
__end_of_UARTTransmitInt                                  text36       004B18
__end_of_UARTTransmitText                                 text86       00434A
__end_of___lldiv                                          text59       003BA2
__end_of___llmod                                          text58       00411E
__end_of___lmul                                           text49       00429E
__end_of___lwdiv                                          text54       00439E
__end_of___lwmod                                          text53       00464C
__end_of___wmul                                           text72       0049F0
__end_of__initialization                                  cinit        003C14
__end_of_arp_background                                   text45       003618
__end_of_arp_checkForEntry                                text83       00382E
__end_of_arp_handleNewPacket                              text24       0023B6
__end_of_arp_init                                         text3        004184
__end_of_arp_parseFromRXBuffer                            text31       000EE8
__end_of_arp_probe                                        text47       001270
__end_of_arp_send                                         text64       001DD0
__end_of_arp_sendReply                                    text29       002862
__end_of_arp_sendRequest                                  text60       0036CA
__end_of_arp_setNewEntry                                  text28       003214
__end_of_buttonHandler                                    text110      0038DA
__end_of_checkForOverlap                                  text70       002D28
__end_of_checkForOverlapSwitched                          text71       00377C
__end_of_enc424j600_clearInterruptFlag                    text44       003B1E
__end_of_enc424j600_enableAutoMACInsertion                text95       004A40
__end_of_enc424j600_enableReception                       text93       004C68
__end_of_enc424j600_getInterruptFlags                     text41       00457C
__end_of_enc424j600_getNextPacketPointer                  text27       004C56
__end_of_enc424j600_getPacketCount                        text99       004B86
__end_of_enc424j600_initSPI                               text103      004B52
__end_of_enc424j600_readControlRegisterUnbanked           text100      004860
__end_of_enc424j600_readPHYRegister                       text38       002C0A
__end_of_enc424j600_readSPI                               text102      0040B6
__end_of_enc424j600_setERXDATAReadPointer                 text82       004784
__end_of_enc424j600_setGPDATAWritePointer                 text76       004748
__end_of_enc424j600_setNextPacketPointer                  text92       004C60
__end_of_enc424j600_setRXBufferStartAddress               text91       0049C8
__end_of_enc424j600_setRXTailPointer                      text90       00499E
__end_of_enc424j600_setTXLength                           text80       004974
__end_of_enc424j600_setTXStartAddress                     text79       00494A
__end_of_enc424j600_updateReceiveStatusVector             text21       00158C
__end_of_enc424j600_writeControlRegisterUnbanked          text96       00482A
__end_of_enc424j600_writeSPI                              text101      0041E8
__end_of_enc424j600_writeSingleByte                       text94       004B9E
__end_of_entireMemoryEmpty                                text69       0047F4
__end_of_entireMemoryFull                                 text68       0047BC
__end_of_etherTypeToString                                text23       004608
__end_of_ethernetController_checkDeviceId                 text89       004530
__end_of_ethernetController_clearInterruptFlag            text43       004C34
__end_of_ethernetController_dropPacket                    text25       00470C
__end_of_ethernetController_getCurrentPacketCount         text98       004C74
__end_of_ethernetController_getDeviceName                 text97       004AD4
__end_of_ethernetController_getEtherTypeField             text22       003FDC
__end_of_ethernetController_getMacAddress                 text63       003EFA
__end_of_ethernetController_getNextPacketPointer          text26       004C26
__end_of_ethernetController_getRSV                        text20       003E86
__end_of_ethernetController_getSourceMACAddress           text81       00404C
__end_of_ethernetController_init                          text87       003F6C
__end_of_ethernetController_newPacketAvailable            text42       004BC4
__end_of_ethernetController_pollInterruptFlags            text40       0029BA
__end_of_ethernetController_sendPacket                    text77       004A18
__end_of_ethernetController_setLEDConfig                  text39       003A0A
__end_of_ethernetController_softReset                     text88       002E32
__end_of_ethernetController_streamFromRXBuffer            text35       004246
__end_of_ethernetController_streamToTransmitBuffer        text75       003E12
__end_of_ethernetController_updateLinkStatus              text37       003A94
__end_of_ethernetController_updateNextPacketPointer       text19       003D9A
__end_of_ethernetController_writeDestinationMACAddress    text74       003CA2
__end_of_ethernetController_writeEtherTypeFieldToBuffer   text73       0044E2
__end_of_ethernet_rxGetNewFrame                           text11       000612
__end_of_ethernet_txFrameRequest                          text66       0032FC
__end_of_getMillis                                        text85       004BFA
__end_of_handleStackBackgroundTasks                       text9        0033D6
__end_of_hexToChar                                        text17       004AF6
__end_of_hexToString                                      text16       003126
__end_of_intToString                                      text55       004892
__end_of_ipAdressToString                                 text52       002208
__end_of_ipProtocolToString                               text18       0045C4
__end_of_ipv4_SrcAddrChanged                              text46       004BB2
__end_of_ipv4_background                                  text10       0026F6
__end_of_ipv4_calculateHeaderChecksum                     text15       001898
__end_of_ipv4_checkHeaderChecksum                         text14       00349E
__end_of_ipv4_cmp                                         text84       0046D0
__end_of_ipv4_getIPSourceAddress                          text62       004BE8
__end_of_ipv4_getPreliminaryIPSourceAddress               text51       004BD6
__end_of_ipv4_handleNewPacket                             text12       002562
__end_of_ipv4_init                                        text2        004C78
__end_of_ipv4_isAllZero                                   text34       0048F2
__end_of_ipv4_parseHeader                                 text13       00201A
__end_of_ipv4_setIPSourceAddress                          text8        004494
__end_of_ipv4_setToAllZero                                text50       004B36
__end_of_ltoa                                             text56       0043F2
__end_of_macToString                                      text30       002F3A
__end_of_mac_cmp                                          text33       00468E
__end_of_mac_isAllZero                                    text32       0048C2
__end_of_mac_setAllZero                                   text61       004A66
__end_of_mac_setToBroadcast                               text65       004A8C
__end_of_main                                             text0        001B58
__end_of_memory_txFrameClear                              text78       004AB0
__end_of_memory_txFrameRequest                            text67       000AEE
__end_of_parseNumber                                      text108      003D20
__end_of_printErrorMessage                                text7        002AE8
__end_of_printEthernetState                               text6        00397C
__end_of_rand                                             text48       0042F4
__end_of_sevenSegmentInit                                 text5        004B6C
__end_of_sevenSegmentUpdate                               text107      00355C
__end_of_srand                                            text4        004C18
__end_of_stack_init                                       text1        004C4C
__end_of_ultoa                                            text57       003038
__end_of_updateTime                                       text106      004C42
__end_ofethernetController_getDeviceName@F5993            mediumconst  007A1C
__end_ofi2___lwdiv                                        text109      004444
__initialization                                          cinit        003BA2
__mediumconst                                             mediumconst  007A10
__pbitbssCOMRAM                                           bitbssCOMRAM 000278
__pbssBANK1                                               bssBANK1     00018B
__pbssBANK2                                               bssBANK2     000200
__pbssBANK3                                               bssBANK3     000300
__pbssCOMRAM                                              bssCOMRAM    000029
__pcinit                                                  cinit        003BA2
__pcstackBANK0                                            cstackBANK0  000060
__pcstackBANK1                                            cstackBANK1  000100
__pcstackBANK2                                            cstackBANK2  0002E9
__pcstackCOMRAM                                           cstackCOMRAM 000001
__pdataBANK2                                              dataBANK2    0002BB
__pdataCOMRAM                                             dataCOMRAM   000049
__pidataBANK2                                             idataBANK2   0048F2
__pidataCOMRAM                                            idataCOMRAM  004C68
__pintcode                                                intcode      000008
__pmediumconst                                            mediumconst  007A10
__ptext0                                                  text0        001898
__ptext1                                                  text1        004C42
__ptext10                                                 text10       002562
__ptext100                                                text100      00482A
__ptext101                                                text101      004184
__ptext102                                                text102      00404C
__ptext103                                                text103      004B36
__ptext104                                                text104      004BFA
__ptext106                                                text106      004C34
__ptext107                                                text107      00349E
__ptext108                                                text108      003CA2
__ptext109                                                text109      0043F2
__ptext11                                                 text11       0000EC
__ptext110                                                text110      00382E
__ptext12                                                 text12       0023B6
__ptext13                                                 text13       001DD0
__ptext14                                                 text14       0033D6
__ptext15                                                 text15       00158C
__ptext16                                                 text16       003038
__ptext17                                                 text17       004AD4
__ptext18                                                 text18       00457C
[...]
		 -> enc424j600_readPHYRegister@highByte(1), enc424j600_readPHYRegister@lowByte(1), enc424j600_readPHYRegister@temp(1), ethernetController_setLEDConfig@data(1), 
		 -> ethernetController_updateLinkStatus@temp(1), ethernetController_streamFromRXBuffer@temp(1), ethernetController_updateNextPacketPointer@newPointerH(1), ethernetController_updateNextPacketPointer@newPointerL(1), 
		 -> ethernetController_getRSV@temp(6), ethernetController_getEtherTypeField@lowByte(1), ethernetController_getEtherTypeField@highByte(1), ethernetController_getSourceMACAddress@temp(1), 
		 -> ethernetController_getDestinationMACAddress@temp(1), mac.address(6), ethernetController_getMacAddress@mac(6), ethernetController_getSiliconRevision@data(1), 
		 -> ethernetController_checkDeviceId@data(1), ethernetController_softReset@receivedData(2), 
 Auto vars:     Size  Location     Type
  timeoutCount    4    6[BANK0 ] unsigned long 
 Return value:  Size  Location     Type
                  1    wreg      void 
 Registers used:
		wreg, fsr2l, fsr2h, status,2, status,0, cstack
 Tracked objects:
		On entry : 
		On exit  : 
		Unchanged: 
 Data sizes:     COMRAM   BANK0   BANK1   BANK2   BANK3   BANK4   BANK5   BANK6   BANK7
      Params:         0       2       0       0       0       0       0       0       0
      Locals:         0       4       0       0       0       0       0       0       0
      Temps:          0       4       0       0       0       0       0       0       0
      Totals:         0      10       0       0       0       0       0       0       0
Total ram usage:       10 bytes
 Hardware stack levels used:    1
 Hardware stack levels required when called:    5
 This function calls:
		_enc424j600_initSPI
 This function is called by:
		_ethernetController_getSourceMACAddress
		_ethernetController_getEtherTypeField
		_ethernetController_getRSV
		_ethernetController_updateNextPacketPointer
		_ethernetController_streamFromRXBuffer
		_enc424j600_readControlRegisterUnbanked
		_ethernetController_getDestinationMACAddress
 This function uses a non-reentrant model


 *************** function _enc424j600_initSPI *****************
 Defined at:
		line 469 in file "src/enc424j600/ENC424J600.c"
 Parameters:    Size  Location     Type
		None
 Auto vars:     Size  Location     Type
		None
 Return value:  Size  Location     Type
                  1    wreg      void 
 Registers used:
		None
 Tracked objects:
		On entry : 
		On exit  : 
		Unchanged: 
 Data sizes:     COMRAM   BANK0   BANK1   BANK2   BANK3   BANK4   BANK5   BANK6   BANK7
      Params:         0       0       0       0       0       0       0       0       0
      Locals:         0       0       0       0       0       0       0       0       0
      Temps:          0       0       0       0       0       0       0       0       0
      Totals:         0       0       0       0       0       0       0       0       0
Total ram usage:        0 bytes
 Hardware stack levels used:    1
 Hardware stack levels required when called:    4
 This function calls:
		Nothing
 This function is called by:
		_ethernetController_init
		_enc424j600_writeSPI
		_enc424j600_readSPI
 This function uses a non-reentrant model


 *************** function _UARTInit *****************
 Defined at:
		line 26 in file "src/system/uart.c"
 Parameters:    Size  Location     Type
		None
 Auto vars:     Size  Location     Type
		None
 Return value:  Size  Location     Type
                  1    wreg      void 
 Registers used:
		wreg, status,2
 Tracked objects:
		On entry : 
		On exit  : 
		Unchanged: 
 Data sizes:     COMRAM   BANK0   BANK1   BANK2   BANK3   BANK4   BANK5   BANK6   BANK7
      Params:         0       0       0       0       0       0       0       0       0
      Locals:         0       0       0       0       0       0       0       0       0
      Temps:          0       0       0       0       0       0       0       0       0
      Totals:         0       0       0       0       0       0       0       0       0
Total ram usage:        0 bytes
 Hardware stack levels used:    1
 Hardware stack levels required when called:    4
 This function calls:
		Nothing
 This function is called by:
		_main
 This function uses a non-reentrant model


 *************** function _ISR *****************
 Defined at:
		line 269 in file "src/system/main.c"
 Parameters:    Size  Location     Type
		None
 Auto vars:     Size  Location     Type
		None
 Return value:  Size  Location     Type
                  1    wreg      void 
 Registers used:
		wreg, fsr2l, fsr2h, status,2, status,0, prodl, prodh, cstack
 Tracked objects:
		On entry : 
		On exit  : 
		Unchanged: 
 Data sizes:     COMRAM   BANK0   BANK1   BANK2   BANK3   BANK4   BANK5   BANK6   BANK7
      Params:         0       0       0       0       0       0       0       0       0
      Locals:         0       0       0       0       0       0       0       0       0
      Temps:         19       0       0       0       0       0       0       0       0
      Totals:        19       0       0       0       0       0       0       0       0
Total ram usage:       19 bytes
 Hardware stack levels used:    1
 Hardware stack levels required when called:    3
 This function calls:
		_buttonHandler
		_sevenSegmentUpdate
		_updateTime
 This function is called by:
		Interrupt level 2
 This function uses a non-reentrant model


 *************** function _updateTime *****************
 Defined at:
		line 30 in file "src/stack/time.c"
 Parameters:    Size  Location     Type
		None
 Auto vars:     Size  Location     Type
		None
 Return value:  Size  Location     Type
                  1    wreg      void 
 Registers used:
		wreg, status,2, status,0
 Tracked objects:
		On entry : 
		On exit  : 
		Unchanged: 
 Data sizes:     COMRAM   BANK0   BANK1   BANK2   BANK3   BANK4   BANK5   BANK6   BANK7
      Params:         0       0       0       0       0       0       0       0       0
      Locals:         0       0       0       0       0       0       0       0       0
      Temps:          0       0       0       0       0       0       0       0       0
      Totals:         0       0       0       0       0       0       0       0       0
Total ram usage:        0 bytes
 Hardware stack levels used:    1
 This function calls:
		Nothing
 This function is called by:
		_ISR
 This function uses a non-reentrant model


 *************** function _sevenSegmentUpdate *****************
 Defined at:
		line 41 in file "src/system/sevenseg.c"
 Parameters:    Size  Location     Type
  numberToDisp    2   14[COMRAM] unsigned int 
 Auto vars:     Size  Location     Type
  i               1   20[COMRAM] unsigned char 
 Return value:  Size  Location     Type
                  1    wreg      void 
 Registers used:
		wreg, fsr2l, fsr2h, status,2, status,0, prodl, prodh, cstack
 Tracked objects:
		On entry : 
		On exit  : 
		Unchanged: 
 Data sizes:     COMRAM   BANK0   BANK1   BANK2   BANK3   BANK4   BANK5   BANK6   BANK7
      Params:         2       0       0       0       0       0       0       0       0
      Locals:         3       0       0       0       0       0       0       0       0
      Temps:          2       0       0       0       0       0       0       0       0
      Totals:         7       0       0       0       0       0       0       0       0
Total ram usage:        7 bytes
 Hardware stack levels used:    1
 Hardware stack levels required when called:    2
 This function calls:
		_parseNumber
 This function is called by:
		_ISR
 This function uses a non-reentrant model


 *************** function _parseNumber *****************
 Defined at:
		line 59 in file "src/system/sevenseg.c"
 Parameters:    Size  Location     Type
  numberToDisp    2    7[COMRAM] unsigned int 
  digit           1    9[COMRAM] unsigned char 
 Auto vars:     Size  Location     Type
  hundreds        1   13[COMRAM] unsigned char 
  tens            1   12[COMRAM] unsigned char 
  ones            1   11[COMRAM] unsigned char 
 Return value:  Size  Location     Type
                  1    wreg      unsigned char 
 Registers used:
		wreg, status,2, status,0, prodl, prodh, cstack
 Tracked objects:
		On entry : 
		On exit  : 
		Unchanged: 
 Data sizes:     COMRAM   BANK0   BANK1   BANK2   BANK3   BANK4   BANK5   BANK6   BANK7
      Params:         3       0       0       0       0       0       0       0       0
      Locals:         3       0       0       0       0       0       0       0       0
      Temps:          1       0       0       0       0       0       0       0       0
      Totals:         7       0       0       0       0       0       0       0       0
Total ram usage:        7 bytes
 Hardware stack levels used:    1
 Hardware stack levels required when called:    1
 This function calls:
		i2___lwdiv
 This function is called by:
		_sevenSegmentUpdate
 This function uses a non-reentrant model


 *************** function i2___lwdiv *****************
 Defined at:
		line 8 in file "C:\Program Files (x86)\Microchip\xc8\v1.45\sources\common\lwdiv.c"
 Parameters:    Size  Location     Type
  dividend        2    0[COMRAM] unsigned int 
  divisor         2    2[COMRAM] unsigned int 
 Auto vars:     Size  Location     Type
  __lwdiv         2    4[COMRAM] unsigned int 
  __lwdiv         1    6[COMRAM] unsigned char 
 Return value:  Size  Location     Type
                  2    0[COMRAM] unsigned int 
 Registers used:
		wreg, status,2, status,0
 Tracked objects:
		On entry : 
		On exit  : 
		Unchanged: 
 Data sizes:     COMRAM   BANK0   BANK1   BANK2   BANK3   BANK4   BANK5   BANK6   BANK7
      Params:         4       0       0       0       0       0       0       0       0
      Locals:         3       0       0       0       0       0       0       0       0
      Temps:          0       0       0       0       0       0       0       0       0
      Totals:         7       0       0       0       0       0       0       0       0
Total ram usage:        7 bytes
 Hardware stack levels used:    1
 This function calls:
		Nothing
 This function is called by:
		_parseNumber
 This function uses a non-reentrant model


 *************** function _buttonHandler *****************
 Defined at:
		line 245 in file "src/system/main.c"
 Parameters:    Size  Location     Type
  state           2    0[COMRAM] PTR volatile unsigned ch
		 -> buttonState(1), 
 Auto vars:     Size  Location     Type
  debounceValu    4    6[COMRAM] const unsigned long 
  resetValue      4    2[COMRAM] const unsigned long 
 Return value:  Size  Location     Type
                  1    wreg      void 
 Registers used:
		wreg, fsr2l, fsr2h, status,2, status,0
 Tracked objects:
		On entry : 
		On exit  : 
		Unchanged: 
 Data sizes:     COMRAM   BANK0   BANK1   BANK2   BANK3   BANK4   BANK5   BANK6   BANK7
      Params:         2       0       0       0       0       0       0       0       0
      Locals:         8       0       0       0       0       0       0       0       0
      Temps:          0       0       0       0       0       0       0       0       0
      Totals:        10       0       0       0       0       0       0       0       0
Total ram usage:       10 bytes
 Hardware stack levels used:    1
 This function calls:
		Nothing
 This function is called by:
		_ISR
 This function uses a non-reentrant model



MODULE INFORMATION

Module		Function		Class		Link	Load	Size
src/stack/protocols/ipv4.c
		_ipv4_isAllZero		CODE           	48C2	0000	49
		_ipv4_getPreliminaryIPSourceAddress		CODE           	4BC4	0000	19
		_ipv4_SrcAddrChanged		CODE           	4B9E	0000	21
		_ipv4_init     		CODE           	4C74	0000	5
		_ipv4_calculateHeaderChecksum		CODE           	158C	0000	781
		_ipv4_background		CODE           	2562	0000	405
		_ipv4_checkHeaderChecksum		CODE           	33D6	0000	201
		_ipv4_getIPSourceAddress		CODE           	4BD6	0000	19
		_ipv4_cmp      		CODE           	468E	0000	67
		_ipv4_setIPSourceAddress		CODE           	4444	0000	81
		_ipv4_handleNewPacket		CODE           	23B6	0000	429
		_ipv4_setToAllZero		CODE           	4B18	0000	31
		_ipv4_parseHeader		CODE           	1DD0	0000	587

src/stack/protocols/ipv4.c estimated size: 2695

src/eth/ethernet.c
		_ethernet_rxGetNewFrame		CODE           	00EC	0000	1319
		_ethernet_txFrameRequest		CODE           	3214	0000	233

src/eth/ethernet.c estimated size: 1552

C:\Program Files (x86)\Microchip\xc8\v1.45\sources\common\Umul16.c
		___wmul        		CODE           	49C8	0000	41

C:\Program Files (x86)\Microchip\xc8\v1.45\sources\common\Umul16.c estimated size: 41

src/system/main.c
		_printErrorMessage		CODE           	29BA	0000	303
		_ISR           		CODE           	0008	0000	225
		_buttonHandler 		CODE           	382E	0000	173
		_main          		CODE           	1898	0000	705
		_printEthernetState		CODE           	38DA	0000	163

src/system/main.c estimated size: 1569

src/stack/time.c
		_getMillis     		CODE           	4BE8	0000	19
		_updateTime    		CODE           	4C34	0000	15

src/stack/time.c estimated size: 34

src/mem/memoryController.c
		_entireMemoryFull		CODE           	4784	0000	57
		_memory_txFrameRequest		CODE           	0612	0000	1245
		_memory_txFrameClear		CODE           	4A8C	0000	37
		_entireMemoryEmpty		CODE           	47BC	0000	57
		_checkForOverlapSwitched		CODE           	36CA	0000	179
		_checkForOverlap		CODE           	2C0A	0000	287

src/mem/memoryController.c estimated size: 1862

C:\Program Files (x86)\Microchip\xc8\v1.45\sources\common\lwmod.c
		___lwmod       		CODE           	4608	0000	69

C:\Program Files (x86)\Microchip\xc8\v1.45\sources\common\lwmod.c estimated size: 69

C:\Program Files (x86)\Microchip\xc8\v1.45\sources\common\llmod.c
		___llmod       		CODE           	40B6	0000	105

C:\Program Files (x86)\Microchip\xc8\v1.45\sources\common\llmod.c estimated size: 105

src/system/uart.c
		_UARTTransmitInt		CODE           	4AF6	0000	35
		_hexToString   		CODE           	3038	0000	239
		_intToString   		CODE           	4860	0000	51
		_macToString   		CODE           	2E32	0000	265
		_hexToChar     		CODE           	4AD4	0000	35
		_ipAdressToString		CODE           	201A	0000	495
		_UARTTransmitText		CODE           	42F4	0000	87
		_ipProtocolToString		CODE           	457C	0000	73
		_UARTInit      		CODE           	4BFA	0000	17
		_etherTypeToString		CODE           	45C4	0000	69

src/system/uart.c estimated size: 1366

src/stack/stack.c
		_stack_init    		CODE           	4C42	0000	11

src/stack/stack.c estimated size: 11

C:\Program Files (x86)\Microchip\xc8\v1.45\sources\common\Umul32.c
		___lmul        		CODE           	4246	0000	89

C:\Program Files (x86)\Microchip\xc8\v1.45\sources\common\Umul32.c estimated size: 89

C:\Program Files (x86)\Microchip\xc8\v1.45\sources\common\rand.c
		_srand         		CODE           	4C0A	0000	15
		_rand          		CODE           	429E	0000	87

C:\Program Files (x86)\Microchip\xc8\v1.45\sources\common\rand.c estimated size: 102

shared
		i2___lwdiv     		CODE           	43F2	0000	83
		ethernetController_getDeviceName@F5993		MEDIUMCONST    	7A11	0000	12
		__initialization		CODE           	3BA2	0000	115

shared estimated size: 210

src/system/sevenseg.c
		_sevenSegmentInit		CODE           	4B52	0000	27
		_sevenSegmentUpdate		CODE           	349E	0000	191
		_parseNumber   		CODE           	3CA2	0000	127

src/system/sevenseg.c estimated size: 345

src/stack/protocols/arp.c
		_arp_background		CODE           	355C	0000	189
		_arp_checkForEntry		CODE           	377C	0000	179
		_arp_sendRequest		CODE           	3618	0000	179
		_arp_probe     		CODE           	0EE8	0000	905
		_arp_setNewEntry		CODE           	3126	0000	239
		_arp_parseFromRXBuffer		CODE           	0AEE	0000	1019
		_arp_init      		CODE           	411E	0000	103
		_arp_send      		CODE           	1B58	0000	633
		_arp_handleNewPacket		CODE           	2208	0000	431
		_arp_sendReply 		CODE           	26F6	0000	365

src/stack/protocols/arp.c estimated size: 4242

C:\Program Files (x86)\Microchip\xc8\v1.45\sources\common\ltoa.c
		_ltoa          		CODE           	439E	0000	85
		_ultoa         		CODE           	2F3A	0000	255

C:\Program Files (x86)\Microchip\xc8\v1.45\sources\common\ltoa.c estimated size: 340

C:\Program Files (x86)\Microchip\xc8\v1.45\sources\common\lwdiv.c
		___lwdiv       		CODE           	434A	0000	85

C:\Program Files (x86)\Microchip\xc8\v1.45\sources\common\lwdiv.c estimated size: 85

src/eth/mac.c
		_mac_isAllZero 		CODE           	4892	0000	49
		_mac_cmp       		CODE           	464C	0000	67
		_mac_setAllZero		CODE           	4A40	0000	39
		_mac_setToBroadcast		CODE           	4A66	0000	39

src/eth/mac.c estimated size: 194

src/stack/backgroundTasks.c
		_handleStackBackgroundTasks		CODE           	32FC	0000	219

src/stack/backgroundTasks.c estimated size: 219

C:\Program Files (x86)\Microchip\xc8\v1.45\sources\common\lldiv.c
		___lldiv       		CODE           	3B1E	0000	133

C:\Program Files (x86)\Microchip\xc8\v1.45\sources\common\lldiv.c estimated size: 133

src/enc424j600/ENC424J600.c
		_ethernetController_streamFromRXBuffer		CODE           	41E8	0000	95
		_enc424j600_setERXDATAReadPointer		CODE           	4748	0000	61
		_enc424j600_readSPI		CODE           	404C	0000	107
		_enc424j600_clearInterruptFlag		CODE           	3A94	0000	139
		_ethernetController_getRSV		CODE           	3E12	0000	117
		_ethernetController_dropPacket		CODE           	46D0	0000	61
		_enc424j600_initSPI		CODE           	4B36	0000	29
		_ethernetController_updateNextPacketPointer		CODE           	3D20	0000	123
		_enc424j600_getNextPacketPointer		CODE           	4C4C	0000	11
		_enc424j600_setNextPacketPointer		CODE           	4C56	0000	11
		_enc424j600_setTXStartAddress		CODE           	4920	0000	43
		_enc424j600_enableReception		CODE           	4C60	0000	9
		_enc424j600_writeSingleByte		CODE           	4B86	0000	25
		_ethernetController_writeEtherTypeFieldToBuffer		CODE           	4494	0000	79
		_enc424j600_getInterruptFlags		CODE           	4530	0000	77
		_ethernetController_init		CODE           	3EFA	0000	115
		_enc424j600_updateReceiveStatusVector		CODE           	1270	0000	797
		_ethernetController_writeDestinationMACAddress		CODE           	3C22	0000	129
		_ethernetController_softReset		CODE           	2D28	0000	267
		_enc424j600_readPHYRegister		CODE           	2AE8	0000	291
		_enc424j600_setGPDATAWritePointer		CODE           	470C	0000	61
		_enc424j600_readControlRegisterUnbanked		CODE           	482A	0000	55
		_ethernetController_getDeviceName		CODE           	4AB0	0000	37
		_enc424j600_setRXBufferStartAddress		CODE           	499E	0000	43
		_ethernetController_setLEDConfig		CODE           	397C	0000	143
		_enc424j600_writeSPI		CODE           	4184	0000	101
		_ethernetController_newPacketAvailable		CODE           	4BB2	0000	19
		_enc424j600_getPacketCount		CODE           	4B6C	0000	27
		_ethernetController_sendPacket		CODE           	49F0	0000	41
		_enc424j600_writeControlRegisterUnbanked		CODE           	47F4	0000	55
		_ethernetController_getEtherTypeField		CODE           	3F6C	0000	113
		_enc424j600_setRXTailPointer		CODE           	4974	0000	43
		_ethernetController_getSourceMACAddress		CODE           	3FDC	0000	113
		_ethernetController_streamToTransmitBuffer		CODE           	3D9A	0000	121
		_ethernetController_clearInterruptFlag		CODE           	4C26	0000	15
		_ethernetController_updateLinkStatus		CODE           	3A0A	0000	139
		_ethernetController_checkDeviceId		CODE           	44E2	0000	79
		_ethernetController_pollInterruptFlags		CODE           	2862	0000	345
		_ethernetController_getMacAddress		CODE           	3E86	0000	117
		_ethernetController_getNextPacketPointer		CODE           	4C18	0000	15
		_ethernetController_getCurrentPacketCount		CODE           	4C6E	0000	7
		_enc424j600_enableAutoMACInsertion		CODE           	4A18	0000	41
		_enc424j600_setTXLength		CODE           	494A	0000	43

src/enc424j600/ENC424J600.c estimated size: 4359

