Microchip MPLAB XC8 Compiler V1.45 ()

Linker command line:

-W-3 --edf=C:\Program Files (x86)\Microchip\xc8\v1.45\dat\en_msgs.txt -cs \
  -h+dist/default/production\EthMPU.X.production.sym \
  --cmf=dist/default/production\EthMPU.X.production.cmf -z -Q18F25K50 \
  -oC:\Users\stefa\AppData\Local\Temp\sb54.2 \
  -Mdist/default/production/EthMPU.X.production.map -E1 -ver=XC8 \
  -ASTACK=03A2h-07ffh -pstack=STACK -ACODE=00h-07FFFh -ACONST=00h-07FFFh \
  -ASMALLCONST=0800h-08FFhx120 -AMEDIUMCONST=0800h-07FFFh -ACOMRAM=01h-05Fh \
  -AABS1=00h-07FFh -ABIGRAM=01h-07FFh -ARAM=060h-0FFh,0100h-01FFhx7 \
  -ABANK0=060h-0FFh -ABANK1=0100h-01FFh -ABANK2=0200h-02FFh \
  -ABANK3=0300h-03FFh -ABANK4=0400h-04FFh -ABANK5=0500h-05FFh \
  -ABANK6=0600h-06FFh -ABANK7=0700h-07FFh -ASFR=0F53h-0F5Fh,0F60h-0FFFh \
  -preset_vec=00h,intcode=08h,intcodelo,powerup,init -pramtop=0800h \
  -psmallconst=SMALLCONST -pmediumconst=MEDIUMCONST -pconst=CONST \
  -AFARRAM=00h-00h -ACONFIG=0300000h-030000Dh -pconfig=CONFIG \
  -AIDLOC=0200000h-0200007h -pidloc=IDLOC -AEEDATA=0F00000h-0F000FFh \
  -peeprom_data=EEDATA \
  -prdata=COMRAM,nvrram=COMRAM,nvbit=COMRAM,rbss=COMRAM,rbit=COMRAM \
  -pfarbss=FARRAM,fardata=FARRAM,nvFARRAM=FARRAM \
  -pintsave_regs=BIGRAM,bigbss=BIGRAM,bigdata=BIGRAM -pbss=RAM \
  -pidata=CODE,irdata=CODE,ibigdata=CODE,ifardata=CODE -prparam=COMRAM \
  C:\Users\stefa\AppData\Local\Temp\sb54.obj \
  dist/default/production\EthMPU.X.production.obj 

Object code version is 3.11

Machine type is 18F25K50

Call graph: (short form)




                Name                               Link     Load   Length Selector   Space Scale
C:\Users\stefa\AppData\Local\Temp\sb54.obj
                init                                 C4       C4        4        4       0
                reset_vec                             0        0        4        0       0
                idloc                            200000   200000        8   200000       0
                config                           300000   300000        E   300000       0
dist/default/production\EthMPU.X.production.obj
                intcode                               8        8       BC        4       0
                temp                                 4F       4F        1        1       1
                mediumconst                        7C84     7C84      37C     3E42       0
                text97                             3502     3502       98        4       0
                text96                             3EF4     3EF4       52        4       0
                text95                             3942     3942       7E        4       0
                text94                             30DA     30DA       BE        4       0
                text93                             44BA     44BA       26        4       0
                text91                             2F08     2F08       EE        4       0
                text90                             4568     4568       1E        4       0
                text89                             4494     4494       26        4       0
                text88                             3CCA     3CCA       66        4       0
                text87                             462E     462E       10        4       0
                text86                             45A2     45A2       1C        4       0
                text85                             3B90     3B90       6A        4       0
                text84                             3D30     3D30       64        4       0
                text83                             425C     425C       36        4       0
                text82                             45D8     45D8       1A        4       0
                text81                             4676     4676        6        4       0
                text80                             4504     4504       24        4       0
                text79                             454A     454A       1E        4       0
                text78                             4226     4226       36        4       0
                text77                             4446     4446       28        4       0
                text76                             45F2     45F2       18        4       0
                text75                             466E     466E        8        4       0
                text74                             4664     4664        A        4       0
                text73                             43CC     43CC       2A        4       0
                text72                             43A2     43A2       2A        4       0
                text71                             3F94     3F94       4E        4       0
                text70                             3DF6     3DF6       56        4       0
                text69                             2734     2734      13E        4       0
                text68                             3B1E     3B1E       72        4       0
                text67                             36B2     36B2       8A        4       0
                text66                             464C     464C        E        4       0
                text65                             461C     461C       12        4       0
                text64                             3FE2     3FE2       4C        4       0
                text63                             299A     299A      126        4       0
                text62                             359A     359A       8E        4       0
                text61                             3D94     3D94       62        4       0
                text60                             2AC0     2AC0      122        4       0
                text59                             3628     3628       8A        4       0
                text58                             465A     465A        A        4       0
                text57                             4176     4176       3C        4       0
                text56                             2306     2306      17A        4       0
                text55                             40F8     40F8       42        4       0
                text54                             42C2     42C2       30        4       0
                text53                             40B6     40B6       42        4       0
                text52                             4292     4292       30        4       0
                text51                             1428     1428      31A        4       0
                text50                             38C2     38C2       80        4       0
                text49                             4378     4378       2A        4       0
                text48                             434E     434E       2A        4       0
                text47                             44E0     44E0       24        4       0
                text46                             441E     441E       28        4       0
                text45                             3C62     3C62       68        4       0
                text44                             413A     413A       3C        4       0
                text43                             3842     3842       80        4       0
                text42                             3F46     3F46       4E        4       0
                text41                             3300     3300       B2        4       0
                text40                             2E00     2E00      108        4       0
                text39                             41EC     41EC       3A        4       0
                text38                             41B2     41B2       3A        4       0
                text37                               C8       C8      4DA        4       0
                text36                             2FF6     2FF6       E4        4       0
                text35                             446E     446E       26        4       0
                text34                             1BF6     1BF6      1EC        4       0
                text33                             3AAA     3AAA       74        4       0
                text32                             3EA0     3EA0       54        4       0
                text31                             4072     4072       44        4       0
                text30                             1A08     1A08      1EE        4       0
                text29                             2CF8     2CF8      108        4       0
                text28                             2872     2872      128        4       0
                text27                             3198     3198       B6        4       0
                text26                             460A     460A       12        4       0
                text25                             2164     2164      1A2        4       0
                text24                             373C     373C       84        4       0
                text23                             3BFA     3BFA       68        4       0
                text22                             43F6     43F6       28        4       0
                text21                             1742     1742      2C6        4       0
                text20                             4528     4528       22        4       0
                text19                             402E     402E       44        4       0
                text18                             37C0     37C0       82        4       0
                text17                             463E     463E        E        4       0
                text16                             110C     110C      31C        4       0
                text15                             3A36     3A36       74        4       0
                text14                             4586     4586       1C        4       0
                text13                              5A2      5A2      462        4       0
                text12                             324E     324E       B2        4       0
                text11                             4320     4320       2E        4       0
                text10                             33B2     33B2       AE        4       0
                text9                              1DE2     1DE2      1D8        4       0
                text8                              1FBA     1FBA      1AA        4       0
                text7                               D98      D98      374        4       0
                text6                              3E4C     3E4C       54        4       0
                text5                              25EE     25EE      146        4       0
                text4                              2480     2480      16E        4       0
                text3                              2BE2     2BE2      116        4       0
                text2                              3460     3460       A2        4       0
                text1                              45BE     45BE       1A        4       0
                text0                               A04      A04      394        4       0
                cstackCOMRAM                          1        1       27        1       1
                cstackBANK0                          60       60       A0       60       1
                cstackBANK1                         100      100       80      100       1
                cstackBANK3                         370      370       32      300       1
                bssBANK3                            300      300       70      300       1
                dataBANK2                           2B5      2B5       2E      200       1
                bssBANK2                            200      200       B5      200       1
                bssBANK1                            180      180       54      100       1
                dataCOMRAM                           4D       4D        2        1       1
                bssCOMRAM                            28       28       25        1       1
                cinit                              39C0     39C0       76        4       0
                idataBANK2                         42F2     42F2       2E        4       0
                idataCOMRAM                        467C     467C        2        4       0

TOTAL           Name                               Link     Load   Length     Space
        CLASS   STACK          

        CLASS   CODE           
                intcode                               8        8       BC         0
                init                                 C4       C4        4         0
                reset_vec                             0        0        4         0
                text97                             3502     3502       98         0
                text96                             3EF4     3EF4       52         0
                text95                             3942     3942       7E         0
                text94                             30DA     30DA       BE         0
                text93                             44BA     44BA       26         0
                text91                             2F08     2F08       EE         0
                text90                             4568     4568       1E         0
                text89                             4494     4494       26         0
                text88                             3CCA     3CCA       66         0
                text87                             462E     462E       10         0
                text86                             45A2     45A2       1C         0
                text85                             3B90     3B90       6A         0
                text84                             3D30     3D30       64         0
                text83                             425C     425C       36         0
                text82                             45D8     45D8       1A         0
                text81                             4676     4676        6         0
                text80                             4504     4504       24         0
                text79                             454A     454A       1E         0
                text78                             4226     4226       36         0
                text77                             4446     4446       28         0
                text76                             45F2     45F2       18         0
                text75                             466E     466E        8         0
                text74                             4664     4664        A         0
                text73                             43CC     43CC       2A         0
                text72                             43A2     43A2       2A         0
                text71                             3F94     3F94       4E         0
                text70                             3DF6     3DF6       56         0
                text69                             2734     2734      13E         0
                text68                             3B1E     3B1E       72         0
                text67                             36B2     36B2       8A         0
                text66                             464C     464C        E         0
                text65                             461C     461C       12         0
                text64                             3FE2     3FE2       4C         0
                text63                             299A     299A      126         0
                text62                             359A     359A       8E         0
                text61                             3D94     3D94       62         0
                text60                             2AC0     2AC0      122         0
                text59                             3628     3628       8A         0
                text58                             465A     465A        A         0
                text57                             4176     4176       3C         0
                text56                             2306     2306      17A         0
                text55                             40F8     40F8       42         0
                text54                             42C2     42C2       30         0
                text53                             40B6     40B6       42         0
                text52                             4292     4292       30         0
                text51                             1428     1428      31A         0
                text50                             38C2     38C2       80         0
                text49                             4378     4378       2A         0
                text48                             434E     434E       2A         0
                text47                             44E0     44E0       24         0
                text46                             441E     441E       28         0
                text45                             3C62     3C62       68         0
                text44                             413A     413A       3C         0
                text43                             3842     3842       80         0
                text42                             3F46     3F46       4E         0
                text41                             3300     3300       B2         0
                text40                             2E00     2E00      108         0
                text39                             41EC     41EC       3A         0
                text38                             41B2     41B2       3A         0
                text37                               C8       C8      4DA         0
                text36                             2FF6     2FF6       E4         0
                text35                             446E     446E       26         0
                text34                             1BF6     1BF6      1EC         0
                text33                             3AAA     3AAA       74         0
                text32                             3EA0     3EA0       54         0
                text31                             4072     4072       44         0
                text30                             1A08     1A08      1EE         0
                text29                             2CF8     2CF8      108         0
                text28                             2872     2872      128         0
                text27                             3198     3198       B6         0
                text26                             460A     460A       12         0
                text25                             2164     2164      1A2         0
                text24                             373C     373C       84         0
                text23                             3BFA     3BFA       68         0
                text22                             43F6     43F6       28         0
                text21                             1742     1742      2C6         0
                text20                             4528     4528       22         0
                text19                             402E     402E       44         0
                text18                             37C0     37C0       82         0
                text17                             463E     463E        E         0
                text16                             110C     110C      31C         0
                text15                             3A36     3A36       74         0
                text14                             4586     4586       1C         0
                text13                              5A2      5A2      462         0
                text12                             324E     324E       B2         0
                text11                             4320     4320       2E         0
                text10                             33B2     33B2       AE         0
                text9                              1DE2     1DE2      1D8         0
                text8                              1FBA     1FBA      1AA         0
                text7                               D98      D98      374         0
                text6                              3E4C     3E4C       54         0
                text5                              25EE     25EE      146         0
                text4                              2480     2480      16E         0
                text3                              2BE2     2BE2      116         0
                text2                              3460     3460       A2         0
                text1                              45BE     45BE       1A         0
                text0                               A04      A04      394         0
                cinit                              39C0     39C0       76         0
                idataBANK2                         42F2     42F2       2E         0
                idataCOMRAM                        467C     467C        2         0

        CLASS   CONST          

        CLASS   SMALLCONST     

        CLASS   MEDIUMCONST    
                mediumconst                        7C84     7C84      37C         0

        CLASS   COMRAM         
                temp                                 4F       4F        1         1
                cstackCOMRAM                          1        1       27         1
                dataCOMRAM                           4D       4D        2         1
                bssCOMRAM                            28       28       25         1

        CLASS   ABS1           

        CLASS   BIGRAM         

        CLASS   RAM            

        CLASS   BANK0          
                cstackBANK0                          60       60       A0         1

        CLASS   BANK1          
                cstackBANK1                         100      100       80         1
                bssBANK1                            180      180       54         1

        CLASS   BANK2          
                dataBANK2                           2B5      2B5       2E         1
                bssBANK2                            200      200       B5         1

        CLASS   BANK3          
                cstackBANK3                         370      370       32         1
                bssBANK3                            300      300       70         1

        CLASS   BANK4          

        CLASS   BANK5          

        CLASS   BANK6          

        CLASS   BANK7          

        CLASS   SFR            

        CLASS   FARRAM         

        CLASS   CONFIG         
                config                           300000   300000        E         0

        CLASS   IDLOC          
                idloc                            200000   200000        8         0

        CLASS   EEDATA         



SEGMENTS        Name                           Load    Length   Top    Selector   Space  Class

                reset_vec                      000000  000004  000004         0       0  CODE    
                cstackCOMRAM                   000001  00004F  000050         1       1  COMRAM  
                intcode                        000008  004676  00467E         4       0  CODE    
                cstackBANK0                    000060  0000A0  000100        60       1  BANK0   
                cstackBANK1                    000100  0000D4  0001D4       100       1  BANK1   
                bssBANK2                       000200  0000E3  0002E3       200       1  BANK2   
                bssBANK3                       000300  0000A2  0003A2       300       1  BANK3   
                mediumconst                    007C84  00037C  008000      3E42       0  MEDIUMCO
                idloc                          200000  000008  200008    200000       0  IDLOC   
                config                         300000  00000E  30000E    300000       0  CONFIG  


UNUSED ADDRESS RANGES

        Name                Unused          Largest block    Delta
        BANK1            0001D4-0001FF               2C
        BANK2            0002E3-0002FF               1D
        BANK3            0003A2-0003FF               5E
        BANK4            000400-0004FF              100
        BANK5            000500-0005FF              100
        BANK6            000600-0006FF              100
        BANK7            000700-0007FF              100
        BIGRAM           000050-00005F               10
                         0001D4-0001FF               2C
                         0002E3-0002FF               1D
                         0003A2-0007FF              45E
        CODE             000004-000007                4
                         00467E-007C83             3606
        COMRAM           000050-00005F               10
        CONST            000004-000007                4
                         00467E-007C83             3606
        EEDATA           F00000-F000FF              100
        MEDIUMCONST      00467E-007C83             3606
        RAM              0001D4-0001FF               2C
                         0002E3-0002FF               1D
                         0003A2-0007FF              100
        SFR              000F53-000FFF                D
        SMALLCONST       00467E-007C83              100
        STACK            0003A2-0007FF              45E

                                  Symbol Table

?_ARP_getEntryFromTable                                     cstackBANK0  000060
?_ARP_parseFromRXBuffer                                     cstackBANK0  000091
?_ENC424J600_getInterruptFlags                              cstackBANK0  00006E
?_ENC424J600_getNextPacketPointer                           cstackBANK0  000060
?_ENC424J600_updateReceiveStatusVector                      cstackBANK0  000060
?___lldiv                                                   cstackBANK0  000066
?___llmod                                                   cstackBANK0  000060
?___lwdiv                                                   cstackBANK0  000060
?___lwmod                                                   cstackBANK0  000060
?___wmul                                                    cstackBANK0  000060
?_etherTypeToString                                         cstackBANK0  000060
?_ethernetController_checkDeviceId                          cstackBANK0  00006E
?_ethernetController_getDeviceName                          cstackBANK0  000060
?_ethernetController_getEtherTypeField                      cstackBANK0  00006F
?_ethernetController_getMacAddress                          cstackBANK0  00006E
?_ethernetController_getNextPacketPointer                   cstackBANK0  000062
?_ethernetController_getRSV                                 cstackBANK0  000071
?_ethernetController_getSourceMACAddress                    cstackBANK0  00006F
?_ethernetController_init                                   cstackBANK0  0000A6
?_ethernetController_pollInterruptFlags                     cstackBANK0  000078
?_ethernetController_softReset                              cstackBANK0  00009A
?_ethernet_rxGetNewFrame                                    cstackBANK1  000176
?_getSeconds                                                cstackBANK0  000060
?_intToString                                               cstackBANK0  000073
?_ipAdressToString                                          cstackBANK0  000067
?_ipv4_sendFrame                                            cstackBANK1  000134
?_macToString                                               cstackBANK0  00007A
?_memory_txFrameRequest                                     cstackBANK0  000080
?i2___lwdiv                                                 cstackCOMRAM 000001
ARP_checkForEntry@i                                         cstackBANK0  000075
ARP_checkForEntry@index                                     cstackBANK0  00006B
ARP_checkForEntry@ip                                        cstackBANK0  000067
ARP_getEntryFromTable@index                                 cstackBANK0  000067
ARP_handleNewPacket@arp                                     cstackBANK1  000156
ARP_handleNewPacket@frame                                   cstackBANK1  000154
ARP_initTable@i                                             cstackBANK0  000086
ARP_initTable@ip                                            cstackBANK0  000082
ARP_initTable@mac                                           cstackBANK0  00007C
ARP_parseFromRXBuffer@arp                                   cstackBANK0  0000B8
ARP_parseFromRXBuffer@frame                                 cstackBANK0  000091
ARP_parseFromRXBuffer@i                                     cstackBANK0  0000B2
ARP_parseFromRXBuffer@i_2503                                cstackBANK0  0000B3
ARP_parseFromRXBuffer@i_2504                                cstackBANK0  0000B4
ARP_parseFromRXBuffer@i_2505                                cstackBANK0  0000B5
ARP_parseFromRXBuffer@length                                bssCOMRAM    00004B
ARP_parseFromRXBuffer@offset                                cstackBANK0  0000B6
ARP_replyIfNeeded@reply                                     cstackBANK1  000134
ARP_replyIfNeeded@request                                   cstackBANK1  000100
ARP_replyIfNeeded@senderIP                                  cstackBANK1  000120
ARP_replyIfNeeded@senderMAC                                 cstackBANK1  000124
ARP_replyIfNeeded@targetIP                                  cstackBANK1  000130
ARP_replyIfNeeded@targetMAC                                 cstackBANK1  00012A
ARP_send@arp                                                cstackBANK0  0000A1
ARP_send@destination                                        cstackBANK0  0000C1
ARP_send@ethFrame                                           cstackBANK0  0000CB
ARP_send@field                                              cstackBANK0  0000E8
ARP_send@i                                                  cstackBANK0  0000C7
ARP_send@i_2627                                             cstackBANK0  0000C8
ARP_send@i_2628                                             cstackBANK0  0000C9
ARP_send@i_2629                                             cstackBANK0  0000CA
ARP_sendRequest@ip                                          cstackBANK0  0000F0
ARP_sendRequest@request                                     cstackBANK1  000114
ARP_sendRequest@senderIP                                    cstackBANK1  000100
ARP_sendRequest@senderMAC                                   cstackBANK1  000104
ARP_sendRequest@targetIP                                    cstackBANK1  00010A
ARP_sendRequest@targetMAC                                   cstackBANK1  00010E
ARP_setNewEntry@i                                           cstackBANK0  00007B
ARP_setNewEntry@ip                                          cstackBANK0  00006A
ARP_setNewEntry@mac                                         cstackBANK0  000064
ARP_setNewEntry@maxSeconds                                  cstackBANK0  000076
ARP_setNewEntry@oldestIndex                                 cstackBANK0  00007A
ARP_setNewEntry@timestamp                                   cstackBANK0  00006E
ENC424J600_clearInterruptFlag@flag                          cstackBANK0  000070
ENC424J600_clearInterruptFlag@temp                          cstackBANK0  000071
ENC424J600_enableAutoMACInsertion@temp                      cstackBANK0  00006E
ENC424J600_getInterruptFlags@high                           cstackBANK0  000077
ENC424J600_getInterruptFlags@low                            cstackBANK0  000076
ENC424J600_getPacketCount@lowByte                           cstackBANK0  00006E
ENC424J600_readControlRegisterUnbanked@addr                 cstackBANK0  00006C
ENC424J600_readControlRegisterUnbanked@data                 cstackBANK0  00006A
ENC424J600_readControlRegisterUnbanked@opcode               cstackBANK0  00006D
ENC424J600_readPHYRegister@PHYaddress                       cstackBANK0  000077
ENC424J600_readPHYRegister@addr                             cstackBANK0  000076
ENC424J600_readPHYRegister@data                             cstackBANK0  00006E
ENC424J600_readPHYRegister@highByte                         cstackBANK0  00007E
ENC424J600_readPHYRegister@lowByte                          cstackBANK0  00007D
ENC424J600_readPHYRegister@temp                             cstackBANK0  00007F
ENC424J600_readPHYRegister@timeoutCounter                   cstackBANK0  000079
ENC424J600_readPHYRegister@unusedBits                       cstackBANK0  000078
ENC424J600_readSPI@data                                     cstackBANK0  000060
ENC424J600_readSPI@timeoutCounter                           cstackBANK0  000066
ENC424J600_setERXDATAReadPointer@addr                       cstackBANK0  00006A
ENC424J600_setERXDATAReadPointer@highByte                   cstackBANK0  00006E
ENC424J600_setERXDATAReadPointer@lowByte                    cstackBANK0  00006D
ENC424J600_setERXDATAReadPointer@opcode                     cstackBANK0  00006C
ENC424J600_setGPDATAWritePointer@addr                       cstackBANK0  00006A
ENC424J600_setGPDATAWritePointer@highByte                   cstackBANK0  00006E
ENC424J600_setGPDATAWritePointer@lowByte                    cstackBANK0  00006D
ENC424J600_setGPDATAWritePointer@opcode                     cstackBANK0  00006C
ENC424J600_setNextPacketPointer@ptr                         cstackBANK0  000060
ENC424J600_setRXBufferStartAddress@addr                     cstackBANK0  00006E
ENC424J600_setRXBufferStartAddress@highByte                 cstackBANK0  000071
ENC424J600_setRXBufferStartAddress@lowByte                  cstackBANK0  000070
ENC424J600_setRXTailPointer@addr                            cstackBANK0  00006E
ENC424J600_setRXTailPointer@highByte                        cstackBANK0  000071
ENC424J600_setRXTailPointer@lowByte                         cstackBANK0  000070
ENC424J600_setTXLength@highByte                             cstackBANK0  000071
ENC424J600_setTXLength@len                                  cstackBANK0  00006E
ENC424J600_setTXLength@lowByte                              cstackBANK0  000070
ENC424J600_setTXStartAddress@addr                           cstackBANK0  00006E
ENC424J600_setTXStartAddress@highByte                       cstackBANK0  000071
ENC424J600_setTXStartAddress@lowByte                        cstackBANK0  000070
ENC424J600_updateReceiveStatusVector@receiveStatusVector    cstackBANK0  00006C
ENC424J600_updateReceiveStatusVector@rsv                    cstackBANK0  000060
ENC424J600_writeControlRegisterUnbanked@addr                cstackBANK0  00006C
ENC424J600_writeControlRegisterUnbanked@data                cstackBANK0  00006A
ENC424J600_writeControlRegisterUnbanked@opcode              cstackBANK0  00006D
ENC424J600_writeSPI@data                                    cstackBANK0  000060
ENC424J600_writeSPI@timeoutCounter                          cstackBANK0  000066
ENC424J600_writeSingleByte@opcode                           cstackBANK0  00006A
UARTTransmitInt@val                                         cstackBANK0  00009A
UARTTransmitText@str                                        cstackBANK0  000098
_ANSELA                                                     (abs)        000F5B
_ANSELB                                                     (abs)        000F5C
_ANSELBbits                                                 (abs)        000F5C
_ANSELC                                                     (abs)        000F5D
_ARP_checkForEntry                                          text12       00324E
_ARP_getEntryFromTable                                      text11       004320
_ARP_handleNewPacket                                        text25       002164
_ARP_initTable                                              text88       003CCA
_ARP_parseFromRXBuffer                                      text51       001428
_ARP_replyIfNeeded                                          text28       002872
_ARP_send                                                   text34       001BF6
_ARP_sendRequest                                            text10       0033B2
_ARP_setNewEntry                                            text91       002F08
_ARP_table                                                  bssBANK3     000300
_ENC424J600_clearInterruptFlag                              text67       0036B2
_ENC424J600_enableAutoMACInsertion                          text77       004446
_ENC424J600_enableReception                                 text75       00466E
_ENC424J600_getInterruptFlags                               text64       003FE2
_ENC424J600_getNextPacketPointer                            text58       00465A
_ENC424J600_getPacketCount                                  text82       0045D8
_ENC424J600_initSPI                                         text86       0045A2
_ENC424J600_readControlRegisterUnbanked                     text83       00425C
_ENC424J600_readPHYRegister                                 text60       002AC0
_ENC424J600_readSPI                                         text85       003B90
_ENC424J600_setERXDATAReadPointer                           text57       004176
_ENC424J600_setGPDATAWritePointer                           text44       00413A
_ENC424J600_setNextPacketPointer                            text74       004664
_ENC424J600_setRXBufferStartAddress                         text73       0043CC
_ENC424J600_setRXTailPointer                                text72       0043A2
_ENC424J600_setTXLength                                     text49       004378
_ENC424J600_setTXStartAddress                               text48       00434E
_ENC424J600_updateReceiveStatusVector                       text16       00110C
_ENC424J600_writeControlRegisterUnbanked                    text78       004226
_ENC424J600_writeSPI                                        text84       003D30
_ENC424J600_writeSingleByte                                 text76       0045F2
_INTCON3bits                                                (abs)        000FF0
_INTCONbits                                                 (abs)        000FF2
_ISR                                                        intcode      000008
_OSCCON2bits                                                (abs)        000FD2
_OSCCONbits                                                 (abs)        000FD3
_PORTA                                                      (abs)        000F80
_PORTB                                                      (abs)        000F81
_PORTBbits                                                  (abs)        000F81
_PORTC                                                      (abs)        000F82
_RCIE                                                       (abs)        007CED
_RCIF                                                       (abs)        007CF5
_RCIP                                                       (abs)        007CFD
_RCSTA1bits                                                 (abs)        000FAB
_SPBRG                                                      (abs)        000FAF
_SSP1BUF                                                    (abs)        000FC9
_SSP1CON1bits                                               (abs)        000FC6
_SSP1STATbits                                               (abs)        000FC7
_T0CONbits                                                  (abs)        000FD5
_TRISA                                                      (abs)        000F92
_TRISB                                                      (abs)        000F93
_TRISBbits                                                  (abs)        000F93
_TRISC                                                      (abs)        000F94
_TRMT                                                       (abs)        007D61
_TXREG1                                                     (abs)        000FAD
_TXSTA1bits                                                 (abs)        000FAC
_UARTInit                                                   text87       00462E
_UARTTransmitInt                                            text20       004528
_UARTTransmitText                                           text70       003DF6
__CFG_BOREN$SBORDIS                                         (abs)        000000
__CFG_BORV$190                                              (abs)        000000
__CFG_CCP2MX$RC1                                            (abs)        000000
__CFG_CFGPLLEN$ON                                           (abs)        000000
__CFG_CP0$OFF                                               (abs)        000000
__CFG_CP1$OFF                                               (abs)        000000
__CFG_CP2$OFF                                               (abs)        000000
__CFG_CP3$OFF                                               (abs)        000000
__CFG_CPB$OFF                                               (abs)        000000
__CFG_CPD$OFF                                               (abs)        000000
__CFG_CPUDIV$NOCLKDIV                                       (abs)        000000
__CFG_EBTR0$OFF                                             (abs)        000000
__CFG_EBTR1$OFF                                             (abs)        000000
__CFG_EBTR2$OFF                                             (abs)        000000
__CFG_EBTR3$OFF                                             (abs)        000000
__CFG_EBTRB$OFF                                             (abs)        000000
__CFG_FCMEN$OFF                                             (abs)        000000
__CFG_FOSC$INTOSCIO                                         (abs)        000000
__CFG_ICPRT$OFF                                             (abs)        000000
__CFG_IESO$OFF                                              (abs)        000000
__CFG_LS48MHZ$SYS24X4                                       (abs)        000000
__CFG_LVP$ON                                                (abs)        000000
__CFG_MCLRE$ON                                              (abs)        000000
__CFG_PBADEN$ON                                             (abs)        000000
__CFG_PCLKEN$ON                                             (abs)        000000
__CFG_PLLSEL$PLL4X                                          (abs)        000000
__CFG_SDOMX$RB3                                             (abs)        000000
__CFG_STVREN$ON                                             (abs)        000000
__CFG_T3CMX$RC0                                             (abs)        000000
__CFG_WDTEN$ON                                              (abs)        000000
__CFG_WDTPS$32768                                           (abs)        000000
__CFG_WRT0$OFF                                              (abs)        000000
__CFG_WRT1$OFF                                              (abs)        000000
__CFG_WRT2$OFF                                              (abs)        000000
__CFG_WRT3$OFF                                              (abs)        000000
__CFG_WRTB$OFF                                              (abs)        000000
__CFG_WRTC$OFF                                              (abs)        000000
__CFG_WRTD$OFF                                              (abs)        000000
__CFG_XINST$OFF                                             (abs)        000000
__CFG_nLPBOR$OFF                                            (abs)        000000
__CFG_nPWRTEN$OFF                                           (abs)        000000
__HRAM                                                      (abs)        000000
__Habs1                                                     abs1         000000
__Hbank0                                                    bank0        000000
__Hbank1                                                    bank1        000000
__Hbank2                                                    bank2        000000
__Hbank3                                                    bank3        000000
__Hbank4                                                    bank4        000000
__Hbank5                                                    bank5        000000
__Hbank6                                                    bank6        000000
__Hbank7                                                    bank7        000000
__Hbigbss                                                   bigbss       000000
__Hbigdata                                                  bigdata      000000
__Hbigram                                                   bigram       000000
__Hbss                                                      bss          000000
__HbssBANK1                                                 bssBANK1     000000
__HbssBANK2                                                 bssBANK2     000000
__HbssBANK3                                                 bssBANK3     000000
__HbssCOMRAM                                                bssCOMRAM    000000
__Hcinit                                                    cinit        000000
__Hclrtext                                                  clrtext      000000
__Hcomram                                                   comram       000000
__Hconfig                                                   config       30000E
__Hconst                                                    const        000000
__HcstackBANK0                                              cstackBANK0  000000
__HcstackBANK1                                              cstackBANK1  000000
__HcstackBANK3                                              cstackBANK3  000000
__HcstackCOMRAM                                             cstackCOMRAM 000000
__Hdata                                                     data         000000
__HdataBANK2                                                dataBANK2    000000
__HdataCOMRAM                                               dataCOMRAM   000000
__Heeprom_data                                              eeprom_data  000000
__Hfarbss                                                   farbss       000000
__Hfardata                                                  fardata      000000
__Hibigdata                                                 ibigdata     000000
__Hidata                                                    idata        000000
__HidataBANK2                                               idataBANK2   000000
__HidataCOMRAM                                              idataCOMRAM  000000
__Hidloc                                                    idloc        200008
__Hifardata                                                 ifardata     000000
__Hinit                                                     init         0000C8
__Hintcode                                                  intcode      0000C4
__Hintcode_body                                             intcode_body 000000
__Hintcodelo                                                intcodelo    0000C4
__Hintentry                                                 intentry     000000
__Hintret                                                   intret       000000
__Hintsave_regs                                             intsave_regs 000000
__Hirdata                                                   irdata       000000
__Hmediumconst                                              mediumconst  008000
__HnvFARRAM                                                 nvFARRAM     000000
__Hnvbit                                                    nvbit        000000
__Hnvrram                                                   nvrram       000000
__Hparam                                                    rparam       000000
__Hpowerup                                                  powerup      0000C4
__Hram                                                      ram          000000
__Hramtop                                                   ramtop       000800
__Hrbit                                                     rbit         000000
__Hrbss                                                     rbss         000000
__Hrdata                                                    rdata        000000
__Hreset_vec                                                reset_vec    000004
__Hrparam                                                   rparam       000000
__Hsfr                                                      sfr          000000
__Hsmallconst                                               smallconst   000000
__Hspace_0                                                  (abs)        30000E
__Hspace_1                                                  (abs)        0003A2
__Hspace_2                                                  (abs)        000000
__Hstack                                                    stack        000000
__Hstruct                                                   struct       000000
__Htemp                                                     temp         000050
__Htext                                                     text         000000
__Htext0                                                    text0        000000
__Htext1                                                    text1        000000
__Htext10                                                   text10       000000
__Htext11                                                   text11       000000
__Htext12                                                   text12       000000
__Htext13                                                   text13       000000
__Htext14                                                   text14       000000
__Htext15                                                   text15       000000
__Htext16                                                   text16       000000
__Htext17                                                   text17       000000
__Htext18                                                   text18       000000
__Htext19                                                   text19       000000
__Htext2                                                    text2        000000
__Htext20                                                   text20       000000
__Htext21                                                   text21       000000
__Htext22                                                   text22       000000
__Htext23                                                   text23       000000
__Htext24                                                   text24       000000
__Htext25                                                   text25       000000
__Htext26                                                   text26       000000
__Htext27                                                   text27       000000
__Htext28                                                   text28       000000
__Htext29                                                   text29       000000
__Htext3                                                    text3        000000
__Htext30                                                   text30       000000
__Htext31                                                   text31       000000
__Htext32                                                   text32       000000
__Htext33                                                   text33       000000
__Htext34                                                   text34       000000
__Htext35                                                   text35       000000
__Htext36                                                   text36       000000
__Htext37                                                   text37       000000
__Htext38                                                   text38       000000
__Htext39                                                   text39       000000
__Htext4                                                    text4        000000
__Htext40                                                   text40       000000
__Htext41                                                   text41       000000
__Htext42                                                   text42       000000
__Htext43                                                   text43       000000
__Htext44                                                   text44       000000
__Htext45                                                   text45       000000
__Htext46                                                   text46       000000
__Htext47                                                   text47       000000
__Htext48                                                   text48       000000
__Htext49                                                   text49       000000
__Htext5                                                    text5        000000
__Htext50                                                   text50       000000
__Htext51                                                   text51       000000
__Htext52                                                   text52       000000
__Htext53                                                   text53       000000
__Htext54                                                   text54       000000
__Htext55                                                   text55       000000
__Htext56                                                   text56       000000
__Htext57                                                   text57       000000
__Htext58                                                   text58       000000
__Htext59                                                   text59       000000
__Htext6                                                    text6        000000
__Htext60                                                   text60       000000
__Htext61                                                   text61       000000
__Htext62                                                   text62       000000
__Htext63                                                   text63       000000
__Htext64                                                   text64       000000
__Htext65                                                   text65       000000
__Htext66                                                   text66       000000
__Htext67                                                   text67       000000
__Htext68                                                   text68       000000
__Htext69                                                   text69       000000
__Htext7                                                    text7        000000
__Htext70                                                   text70       000000
__Htext71                                                   text71       000000
__Htext72                                                   text72       000000
__Htext73                                                   text73       000000
__Htext74                                                   text74       000000
__Htext75                                                   text75       000000
__Htext76                                                   text76       000000
__Htext77                                                   text77       000000
__Htext78                                                   text78       000000
__Htext79                                                   text79       000000
__Htext8                                                    text8        000000
__Htext80                                                   text80       000000
__Htext81                                                   text81       000000
__Htext82                                                   text82       000000
__Htext83                                                   text83       000000
__Htext84                                                   text84       000000
__Htext85                                                   text85       000000
__Htext86                                                   text86       000000
__Htext87                                                   text87       000000
__Htext88                                                   text88       000000
__Htext89                                                   text89       000000
__Htext9                                                    text9        000000
__Htext90                                                   text90       000000
__Htext91                                                   text91       000000
__Htext93                                                   text93       000000
__Htext94                                                   text94       000000
__Htext95                                                   text95       000000
__Htext96                                                   text96       000000
__Htext97                                                   text97       000000
__LRAM                                                      (abs)        000001
__Labs1                                                     abs1         000000
__Lbank0                                                    bank0        000000
__Lbank1                                                    bank1        000000
__Lbank2                                                    bank2        000000
__Lbank3                                                    bank3        000000
__Lbank4                                                    bank4        000000
__Lbank5                                                    bank5        000000
__Lbank6                                                    bank6        000000
__Lbank7                                                    bank7        000000
__Lbigbss                                                   bigbss       000000
__Lbigdata                                                  bigdata      000000
__Lbigram                                                   bigram       000000
__Lbss                                                      bss          000000
__LbssBANK1                                                 bssBANK1     000000
__LbssBANK2                                                 bssBANK2     000000
__LbssBANK3                                                 bssBANK3     000000
__LbssCOMRAM                                                bssCOMRAM    000000
__Lcinit                                                    cinit        000000
__Lclrtext                                                  clrtext      000000
__Lcomram                                                   comram       000000
__Lconfig                                                   config       300000
__Lconst                                                    const        000000
__LcstackBANK0                                              cstackBANK0  000000
__LcstackBANK1                                              cstackBANK1  000000
__LcstackBANK3                                              cstackBANK3  000000
__LcstackCOMRAM                                             cstackCOMRAM 000000
__Ldata                                                     data         000000
__LdataBANK2                                                dataBANK2    000000
__LdataCOMRAM                                               dataCOMRAM   000000
__Leeprom_data                                              eeprom_data  000000
__Lfarbss                                                   farbss       000000
__Lfardata                                                  fardata      000000
__Libigdata                                                 ibigdata     000000
__Lidata                                                    idata        000000
__LidataBANK2                                               idataBANK2   000000
__LidataCOMRAM                                              idataCOMRAM  000000
__Lidloc                                                    idloc        200000
__Lifardata                                                 ifardata     000000
__Linit                                                     init         0000C4
__Lintcode                                                  intcode      000008
__Lintcode_body                                             intcode_body 000000
__Lintcodelo                                                intcodelo    0000C4
__Lintentry                                                 intentry     000000
__Lintret                                                   intret       000000
__Lintsave_regs                                             intsave_regs 000000
__Lirdata                                                   irdata       000000
__Lmediumconst                                              mediumconst  007C84
__LnvFARRAM                                                 nvFARRAM     000000
__Lnvbit                                                    nvbit        000000
__Lnvrram                                                   nvrram       000000
__Lparam                                                    rparam       000000
__Lpowerup                                                  powerup      0000C4
__Lram                                                      ram          000000
__Lramtop                                                   ramtop       000800
__Lrbit                                                     rbit         000000
__Lrbss                                                     rbss         000000
__Lrdata                                                    rdata        000000
__Lreset_vec                                                reset_vec    000000
__Lrparam                                                   rparam       000000
__Lsfr                                                      sfr          000000
__Lsmallconst                                               smallconst   000000
__Lspace_0                                                  (abs)        000000
__Lspace_1                                                  (abs)        000000
__Lspace_2                                                  (abs)        000000
__Lstack                                                    stack        000000
__Lstruct                                                   struct       000000
__Ltemp                                                     temp         00004F
__Ltext                                                     text         000000
__Ltext0                                                    text0        000000
__Ltext1                                                    text1        000000
__Ltext10                                                   text10       000000
__Ltext11                                                   text11       000000
__Ltext12                                                   text12       000000
__Ltext13                                                   text13       000000
__Ltext14                                                   text14       000000
__Ltext15                                                   text15       000000
__Ltext16                                                   text16       000000
__Ltext17                                                   text17       000000
__Ltext18                                                   text18       000000
__Ltext19                                                   text19       000000
__Ltext2                                                    text2        000000
__Ltext20                                                   text20       000000
__Ltext21                                                   text21       000000
__Ltext22                                                   text22       000000
__Ltext23                                                   text23       000000
__Ltext24                                                   text24       000000
__Ltext25                                                   text25       000000
__Ltext26                                                   text26       000000
__Ltext27                                                   text27       000000
__Ltext28                                                   text28       000000
__Ltext29                                                   text29       000000
__Ltext3                                                    text3        000000
__Ltext30                                                   text30       000000
__Ltext31                                                   text31       000000
__Ltext32                                                   text32       000000
__Ltext33                                                   text33       000000
__Ltext34                                                   text34       000000
__Ltext35                                                   text35       000000
__Ltext36                                                   text36       000000
__Ltext37                                                   text37       000000
__Ltext38                                                   text38       000000
__Ltext39                                                   text39       000000
__Ltext4                                                    text4        000000
__Ltext40                                                   text40       000000
__Ltext41                                                   text41       000000
__Ltext42                                                   text42       000000
__Ltext43                                                   text43       000000
__Ltext44                                                   text44       000000
__Ltext45                                                   text45       000000
__Ltext46                                                   text46       000000
__Ltext47                                                   text47       000000
__Ltext48                                                   text48       000000
__Ltext49                                                   text49       000000
__Ltext5                                                    text5        000000
__Ltext50                                                   text50       000000
__Ltext51                                                   text51       000000
__Ltext52                                                   text52       000000
__Ltext53                                                   text53       000000
__Ltext54                                                   text54       000000
__Ltext55                                                   text55       000000
__Ltext56                                                   text56       000000
__Ltext57                                                   text57       000000
__Ltext58                                                   text58       000000
__Ltext59                                                   text59       000000
__Ltext6                                                    text6        000000
__Ltext60                                                   text60       000000
__Ltext61                                                   text61       000000
__Ltext62                                                   text62       000000
__Ltext63                                                   text63       000000
__Ltext64                                                   text64       000000
__Ltext65                                                   text65       000000
__Ltext66                                                   text66       000000
__Ltext67                                                   text67       000000
__Ltext68                                                   text68       000000
__Ltext69                                                   text69       000000
__Ltext7                                                    text7        000000
__Ltext70                                                   text70       000000
__Ltext71                                                   text71       000000
__Ltext72                                                   text72       000000
__Ltext73                                                   text73       000000
__Ltext74                                                   text74       000000
__Ltext75                                                   text75       000000
__Ltext76                                                   text76       000000
__Ltext77                                                   text77       000000
__Ltext78                                                   text78       000000
__Ltext79                                                   text79       000000
__Ltext8                                                    text8        000000
__Ltext80                                                   text80       000000
__Ltext81                                                   text81       000000
__Ltext82                                                   text82       000000
__Ltext83                                                   text83       000000
__Ltext84                                                   text84       000000
__Ltext85                                                   text85       000000
__Ltext86                                                   text86       000000
__Ltext87                                                   text87       000000
__Ltext88                                                   text88       000000
__Ltext89                                                   text89       000000
__Ltext9                                                    text9        000000
__Ltext90                                                   text90       000000
__Ltext91                                                   text91       000000
__Ltext93                                                   text93       000000
__Ltext94                                                   text94       000000
__Ltext95                                                   text95       000000
__Ltext96                                                   text96       000000
__Ltext97                                                   text97       000000
__S0                                                        (abs)        30000E
__S1                                                        (abs)        0003A2
__S2                                                        (abs)        000000
___inthi_sp                                                 stack        000000
___intlo_sp                                                 stack        000000
___lldiv                                                    text24       00373C
___lldiv@counter                                            cstackBANK0  000072
___lldiv@dividend                                           cstackBANK0  000066
___lldiv@divisor                                            cstackBANK0  00006A
___lldiv@quotient                                           cstackBANK0  00006E
___llmod                                                    text23       003BFA
___llmod@counter                                            cstackBANK0  000068
___llmod@dividend                                           cstackBANK0  000060
___llmod@divisor                                            cstackBANK0  000064
___lwdiv                                                    text32       003EA0
___lwdiv@counter                                            cstackBANK0  000064
___lwdiv@dividend                                           cstackBANK0  000060
___lwdiv@divisor                                            cstackBANK0  000062
___lwdiv@quotient                                           cstackBANK0  000065
___lwmod                                                    text31       004072
___lwmod@counter                                            cstackBANK0  000064
___lwmod@dividend                                           cstackBANK0  000060
___lwmod@divisor                                            cstackBANK0  000062
___param_bank                                               (abs)        000000
___rparam_used                                              (abs)        000001
___sp                                                       stack        000000
___wmul                                                     text22       0043F6
___wmul@multiplicand                                        cstackBANK0  000062
___wmul@multiplier                                          cstackBANK0  000060
___wmul@product                                             cstackBANK0  000064
__accesstop                                                 (abs)        000060
__activetblptr                                              (abs)        000002
__end_of_ARP_checkForEntry                                  text12       003300
__end_of_ARP_getEntryFromTable                              text11       00434E
__end_of_ARP_handleNewPacket                                text25       002306
__end_of_ARP_initTable                                      text88       003D30
__end_of_ARP_parseFromRXBuffer                              text51       001742
__end_of_ARP_replyIfNeeded                                  text28       00299A
__end_of_ARP_send                                           text34       001DE2
__end_of_ARP_sendRequest                                    text10       003460
__end_of_ARP_setNewEntry                                    text91       002FF6
__end_of_ENC424J600_clearInterruptFlag                      text67       00373C
__end_of_ENC424J600_enableAutoMACInsertion                  text77       00446E
__end_of_ENC424J600_enableReception                         text75       004676
__end_of_ENC424J600_getInterruptFlags                       text64       00402E
__end_of_ENC424J600_getNextPacketPointer                    text58       004664
__end_of_ENC424J600_getPacketCount                          text82       0045F2
__end_of_ENC424J600_initSPI                                 text86       0045BE
__end_of_ENC424J600_readControlRegisterUnbanked             text83       004292
__end_of_ENC424J600_readPHYRegister                         text60       002BE2
__end_of_ENC424J600_readSPI                                 text85       003BFA
__end_of_ENC424J600_setERXDATAReadPointer                   text57       0041B2
__end_of_ENC424J600_setGPDATAWritePointer                   text44       004176
__end_of_ENC424J600_setNextPacketPointer                    text74       00466E
__end_of_ENC424J600_setRXBufferStartAddress                 text73       0043F6
__end_of_ENC424J600_setRXTailPointer                        text72       0043CC
__end_of_ENC424J600_setTXLength                             text49       0043A2
__end_of_ENC424J600_setTXStartAddress                       text48       004378
__end_of_ENC424J600_updateReceiveStatusVector               text16       001428
__end_of_ENC424J600_writeControlRegisterUnbanked            text78       00425C
__end_of_ENC424J600_writeSPI                                text84       003D94
__end_of_ENC424J600_writeSingleByte                         text76       00460A
__end_of_ISR                                                intcode      0000C4
__end_of_UARTInit                                           text87       00463E
__end_of_UARTTransmitInt                                    text20       00454A
__end_of_UARTTransmitText                                   text70       003E4C
__end_of___lldiv                                            text24       0037C0
__end_of___llmod                                            text23       003C62
__end_of___lwdiv                                            text32       003EF4
__end_of___lwmod                                            text31       0040B6
__end_of___wmul                                             text22       00441E
__end_of__initialization                                    cinit        003A28
__end_of_buttonHandler                                      text97       00359A
__end_of_checkForOverlap                                    text40       002F08
__end_of_checkForOverlapSwitched                            text41       0033B2
__end_of_entireMemoryEmpty                                  text39       004226
__end_of_entireMemoryFull                                   text38       0041EC
__end_of_etherTypeToString                                  text19       004072
__end_of_ethernetController_checkDeviceId                   text71       003FE2
__end_of_ethernetController_clearInterruptFlag              text66       00465A
__end_of_ethernetController_dropPacket                      text27       00324E
__end_of_ethernetController_getCurrentPacketCount           text81       00467C
__end_of_ethernetController_getDeviceName                   text80       004528
__end_of_ethernetController_getEtherTypeField               text18       003842
__end_of_ethernetController_getMacAddress                   text33       003B1E
__end_of_ethernetController_getNextPacketPointer            text17       00464C
__end_of_ethernetController_getRSV                          text15       003AAA
__end_of_ethernetController_getSiliconRevision              text79       004568
__end_of_ethernetController_getSourceMACAddress             text50       003942
__end_of_ethernetController_init                            text68       003B90
__end_of_ethernetController_newPacketAvailable              text65       00462E
__end_of_ethernetController_pollInterruptFlags              text63       002AC0
__end_of_ethernetController_sendPacket                      text46       004446
__end_of_ethernetController_setLEDConfiguration             text62       003628
__end_of_ethernetController_setLEDStatus                    text61       003DF6
__end_of_ethernetController_softReset                       text69       002872
__end_of_ethernetController_streamFromRXBuffer              text56       002480
__end_of_ethernetController_streamToTransmitBuffer          text45       003CCA
__end_of_ethernetController_updateLinkStatus                text59       0036B2
__end_of_ethernetController_writeDestinationMACAddress      text43       0038C2
__end_of_ethernetController_writeEtherTypeFieldToBuffer     text42       003F94
__end_of_ethernet_rxGetNewFrame                             text13       000A04
__end_of_ethernet_txFrameRequest                            text36       0030DA
__end_of_getSeconds                                         text26       00461C
__end_of_handleStackBackgroundTasks                         text8        002164
__end_of_intToString                                        text21       001A08
__end_of_ipAdressToString                                   text30       001BF6
__end_of_ipv4_calculateHeaderChecksum                       text7        00110C
__end_of_ipv4_cmp                                           text55       00413A
__end_of_ipv4_handleNewPacket                               text14       0045A2
__end_of_ipv4_isAllZero                                     text54       0042F2
__end_of_ipv4_sendFrame                                     text9        001FBA
__end_of_ipv4_setToAllZero                                  text90       004586
__end_of_ipv4_streamToTransmissionBuffer                    text6        003EA0
__end_of_ipv4_txFrameRequest                                text5        002734
__end_of_ipv4_writeHeaderIntoBuffer                         text4        0025EE
__end_of_macToString                                        text29       002E00
__end_of_mac_cmp                                            text53       0040F8
__end_of_mac_isAllZero                                      text52       0042C2
__end_of_mac_setAllZero                                     text89       0044BA
__end_of_mac_setToBroadcast                                 text35       004494
__end_of_main                                               text0        000D98
[...]
      Totals:         0       0       0       0       0       0       0       0       0
Total ram usage:        0 bytes
 Hardware stack levels used:    1
 Hardware stack levels required when called:    4
 This function calls:
		Nothing
 This function is called by:
		_main
 This function uses a non-reentrant model


 *************** function _ARP_initTable *****************
 Defined at:
		line 268 in file "src/stack/protocols/arp.c"
 Parameters:    Size  Location     Type
		None
 Auto vars:     Size  Location     Type
  i               1   38[BANK0 ] unsigned char 
  mac             6   28[BANK0 ] struct macaddress
  ip              4   34[BANK0 ] struct ipv4_address
 Return value:  Size  Location     Type
                  1    wreg      void 
 Registers used:
		wreg, fsr0l, fsr0h, fsr1l, fsr1h, fsr2l, fsr2h, status,2, status,0, prodl, prodh, cstack
 Tracked objects:
		On entry : 
		On exit  : 
		Unchanged: 
 Data sizes:     COMRAM   BANK0   BANK1   BANK2   BANK3   BANK4   BANK5   BANK6   BANK7
      Params:         0       0       0       0       0       0       0       0       0
      Locals:         0      11       0       0       0       0       0       0       0
      Temps:          0       0       0       0       0       0       0       0       0
      Totals:         0      11       0       0       0       0       0       0       0
Total ram usage:       11 bytes
 Hardware stack levels used:    1
 Hardware stack levels required when called:    5
 This function calls:
		_ARP_setNewEntry
		_ipv4_setToAllZero
		_mac_setAllZero
 This function is called by:
		_main
 This function uses a non-reentrant model


 *************** function _mac_setAllZero *****************
 Defined at:
		line 47 in file "src/eth/mac.c"
 Parameters:    Size  Location     Type
  mac             2    0[BANK0 ] PTR struct macaddress
		 -> ARP_initTable@mac(6), 
 Auto vars:     Size  Location     Type
  i               1    2[BANK0 ] unsigned char 
 Return value:  Size  Location     Type
                  1    wreg      void 
 Registers used:
		wreg, fsr2l, fsr2h, status,2, status,0, prodl, prodh
 Tracked objects:
		On entry : 
		On exit  : 
		Unchanged: 
 Data sizes:     COMRAM   BANK0   BANK1   BANK2   BANK3   BANK4   BANK5   BANK6   BANK7
      Params:         0       2       0       0       0       0       0       0       0
      Locals:         0       1       0       0       0       0       0       0       0
      Temps:          0       0       0       0       0       0       0       0       0
      Totals:         0       3       0       0       0       0       0       0       0
Total ram usage:        3 bytes
 Hardware stack levels used:    1
 Hardware stack levels required when called:    4
 This function calls:
		Nothing
 This function is called by:
		_ARP_initTable
 This function uses a non-reentrant model


 *************** function _ipv4_setToAllZero *****************
 Defined at:
		line 186 in file "src/stack/protocols/ipv4.c"
 Parameters:    Size  Location     Type
  ip              2    0[BANK0 ] PTR struct ipv4_address
		 -> ARP_initTable@ip(4), 
 Auto vars:     Size  Location     Type
  i               1    2[BANK0 ] unsigned char 
 Return value:  Size  Location     Type
                  1    wreg      void 
 Registers used:
		wreg, fsr2l, fsr2h, status,2, status,0
 Tracked objects:
		On entry : 
		On exit  : 
		Unchanged: 
 Data sizes:     COMRAM   BANK0   BANK1   BANK2   BANK3   BANK4   BANK5   BANK6   BANK7
      Params:         0       2       0       0       0       0       0       0       0
      Locals:         0       1       0       0       0       0       0       0       0
      Temps:          0       0       0       0       0       0       0       0       0
      Totals:         0       3       0       0       0       0       0       0       0
Total ram usage:        3 bytes
 Hardware stack levels used:    1
 Hardware stack levels required when called:    4
 This function calls:
		Nothing
 This function is called by:
		_ARP_initTable
 This function uses a non-reentrant model


 *************** function _ARP_setNewEntry *****************
 Defined at:
		line 252 in file "src/stack/protocols/arp.c"
 Parameters:    Size  Location     Type
  mac             6    4[BANK0 ] struct macaddress
  ip              4   10[BANK0 ] struct ipv4_address
  timestamp       4   14[BANK0 ] unsigned long 
 Auto vars:     Size  Location     Type
  i               1   27[BANK0 ] unsigned char 
  maxSeconds      4   22[BANK0 ] unsigned long 
  oldestIndex     1   26[BANK0 ] unsigned char 
 Return value:  Size  Location     Type
                  1    wreg      void 
 Registers used:
		wreg, fsr1l, fsr1h, fsr2l, fsr2h, status,2, status,0, prodl, prodh
 Tracked objects:
		On entry : 
		On exit  : 
		Unchanged: 
 Data sizes:     COMRAM   BANK0   BANK1   BANK2   BANK3   BANK4   BANK5   BANK6   BANK7
      Params:         0      14       0       0       0       0       0       0       0
      Locals:         0       6       0       0       0       0       0       0       0
      Temps:          0       4       0       0       0       0       0       0       0
      Totals:         0      24       0       0       0       0       0       0       0
Total ram usage:       24 bytes
 Hardware stack levels used:    1
 Hardware stack levels required when called:    4
 This function calls:
		Nothing
 This function is called by:
		_ARP_handleNewPacket
		_ARP_initTable
 This function uses a non-reentrant model


 *************** function _ISR *****************
 Defined at:
		line 265 in file "src/system/main.c"
 Parameters:    Size  Location     Type
		None
 Auto vars:     Size  Location     Type
		None
 Return value:  Size  Location     Type
                  1    wreg      void 
 Registers used:
		wreg, fsr2l, fsr2h, status,2, status,0, prodl, prodh, cstack
 Tracked objects:
		On entry : 
		On exit  : 
		Unchanged: 
 Data sizes:     COMRAM   BANK0   BANK1   BANK2   BANK3   BANK4   BANK5   BANK6   BANK7
      Params:         0       0       0       0       0       0       0       0       0
      Locals:         0       0       0       0       0       0       0       0       0
      Temps:         18       0       0       0       0       0       0       0       0
      Totals:        18       0       0       0       0       0       0       0       0
Total ram usage:       18 bytes
 Hardware stack levels used:    1
 Hardware stack levels required when called:    3
 This function calls:
		_buttonHandler
		_sevenSegmentUpdate
		_updateSeconds
 This function is called by:
		Interrupt level 2
 This function uses a non-reentrant model


 *************** function _updateSeconds *****************
 Defined at:
		line 28 in file "src/stack/stack.c"
 Parameters:    Size  Location     Type
		None
 Auto vars:     Size  Location     Type
		None
 Return value:  Size  Location     Type
                  1    wreg      void 
 Registers used:
		wreg, status,2, status,0
 Tracked objects:
		On entry : 
		On exit  : 
		Unchanged: 
 Data sizes:     COMRAM   BANK0   BANK1   BANK2   BANK3   BANK4   BANK5   BANK6   BANK7
      Params:         0       0       0       0       0       0       0       0       0
      Locals:         0       0       0       0       0       0       0       0       0
      Temps:          0       0       0       0       0       0       0       0       0
      Totals:         0       0       0       0       0       0       0       0       0
Total ram usage:        0 bytes
 Hardware stack levels used:    1
 This function calls:
		Nothing
 This function is called by:
		_ISR
 This function uses a non-reentrant model


 *************** function _sevenSegmentUpdate *****************
 Defined at:
		line 41 in file "src/system/sevenseg.c"
 Parameters:    Size  Location     Type
  numberToDisp    2   14[COMRAM] unsigned int 
 Auto vars:     Size  Location     Type
  i               1   20[COMRAM] unsigned char 
 Return value:  Size  Location     Type
                  1    wreg      void 
 Registers used:
		wreg, fsr2l, fsr2h, status,2, status,0, prodl, prodh, cstack
 Tracked objects:
		On entry : 
		On exit  : 
		Unchanged: 
 Data sizes:     COMRAM   BANK0   BANK1   BANK2   BANK3   BANK4   BANK5   BANK6   BANK7
      Params:         2       0       0       0       0       0       0       0       0
      Locals:         3       0       0       0       0       0       0       0       0
      Temps:          2       0       0       0       0       0       0       0       0
      Totals:         7       0       0       0       0       0       0       0       0
Total ram usage:        7 bytes
 Hardware stack levels used:    1
 Hardware stack levels required when called:    2
 This function calls:
		_parseNumber
 This function is called by:
		_ISR
 This function uses a non-reentrant model


 *************** function _parseNumber *****************
 Defined at:
		line 59 in file "src/system/sevenseg.c"
 Parameters:    Size  Location     Type
  numberToDisp    2    7[COMRAM] unsigned int 
  digit           1    9[COMRAM] unsigned char 
 Auto vars:     Size  Location     Type
  hundreds        1   13[COMRAM] unsigned char 
  tens            1   12[COMRAM] unsigned char 
  ones            1   11[COMRAM] unsigned char 
 Return value:  Size  Location     Type
                  1    wreg      unsigned char 
 Registers used:
		wreg, status,2, status,0, prodl, prodh, cstack
 Tracked objects:
		On entry : 
		On exit  : 
		Unchanged: 
 Data sizes:     COMRAM   BANK0   BANK1   BANK2   BANK3   BANK4   BANK5   BANK6   BANK7
      Params:         3       0       0       0       0       0       0       0       0
      Locals:         3       0       0       0       0       0       0       0       0
      Temps:          1       0       0       0       0       0       0       0       0
      Totals:         7       0       0       0       0       0       0       0       0
Total ram usage:        7 bytes
 Hardware stack levels used:    1
 Hardware stack levels required when called:    1
 This function calls:
		i2___lwdiv
 This function is called by:
		_sevenSegmentUpdate
 This function uses a non-reentrant model


 *************** function i2___lwdiv *****************
 Defined at:
		line 8 in file "C:\Program Files (x86)\Microchip\xc8\v1.45\sources\common\lwdiv.c"
 Parameters:    Size  Location     Type
  dividend        2    0[COMRAM] unsigned int 
  divisor         2    2[COMRAM] unsigned int 
 Auto vars:     Size  Location     Type
  __lwdiv         2    4[COMRAM] unsigned int 
  __lwdiv         1    6[COMRAM] unsigned char 
 Return value:  Size  Location     Type
                  2    0[COMRAM] unsigned int 
 Registers used:
		wreg, status,2, status,0
 Tracked objects:
		On entry : 
		On exit  : 
		Unchanged: 
 Data sizes:     COMRAM   BANK0   BANK1   BANK2   BANK3   BANK4   BANK5   BANK6   BANK7
      Params:         4       0       0       0       0       0       0       0       0
      Locals:         3       0       0       0       0       0       0       0       0
      Temps:          0       0       0       0       0       0       0       0       0
      Totals:         7       0       0       0       0       0       0       0       0
Total ram usage:        7 bytes
 Hardware stack levels used:    1
 This function calls:
		Nothing
 This function is called by:
		_parseNumber
 This function uses a non-reentrant model


 *************** function _buttonHandler *****************
 Defined at:
		line 244 in file "src/system/main.c"
 Parameters:    Size  Location     Type
  state           2    0[COMRAM] PTR volatile unsigned ch
		 -> buttonState(1), 
 Auto vars:     Size  Location     Type
  debounceValu    4    2[COMRAM] const unsigned long 
 Return value:  Size  Location     Type
                  1    wreg      void 
 Registers used:
		wreg, fsr2l, fsr2h, status,2, status,0
 Tracked objects:
		On entry : 
		On exit  : 
		Unchanged: 
 Data sizes:     COMRAM   BANK0   BANK1   BANK2   BANK3   BANK4   BANK5   BANK6   BANK7
      Params:         2       0       0       0       0       0       0       0       0
      Locals:         4       0       0       0       0       0       0       0       0
      Temps:          0       0       0       0       0       0       0       0       0
      Totals:         6       0       0       0       0       0       0       0       0
Total ram usage:        6 bytes
 Hardware stack levels used:    1
 This function calls:
		Nothing
 This function is called by:
		_ISR
 This function uses a non-reentrant model



MODULE INFORMATION

Module		Function		Class		Link	Load	Size
src/stack/protocols/ipv4.c
		_ipv4_isAllZero		CODE           	42C2	0000	49
		_ipv4_streamToTransmissionBuffer		CODE           	3E4C	0000	85
		_ipv4_writeHeaderIntoBuffer		CODE           	2480	0000	367
		_ipv4_calculateHeaderChecksum		CODE           	0D98	0000	885
		_ipv4_cmp      		CODE           	40F8	0000	67
		_ipv4_txFrameRequest		CODE           	25EE	0000	327
		_ipv4_handleNewPacket		CODE           	4586	0000	29
		_ipv4_sendFrame		CODE           	1DE2	0000	473
		_ipv4_setToAllZero		CODE           	4568	0000	31

src/stack/protocols/ipv4.c estimated size: 2313

src/eth/ethernet.c
		_ethernet_rxGetNewFrame		CODE           	05A2	0000	1123
		_ethernet_txFrameRequest		CODE           	2FF6	0000	229

src/eth/ethernet.c estimated size: 1352

C:\Program Files (x86)\Microchip\xc8\v1.45\sources\common\Umul16.c
		___wmul        		CODE           	43F6	0000	41

C:\Program Files (x86)\Microchip\xc8\v1.45\sources\common\Umul16.c estimated size: 41

src/system/main.c
		_printErrorMessage		CODE           	2BE2	0000	279
		_ISR           		CODE           	0008	0000	189
		_buttonHandler 		CODE           	3502	0000	153
		_main          		CODE           	0A04	0000	917
		_printEthernetState		CODE           	3460	0000	163

src/system/main.c estimated size: 1701

src/mem/memoryController.c
		_entireMemoryFull		CODE           	41B2	0000	59
		_memory_txFrameRequest		CODE           	00C8	0000	1243
		_memory_txFrameClear		CODE           	44E0	0000	37
		_entireMemoryEmpty		CODE           	41EC	0000	59
		_checkForOverlapSwitched		CODE           	3300	0000	179
		_checkForOverlap		CODE           	2E00	0000	265

src/mem/memoryController.c estimated size: 1842

C:\Program Files (x86)\Microchip\xc8\v1.45\sources\common\lwmod.c
		___lwmod       		CODE           	4072	0000	69

C:\Program Files (x86)\Microchip\xc8\v1.45\sources\common\lwmod.c estimated size: 69

C:\Program Files (x86)\Microchip\xc8\v1.45\sources\common\llmod.c
		___llmod       		CODE           	3BFA	0000	105

C:\Program Files (x86)\Microchip\xc8\v1.45\sources\common\llmod.c estimated size: 105

src/system/uart.c
		_UARTTransmitInt		CODE           	4528	0000	35
		_intToString   		CODE           	1742	0000	711
		_macToString   		CODE           	2CF8	0000	265
		_ipAdressToString		CODE           	1A08	0000	495
		_UARTTransmitText		CODE           	3DF6	0000	87
		_UARTInit      		CODE           	462E	0000	17
		_etherTypeToString		CODE           	402E	0000	69

src/system/uart.c estimated size: 1679

src/stack/stack.c
		_getSeconds    		CODE           	460A	0000	19
		_updateSeconds 		CODE           	44BA	0000	39

src/stack/stack.c estimated size: 58

shared
		ethernetController_getDeviceName@F5835		MEDIUMCONST    	7C85	0000	12
		i2___lwdiv     		CODE           	3EF4	0000	83
		__initialization		CODE           	39C0	0000	105

shared estimated size: 200

src/system/sevenseg.c
		_sevenSegmentInit		CODE           	45BE	0000	27
		_sevenSegmentUpdate		CODE           	30DA	0000	191
		_parseNumber   		CODE           	3942	0000	127

src/system/sevenseg.c estimated size: 345

src/stack/protocols/arp.c
		_ARP_setNewEntry		CODE           	2F08	0000	239
		_ARP_parseFromRXBuffer		CODE           	1428	0000	795
		_ARP_send      		CODE           	1BF6	0000	493
		_ARP_initTable 		CODE           	3CCA	0000	103
		_ARP_handleNewPacket		CODE           	2164	0000	419
		_ARP_getEntryFromTable		CODE           	4320	0000	47
		_ARP_replyIfNeeded		CODE           	2872	0000	297
		_ARP_checkForEntry		CODE           	324E	0000	179
		_ARP_sendRequest		CODE           	33B2	0000	175

src/stack/protocols/arp.c estimated size: 2747

C:\Program Files (x86)\Microchip\xc8\v1.45\sources\common\lwdiv.c
		___lwdiv       		CODE           	3EA0	0000	85

C:\Program Files (x86)\Microchip\xc8\v1.45\sources\common\lwdiv.c estimated size: 85

src/eth/mac.c
		_mac_isAllZero 		CODE           	4292	0000	49
		_mac_cmp       		CODE           	40B6	0000	67
		_mac_setAllZero		CODE           	4494	0000	39
		_mac_setToBroadcast		CODE           	446E	0000	39

src/eth/mac.c estimated size: 194

src/stack/backgroundTasks.c
		_handleStackBackgroundTasks		CODE           	1FBA	0000	427

src/stack/backgroundTasks.c estimated size: 427

C:\Program Files (x86)\Microchip\xc8\v1.45\sources\common\lldiv.c
		___lldiv       		CODE           	373C	0000	133

C:\Program Files (x86)\Microchip\xc8\v1.45\sources\common\lldiv.c estimated size: 133

src/enc424j600/ENC424J600.c
		_ethernetController_streamFromRXBuffer		CODE           	2306	0000	379
		_ENC424J600_readPHYRegister		CODE           	2AC0	0000	291
		_ENC424J600_setGPDATAWritePointer		CODE           	413A	0000	61
		_ethernetController_getRSV		CODE           	3A36	0000	117
		_ENC424J600_readControlRegisterUnbanked		CODE           	425C	0000	55
		_ENC424J600_setRXBufferStartAddress		CODE           	43CC	0000	43
		_ethernetController_dropPacket		CODE           	3198	0000	183
		_ENC424J600_writeSPI		CODE           	3D30	0000	101
		_ENC424J600_getPacketCount		CODE           	45D8	0000	27
		_ENC424J600_writeControlRegisterUnbanked		CODE           	4226	0000	55
		_ENC424J600_setRXTailPointer		CODE           	43A2	0000	43
		_ethernetController_writeEtherTypeFieldToBuffer		CODE           	3F46	0000	79
		_ethernetController_init		CODE           	3B1E	0000	115
		_ethernetController_setLEDConfiguration		CODE           	359A	0000	143
		_ethernetController_writeDestinationMACAddress		CODE           	3842	0000	129
		_ethernetController_softReset		CODE           	2734	0000	319
		_ENC424J600_enableAutoMACInsertion		CODE           	4446	0000	41
		_ethernetController_getSiliconRevision		CODE           	454A	0000	31
		_ENC424J600_setTXLength		CODE           	4378	0000	43
		_ethernetController_getDeviceName		CODE           	4504	0000	37
		_ethernetController_newPacketAvailable		CODE           	461C	0000	19
		_ethernetController_sendPacket		CODE           	441E	0000	41
		_ethernetController_setLEDStatus		CODE           	3D94	0000	99
		_ethernetController_getEtherTypeField		CODE           	37C0	0000	131
		_ENC424J600_setERXDATAReadPointer		CODE           	4176	0000	61
		_ENC424J600_readSPI		CODE           	3B90	0000	107
		_ENC424J600_clearInterruptFlag		CODE           	36B2	0000	139
		_ethernetController_getSourceMACAddress		CODE           	38C2	0000	129
		_ENC424J600_initSPI		CODE           	45A2	0000	29
		_ethernetController_streamToTransmitBuffer		CODE           	3C62	0000	105
		_ENC424J600_getNextPacketPointer		CODE           	465A	0000	11
		_ENC424J600_setNextPacketPointer		CODE           	4664	0000	11
		_ethernetController_clearInterruptFlag		CODE           	464C	0000	15
		_ENC424J600_setTXStartAddress		CODE           	434E	0000	43
		_ENC424J600_enableReception		CODE           	466E	0000	9
		_ethernetController_updateLinkStatus		CODE           	3628	0000	139
		_ethernetController_checkDeviceId		CODE           	3F94	0000	79
		_ethernetController_pollInterruptFlags		CODE           	299A	0000	295
		_ethernetController_getMacAddress		CODE           	3AAA	0000	117
		_ethernetController_getNextPacketPointer		CODE           	463E	0000	15
		_ENC424J600_writeSingleByte		CODE           	45F2	0000	25
		_ethernetController_getCurrentPacketCount		CODE           	4676	0000	7
		_ENC424J600_getInterruptFlags		CODE           	3FE2	0000	77
		_ENC424J600_updateReceiveStatusVector		CODE           	110C	0000	797

src/enc424j600/ENC424J600.c estimated size: 4792

